Archive member included to satisfy reference by file (symbol)

c:/program files (x86)/atmel/studio/7.0/toolchain/arm/arm-gnu-toolchain/bin/../lib/gcc/arm-none-eabi/6.3.1/thumb/v7e-m\libgcc.a(_arm_addsubdf3.o)
                              src/main.o (__aeabi_i2d)
c:/program files (x86)/atmel/studio/7.0/toolchain/arm/arm-gnu-toolchain/bin/../lib/gcc/arm-none-eabi/6.3.1/thumb/v7e-m\libgcc.a(_arm_muldivdf3.o)
                              src/main.o (__aeabi_dmul)
c:/program files (x86)/atmel/studio/7.0/toolchain/arm/arm-gnu-toolchain/bin/../lib/gcc/arm-none-eabi/6.3.1/thumb/v7e-m\libgcc.a(_arm_fixdfsi.o)
                              src/main.o (__aeabi_d2iz)
c:/program files (x86)/atmel/studio/7.0/toolchain/arm/arm-gnu-toolchain/bin/../lib/gcc/arm-none-eabi/6.3.1/../../../../arm-none-eabi/lib/thumb/v7e-m\libc.a(lib_a-exit.o)
                              c:/program files (x86)/atmel/studio/7.0/toolchain/arm/arm-gnu-toolchain/bin/../lib/gcc/arm-none-eabi/6.3.1/../../../../arm-none-eabi/lib/thumb/v7e-m/crt0.o (exit)
c:/program files (x86)/atmel/studio/7.0/toolchain/arm/arm-gnu-toolchain/bin/../lib/gcc/arm-none-eabi/6.3.1/../../../../arm-none-eabi/lib/thumb/v7e-m\libc.a(lib_a-impure.o)
                              c:/program files (x86)/atmel/studio/7.0/toolchain/arm/arm-gnu-toolchain/bin/../lib/gcc/arm-none-eabi/6.3.1/../../../../arm-none-eabi/lib/thumb/v7e-m\libc.a(lib_a-exit.o) (_global_impure_ptr)
c:/program files (x86)/atmel/studio/7.0/toolchain/arm/arm-gnu-toolchain/bin/../lib/gcc/arm-none-eabi/6.3.1/../../../../arm-none-eabi/lib/thumb/v7e-m\libc.a(lib_a-init.o)
                              c:/program files (x86)/atmel/studio/7.0/toolchain/arm/arm-gnu-toolchain/bin/../lib/gcc/arm-none-eabi/6.3.1/../../../../arm-none-eabi/lib/thumb/v7e-m/crt0.o (__libc_init_array)
c:/program files (x86)/atmel/studio/7.0/toolchain/arm/arm-gnu-toolchain/bin/../lib/gcc/arm-none-eabi/6.3.1/../../../../arm-none-eabi/lib/thumb/v7e-m\libc.a(lib_a-memset.o)
                              c:/program files (x86)/atmel/studio/7.0/toolchain/arm/arm-gnu-toolchain/bin/../lib/gcc/arm-none-eabi/6.3.1/../../../../arm-none-eabi/lib/thumb/v7e-m/crt0.o (memset)
c:/program files (x86)/atmel/studio/7.0/toolchain/arm/arm-gnu-toolchain/bin/../lib/gcc/arm-none-eabi/6.3.1/../../../../arm-none-eabi/lib/thumb/v7e-m\libc.a(lib_a-sprintf.o)
                              src/main.o (sprintf)
c:/program files (x86)/atmel/studio/7.0/toolchain/arm/arm-gnu-toolchain/bin/../lib/gcc/arm-none-eabi/6.3.1/../../../../arm-none-eabi/lib/thumb/v7e-m\libc.a(lib_a-svfprintf.o)
                              c:/program files (x86)/atmel/studio/7.0/toolchain/arm/arm-gnu-toolchain/bin/../lib/gcc/arm-none-eabi/6.3.1/../../../../arm-none-eabi/lib/thumb/v7e-m\libc.a(lib_a-sprintf.o) (_svfprintf_r)
c:/program files (x86)/atmel/studio/7.0/toolchain/arm/arm-gnu-toolchain/bin/../lib/gcc/arm-none-eabi/6.3.1/../../../../arm-none-eabi/lib/thumb/v7e-m\libc.a(lib_a-__call_atexit.o)
                              c:/program files (x86)/atmel/studio/7.0/toolchain/arm/arm-gnu-toolchain/bin/../lib/gcc/arm-none-eabi/6.3.1/../../../../arm-none-eabi/lib/thumb/v7e-m\libc.a(lib_a-exit.o) (__call_exitprocs)
c:/program files (x86)/atmel/studio/7.0/toolchain/arm/arm-gnu-toolchain/bin/../lib/gcc/arm-none-eabi/6.3.1/../../../../arm-none-eabi/lib/thumb/v7e-m\libc.a(lib_a-atexit.o)
                              c:/program files (x86)/atmel/studio/7.0/toolchain/arm/arm-gnu-toolchain/bin/../lib/gcc/arm-none-eabi/6.3.1/../../../../arm-none-eabi/lib/thumb/v7e-m\libc.a(lib_a-__call_atexit.o) (atexit)
c:/program files (x86)/atmel/studio/7.0/toolchain/arm/arm-gnu-toolchain/bin/../lib/gcc/arm-none-eabi/6.3.1/../../../../arm-none-eabi/lib/thumb/v7e-m\libc.a(lib_a-dtoa.o)
                              c:/program files (x86)/atmel/studio/7.0/toolchain/arm/arm-gnu-toolchain/bin/../lib/gcc/arm-none-eabi/6.3.1/../../../../arm-none-eabi/lib/thumb/v7e-m\libc.a(lib_a-svfprintf.o) (_dtoa_r)
c:/program files (x86)/atmel/studio/7.0/toolchain/arm/arm-gnu-toolchain/bin/../lib/gcc/arm-none-eabi/6.3.1/../../../../arm-none-eabi/lib/thumb/v7e-m\libc.a(lib_a-fini.o)
                              c:/program files (x86)/atmel/studio/7.0/toolchain/arm/arm-gnu-toolchain/bin/../lib/gcc/arm-none-eabi/6.3.1/../../../../arm-none-eabi/lib/thumb/v7e-m\libc.a(lib_a-__call_atexit.o) (__libc_fini_array)
c:/program files (x86)/atmel/studio/7.0/toolchain/arm/arm-gnu-toolchain/bin/../lib/gcc/arm-none-eabi/6.3.1/../../../../arm-none-eabi/lib/thumb/v7e-m\libc.a(lib_a-localeconv.o)
                              c:/program files (x86)/atmel/studio/7.0/toolchain/arm/arm-gnu-toolchain/bin/../lib/gcc/arm-none-eabi/6.3.1/../../../../arm-none-eabi/lib/thumb/v7e-m\libc.a(lib_a-svfprintf.o) (_localeconv_r)
c:/program files (x86)/atmel/studio/7.0/toolchain/arm/arm-gnu-toolchain/bin/../lib/gcc/arm-none-eabi/6.3.1/../../../../arm-none-eabi/lib/thumb/v7e-m\libc.a(lib_a-lock.o)
[...]
Memory Configuration

Name             Origin             Length             Attributes
rom              0x00400000         0x00200000         xr
ram              0x20400000         0x00060000         xrw
*default*        0x00000000         0xffffffff

Linker script and memory map

LOAD c:/program files (x86)/atmel/studio/7.0/toolchain/arm/arm-gnu-toolchain/bin/../lib/gcc/arm-none-eabi/6.3.1/thumb/v7e-m/crti.o
LOAD c:/program files (x86)/atmel/studio/7.0/toolchain/arm/arm-gnu-toolchain/bin/../lib/gcc/arm-none-eabi/6.3.1/thumb/v7e-m/crtbegin.o
LOAD c:/program files (x86)/atmel/studio/7.0/toolchain/arm/arm-gnu-toolchain/bin/../lib/gcc/arm-none-eabi/6.3.1/../../../../arm-none-eabi/lib/thumb/v7e-m/crt0.o
LOAD src/ASF/sam/drivers/rtt/rtt.o
LOAD src/main.o
LOAD src/ASF/common/services/delay/sam/cycle_counter.o
LOAD src/ASF/common/services/spi/sam_spi/spi_master.o
LOAD src/ASF/sam/components/display/ili9488/ili9488.o
LOAD src/ASF/sam/drivers/spi/spi.o
LOAD src/ASF/common/services/clock/same70/sysclk.o
LOAD src/ASF/common/utils/interrupt/interrupt_sam_nvic.o
LOAD src/ASF/sam/boards/same70_xplained/init.o
LOAD src/ASF/sam/drivers/mpu/mpu.o
LOAD src/ASF/sam/drivers/pio/pio.o
LOAD src/ASF/sam/drivers/pio/pio_handler.o
LOAD src/ASF/sam/drivers/pmc/pmc.o
LOAD src/ASF/sam/drivers/pmc/sleep.o
LOAD src/ASF/sam/utils/cmsis/same70/source/templates/gcc/startup_same70.o
LOAD src/ASF/sam/utils/cmsis/same70/source/templates/system_same70.o
LOAD src/ASF/sam/utils/syscalls/gcc/syscalls.o
START GROUP
LOAD ../src/ASF/thirdparty/CMSIS/Lib/GCC\libarm_cortexM7lfsp_math_softfp.a
LOAD c:/program files (x86)/atmel/studio/7.0/toolchain/arm/arm-gnu-toolchain/bin/../lib/gcc/arm-none-eabi/6.3.1/../../../../arm-none-eabi/lib/thumb/v7e-m\libm.a
END GROUP
START GROUP
LOAD c:/program files (x86)/atmel/studio/7.0/toolchain/arm/arm-gnu-toolchain/bin/../lib/gcc/arm-none-eabi/6.3.1/thumb/v7e-m\libgcc.a
LOAD c:/program files (x86)/atmel/studio/7.0/toolchain/arm/arm-gnu-toolchain/bin/../lib/gcc/arm-none-eabi/6.3.1/../../../../arm-none-eabi/lib/thumb/v7e-m\libc.a
END GROUP
LOAD c:/program files (x86)/atmel/studio/7.0/toolchain/arm/arm-gnu-toolchain/bin/../lib/gcc/arm-none-eabi/6.3.1/thumb/v7e-m/crtend.o
LOAD c:/program files (x86)/atmel/studio/7.0/toolchain/arm/arm-gnu-toolchain/bin/../lib/gcc/arm-none-eabi/6.3.1/thumb/v7e-m/crtn.o
                0x00002000                STACK_SIZE = DEFINED (STACK_SIZE)?STACK_SIZE:0x2000
                0x2045fffc                __ram_end__ = ((ORIGIN (ram) + LENGTH (ram)) - 0x4)
                0x00000200                HEAP_SIZE = DEFINED (HEAP_SIZE)?HEAP_SIZE:0x200

.text           0x00400000    0x4f93c
                0x00400000                . = ALIGN (0x4)
                0x00400000                _sfixed = .
 *(.vectors .vectors.*)
 .vectors       0x00400000      0x168 src/ASF/sam/utils/cmsis/same70/source/templates/gcc/startup_same70.o
                0x00400000                exception_table
 *(.text .text.* .gnu.linkonce.t.*)
 .text          0x00400168       0x6c c:/program files (x86)/atmel/studio/7.0/toolchain/arm/arm-gnu-toolchain/bin/../lib/gcc/arm-none-eabi/6.3.1/thumb/v7e-m/crtbegin.o
 .text.rtt_init
                0x004001d4       0x30 src/ASF/sam/drivers/rtt/rtt.o
                0x004001d4                rtt_init
 .text.rtt_sel_source
                0x00400204       0x58 src/ASF/sam/drivers/rtt/rtt.o
                0x00400204                rtt_sel_source
 .text.rtt_enable_interrupt
                0x0040025c       0x38 src/ASF/sam/drivers/rtt/rtt.o
                0x0040025c                rtt_enable_interrupt
 .text.rtt_disable_interrupt
                0x00400294       0x40 src/ASF/sam/drivers/rtt/rtt.o
                0x00400294                rtt_disable_interrupt
 .text.rtt_read_timer_value
                0x004002d4       0x2e src/ASF/sam/drivers/rtt/rtt.o
                0x004002d4                rtt_read_timer_value
 .text.rtt_get_status
                0x00400302       0x18 src/ASF/sam/drivers/rtt/rtt.o
                0x00400302                rtt_get_status
 *fill*         0x0040031a        0x2 
 .text.rtt_write_alarm_time
                0x0040031c       0x5c src/ASF/sam/drivers/rtt/rtt.o
                0x0040031c                rtt_write_alarm_time
 .text.NVIC_EnableIRQ
                0x00400378       0x34 src/main.o
 .text.NVIC_DisableIRQ
                0x004003ac       0x34 src/main.o
 .text.NVIC_ClearPendingIRQ
                0x004003e0       0x34 src/main.o
 .text.NVIC_SetPriority
                0x00400414       0x54 src/main.o
 .text.but3_callback
                0x00400468       0x2c src/main.o
                0x00400468                but3_callback
 *fill*         0x00400494        0x4 
 .text.RTT_Handler
                0x00400498       0xc4 src/main.o
                0x00400498                RTT_Handler
 .text.BUT_init
                0x0040055c       0x6c src/main.o
                0x0040055c                BUT_init
 .text.configure_lcd
                0x004005c8       0x4c src/main.o
                0x004005c8                configure_lcd
 .text.font_draw_text
                0x00400614       0x88 src/main.o
                0x00400614                font_draw_text
 .text.RTT_init
                0x0040069c       0x98 src/main.o
 .text.main     0x00400734      0x22c src/main.o
                0x00400734                main
 .text.osc_get_rate
                0x00400960       0x74 src/ASF/common/services/spi/sam_spi/spi_master.o
 .text.sysclk_get_main_hz
                0x004009d4       0x20 src/ASF/common/services/spi/sam_spi/spi_master.o
 .text.sysclk_get_peripheral_hz
                0x004009f4       0x14 src/ASF/common/services/spi/sam_spi/spi_master.o
 .text.spi_reset
                0x00400a08       0x1a src/ASF/common/services/spi/sam_spi/spi_master.o
 .text.spi_set_master_mode
                0x00400a22       0x20 src/ASF/common/services/spi/sam_spi/spi_master.o
 .text.spi_set_fixed_peripheral_select
                0x00400a42       0x20 src/ASF/common/services/spi/sam_spi/spi_master.o
 .text.spi_disable_peripheral_select_decode
                0x00400a62       0x20 src/ASF/common/services/spi/sam_spi/spi_master.o
 .text.spi_get_peripheral_select_decode_setting
                0x00400a82       0x26 src/ASF/common/services/spi/sam_spi/spi_master.o
 .text.spi_disable_mode_fault_detect
                0x00400aa8       0x20 src/ASF/common/services/spi/sam_spi/spi_master.o
 .text.spi_disable_loopback
                0x00400ac8       0x20 src/ASF/common/services/spi/sam_spi/spi_master.o
 .text.spi_put  0x00400ae8       0x1e src/ASF/common/services/spi/sam_spi/spi_master.o
 .text.spi_get  0x00400b06       0x1a src/ASF/common/services/spi/sam_spi/spi_master.o
 .text.spi_is_tx_ready
                0x00400b20       0x26 src/ASF/common/services/spi/sam_spi/spi_master.o
 .text.spi_is_rx_ready
                0x00400b46       0x2c src/ASF/common/services/spi/sam_spi/spi_master.o
 *fill*         0x00400b72        0x2 
 .text.spi_write_single
                0x00400b74       0x24 src/ASF/common/services/spi/sam_spi/spi_master.o
 .text.spi_read_single
                0x00400b98       0x24 src/ASF/common/services/spi/sam_spi/spi_master.o
 .text.spi_master_init
                0x00400bbc       0x70 src/ASF/common/services/spi/sam_spi/spi_master.o
                0x00400bbc                spi_master_init
 .text.spi_master_setup_device
                0x00400c2c       0xb4 src/ASF/common/services/spi/sam_spi/spi_master.o
                0x00400c2c                spi_master_setup_device
 .text.spi_select_device
                0x00400ce0       0x58 src/ASF/common/services/spi/sam_spi/spi_master.o
                0x00400ce0                spi_select_device
 .text.spi_write_packet
                0x00400d38       0x74 src/ASF/common/services/spi/sam_spi/spi_master.o
                0x00400d38                spi_write_packet
 .text.spi_read_packet
                0x00400dac       0xac src/ASF/common/services/spi/sam_spi/spi_master.o
                0x00400dac                spi_read_packet
 .text.spi_enable
                0x00400e58       0x1a src/ASF/sam/components/display/ili9488/ili9488.o
 .text.spi_enable_interrupt
                0x00400e72       0x1c src/ASF/sam/components/display/ili9488/ili9488.o
 *fill*         0x00400e8e        0x2 
 .text.ili9488_write_ram_prepare
                0x00400e90       0x40 src/ASF/sam/components/display/ili9488/ili9488.o
 .text.ili9488_write_ram_buffer
                0x00400ed0       0x40 src/ASF/sam/components/display/ili9488/ili9488.o
 .text.ili9488_write_register
                0x00400f10       0x78 src/ASF/sam/components/display/ili9488/ili9488.o
 .text.ili9488_read_chipid
                0x00400f88       0xcc src/ASF/sam/components/display/ili9488/ili9488.o
 .text.ili9488_delay
                0x00401054       0x40 src/ASF/sam/components/display/ili9488/ili9488.o
                0x00401054                ili9488_delay
 .text.ili9488_check_box_coordinates
                0x00401094       0xa2 src/ASF/sam/components/display/ili9488/ili9488.o
 *fill*         0x00401136        0x2 
 .text.ili9488_set_display_direction
                0x00401138       0x34 src/ASF/sam/components/display/ili9488/ili9488.o
                0x00401138                ili9488_set_display_direction
 .text.ili9488_set_window
                0x0040116c       0xc8 src/ASF/sam/components/display/ili9488/ili9488.o
                0x0040116c                ili9488_set_window
 .text.ili9488_init
                0x00401234      0x15c src/ASF/sam/components/display/ili9488/ili9488.o
                0x00401234                ili9488_init
 .text.ili9488_display_on
                0x00401390       0x18 src/ASF/sam/components/display/ili9488/ili9488.o
                0x00401390                ili9488_display_on
 .text.ili9488_set_foreground_color
                0x004013a8       0x54 src/ASF/sam/components/display/ili9488/ili9488.o
                0x004013a8                ili9488_set_foreground_color
 .text.ili9488_set_cursor_position
                0x004013fc       0x84 src/ASF/sam/components/display/ili9488/ili9488.o
                0x004013fc                ili9488_set_cursor_position
 .text.ili9488_draw_filled_rectangle
                0x00401480       0xdc src/ASF/sam/components/display/ili9488/ili9488.o
                0x00401480                ili9488_draw_filled_rectangle
 .text.ili9488_draw_pixmap
                0x0040155c       0xb4 src/ASF/sam/components/display/ili9488/ili9488.o
                0x0040155c                ili9488_draw_pixmap
 .text.spi_get_peripheral_select_mode
                0x00401610       0x26 src/ASF/sam/drivers/spi/spi.o
 *fill*         0x00401636        0x2 
 .text.sysclk_enable_peripheral_clock
                0x00401638       0x1c src/ASF/sam/drivers/spi/spi.o
 .text.spi_enable_clock
                0x00401654       0x3c src/ASF/sam/drivers/spi/spi.o
                0x00401654                spi_enable_clock
 .text.spi_set_peripheral_chip_select_value
                0x00401690       0x34 src/ASF/sam/drivers/spi/spi.o
                0x00401690                spi_set_peripheral_chip_select_value
 .text.spi_set_delay_between_chip_select
                0x004016c4       0x30 src/ASF/sam/drivers/spi/spi.o
                0x004016c4                spi_set_delay_between_chip_select
 .text.spi_write
                0x004016f4       0x80 src/ASF/sam/drivers/spi/spi.o
                0x004016f4                spi_write
 .text.spi_set_clock_polarity
                0x00401774       0x50 src/ASF/sam/drivers/spi/spi.o
                0x00401774                spi_set_clock_polarity
 .text.spi_set_clock_phase
                0x004017c4       0x50 src/ASF/sam/drivers/spi/spi.o
                0x004017c4                spi_set_clock_phase
 .text.spi_configure_cs_behavior
                0x00401814       0xa6 src/ASF/sam/drivers/spi/spi.o
                0x00401814                spi_configure_cs_behavior
 .text.spi_set_bits_per_transfer
                0x004018ba       0x4a src/ASF/sam/drivers/spi/spi.o
                0x004018ba                spi_set_bits_per_transfer
 .text.spi_calc_baudrate_div
                0x00401904       0x3c src/ASF/sam/drivers/spi/spi.o
                0x00401904                spi_calc_baudrate_div
 .text.spi_set_baudrate_div
                0x00401940       0x5e src/ASF/sam/drivers/spi/spi.o
                0x00401940                spi_set_baudrate_div
 .text.spi_set_transfer_delay
                0x0040199e       0x5e src/ASF/sam/drivers/spi/spi.o
                0x0040199e                spi_set_transfer_delay
 .text.osc_enable
                0x004019fc       0x88 src/ASF/common/services/clock/same70/sysclk.o
 .text.osc_is_ready
                0x00401a84       0x70 src/ASF/common/services/clock/same70/sysclk.o
 .text.osc_get_rate
                0x00401af4       0x74 src/ASF/common/services/clock/same70/sysclk.o
 .text.osc_wait_ready
                0x00401b68       0x2c src/ASF/common/services/clock/same70/sysclk.o
 .text.pll_config_init
                0x00401b94       0x6c src/ASF/common/services/clock/same70/sysclk.o
 .text.pll_enable
                0x00401c00       0x40 src/ASF/common/services/clock/same70/sysclk.o
 .text.pll_is_locked
                0x00401c40       0x2c src/ASF/common/services/clock/same70/sysclk.o
 .text.pll_enable_source
                0x00401c6c       0x38 src/ASF/common/services/clock/same70/sysclk.o
 .text.pll_wait_for_lock
                0x00401ca4       0x24 src/ASF/common/services/clock/same70/sysclk.o
 .text.sysclk_get_main_hz
                0x00401cc8       0x20 src/ASF/common/services/clock/same70/sysclk.o
 .text.sysclk_get_cpu_hz
                0x00401ce8       0x14 src/ASF/common/services/clock/same70/sysclk.o
 .text.sysclk_init
                0x00401cfc       0x7c src/ASF/common/services/clock/same70/sysclk.o
                0x00401cfc                sysclk_init
 .text.SCB_EnableICache
                0x00401d78       0x38 src/ASF/sam/boards/same70_xplained/init.o
 .text.SCB_EnableDCache
                0x00401db0       0xa4 src/ASF/sam/boards/same70_xplained/init.o
 .text.sysclk_enable_peripheral_clock
                0x00401e54       0x1c src/ASF/sam/boards/same70_xplained/init.o
 .text.ioport_init
                0x00401e70       0x2c src/ASF/sam/boards/same70_xplained/init.o
 .text.ioport_set_pin_mode
                0x00401e9c      0x11c src/ASF/sam/boards/same70_xplained/init.o
 .text.ioport_set_pin_dir
                0x00401fb8       0x88 src/ASF/sam/boards/same70_xplained/init.o
 .text.ioport_set_pin_level
                0x00402040       0x6c src/ASF/sam/boards/same70_xplained/init.o
 .text.ioport_set_pin_sense_mode
                0x004020ac       0xd0 src/ASF/sam/boards/same70_xplained/init.o
 .text.tcm_disable
                0x0040217c       0x44 src/ASF/sam/boards/same70_xplained/init.o
 .text.board_init
                0x004021c0      0x188 src/ASF/sam/boards/same70_xplained/init.o
                0x004021c0                board_init
 .text.pio_pull_up
                0x00402348       0x2c src/ASF/sam/drivers/pio/pio.o
                0x00402348                pio_pull_up
 .text.pio_set  0x00402374       0x1c src/ASF/sam/drivers/pio/pio.o
                0x00402374                pio_set
 .text.pio_set_peripheral
                0x00402390      0x110 src/ASF/sam/drivers/pio/pio.o
                0x00402390                pio_set_peripheral
 .text.pio_set_input
                0x004024a0       0x80 src/ASF/sam/drivers/pio/pio.o
                0x004024a0                pio_set_input
 .text.pio_set_output
                0x00402520       0x64 src/ASF/sam/drivers/pio/pio.o
                0x00402520                pio_set_output
 .text.pio_configure
                0x00402584       0xcc src/ASF/sam/drivers/pio/pio.o
                0x00402584                pio_configure
 .text.pio_configure_interrupt
                0x00402650       0x6c src/ASF/sam/drivers/pio/pio.o
                0x00402650                pio_configure_interrupt
 .text.pio_enable_interrupt
                0x004026bc       0x1c src/ASF/sam/drivers/pio/pio.o
                0x004026bc                pio_enable_interrupt
 .text.pio_disable_interrupt
                0x004026d8       0x1c src/ASF/sam/drivers/pio/pio.o
                0x004026d8                pio_disable_interrupt
 .text.pio_get_interrupt_status
                0x004026f4       0x18 src/ASF/sam/drivers/pio/pio.o
                0x004026f4                pio_get_interrupt_status
 .text.pio_get_interrupt_mask
                0x0040270c       0x18 src/ASF/sam/drivers/pio/pio.o
                0x0040270c                pio_get_interrupt_mask
 .text.pio_set_pin_high
                0x00402724       0x30 src/ASF/sam/drivers/pio/pio.o
                0x00402724                pio_set_pin_high
 .text.pio_set_pin_low
                0x00402754       0x30 src/ASF/sam/drivers/pio/pio.o
                0x00402754                pio_set_pin_low
 .text.pio_configure_pin
                0x00402784      0x1b0 src/ASF/sam/drivers/pio/pio.o
                0x00402784                pio_configure_pin
 .text.pio_get_pin_group
                0x00402934       0x28 src/ASF/sam/drivers/pio/pio.o
                0x00402934                pio_get_pin_group
 .text.pio_handler_process
                0x0040295c       0xb4 src/ASF/sam/drivers/pio/pio_handler.o
                0x0040295c                pio_handler_process
 .text.pio_handler_set
                0x00402a10       0xa0 src/ASF/sam/drivers/pio/pio_handler.o
                0x00402a10                pio_handler_set
 .text.PIOA_Handler
                0x00402ab0       0x18 src/ASF/sam/drivers/pio/pio_handler.o
                0x00402ab0                PIOA_Handler
 .text.PIOB_Handler
                0x00402ac8       0x18 src/ASF/sam/drivers/pio/pio_handler.o
                0x00402ac8                PIOB_Handler
 .text.PIOC_Handler
                0x00402ae0       0x18 src/ASF/sam/drivers/pio/pio_handler.o
                0x00402ae0                PIOC_Handler
 .text.PIOD_Handler
                0x00402af8       0x18 src/ASF/sam/drivers/pio/pio_handler.o
                0x00402af8                PIOD_Handler
 .text.PIOE_Handler
                0x00402b10       0x18 src/ASF/sam/drivers/pio/pio_handler.o
                0x00402b10                PIOE_Handler
 .text.pmc_mck_set_division
                0x00402b28       0x7c src/ASF/sam/drivers/pmc/pmc.o
                0x00402b28                pmc_mck_set_division
 .text.pmc_switch_mck_to_pllack
                0x00402ba4       0x84 src/ASF/sam/drivers/pmc/pmc.o
                0x00402ba4                pmc_switch_mck_to_pllack
 .text.pmc_switch_sclk_to_32kxtal
                0x00402c28       0x38 src/ASF/sam/drivers/pmc/pmc.o
                0x00402c28                pmc_switch_sclk_to_32kxtal
 .text.pmc_osc_is_ready_32kxtal
                0x00402c60       0x34 src/ASF/sam/drivers/pmc/pmc.o
                0x00402c60                pmc_osc_is_ready_32kxtal
 .text.pmc_switch_mainck_to_fastrc
                0x00402c94       0x70 src/ASF/sam/drivers/pmc/pmc.o
                0x00402c94                pmc_switch_mainck_to_fastrc
 .text.pmc_switch_mainck_to_xtal
                0x00402d04       0x78 src/ASF/sam/drivers/pmc/pmc.o
                0x00402d04                pmc_switch_mainck_to_xtal
 .text.pmc_osc_is_ready_mainck
                0x00402d7c       0x1c src/ASF/sam/drivers/pmc/pmc.o
                0x00402d7c                pmc_osc_is_ready_mainck
 .text.pmc_disable_pllack
                0x00402d98       0x1c src/ASF/sam/drivers/pmc/pmc.o
                0x00402d98                pmc_disable_pllack
 .text.pmc_is_locked_pllack
                0x00402db4       0x1c src/ASF/sam/drivers/pmc/pmc.o
                0x00402db4                pmc_is_locked_pllack
 .text.pmc_is_locked_upll
                0x00402dd0       0x1c src/ASF/sam/drivers/pmc/pmc.o
                0x00402dd0                pmc_is_locked_upll
 .text.pmc_enable_periph_clk
                0x00402dec       0x3c src/ASF/sam/drivers/pmc/pmc.o
                0x00402dec                pmc_enable_periph_clk
 .text.pmc_set_flash_in_wait_mode
                0x00402e28       0x20 src/ASF/sam/drivers/pmc/pmc.o
                0x00402e28                pmc_set_flash_in_wait_mode
 .text.pmc_enable_waitmode
                0x00402e48       0x90 src/ASF/sam/drivers/pmc/pmc.o
                0x00402e48                pmc_enable_waitmode
 .text.pmc_sleep
                0x00402ed8      0x398 src/ASF/sam/drivers/pmc/sleep.o
                0x00402ed8                pmc_sleep
 .text.cpu_irq_save
                0x00403270       0x38 src/ASF/sam/utils/cmsis/same70/source/templates/gcc/startup_same70.o
 .text.cpu_irq_is_enabled_flags
                0x004032a8       0x20 src/ASF/sam/utils/cmsis/same70/source/templates/gcc/startup_same70.o
 .text.cpu_irq_restore
                0x004032c8       0x30 src/ASF/sam/utils/cmsis/same70/source/templates/gcc/startup_same70.o
 .text.Reset_Handler
                0x004032f8       0xb0 src/ASF/sam/utils/cmsis/same70/source/templates/gcc/startup_same70.o
                0x004032f8                Reset_Handler
 .text.Dummy_Handler
                0x004033a8        0x6 src/ASF/sam/utils/cmsis/same70/source/templates/gcc/startup_same70.o
                0x004033a8                DACC_Handler
                0x004033a8                DebugMon_Handler
                0x004033a8                UART3_Handler
                0x004033a8                UART2_Handler
                0x004033a8                TRNG_Handler
                0x004033a8                HardFault_Handler
                0x004033a8                TC2_Handler
                0x004033a8                SysTick_Handler
                0x004033a8                AFEC1_Handler
                0x004033a8                PendSV_Handler
                0x004033a8                NMI_Handler
                0x004033a8                TC7_Handler
                0x004033a8                QSPI_Handler
                0x004033a8                ISI_Handler
                0x004033a8                MCAN0_INT0_Handler
                0x004033a8                TC9_Handler
                0x004033a8                RSWDT_Handler
                0x004033a8                USART0_Handler
                0x004033a8                USBHS_Handler
                0x004033a8                IXC_Handler
                0x004033a8                CCF_Handler
                0x004033a8                RTC_Handler
                0x004033a8                UsageFault_Handler
                0x004033a8                TC6_Handler
                0x004033a8                WDT_Handler
                0x004033a8                MCAN1_INT1_Handler
                0x004033a8                TC4_Handler
                0x004033a8                TC1_Handler
                0x004033a8                HSMCI_Handler
                0x004033a8                UART1_Handler
                0x004033a8                TC3_Handler
                0x004033a8                Dummy_Handler
                0x004033a8                TWIHS1_Handler
                0x004033a8                XDMAC_Handler
                0x004033a8                UART4_Handler
                0x004033a8                PWM1_Handler
                0x004033a8                USART1_Handler
                0x004033a8                PWM0_Handler
                0x004033a8                AFEC0_Handler
                0x004033a8                CCW_Handler
                0x004033a8                TC11_Handler
                0x004033a8                SSC_Handler
                0x004033a8                ACC_Handler
                0x004033a8                PMC_Handler
                0x004033a8                GMAC_Handler
                0x004033a8                MCAN0_INT1_Handler
                0x004033a8                GMAC_Q5_Handler
                0x004033a8                MemManage_Handler
                0x004033a8                SUPC_Handler
                0x004033a8                SVC_Handler
                0x004033a8                TC8_Handler
                0x004033a8                MCAN1_INT0_Handler
                0x004033a8                EFC_Handler
                0x004033a8                GMAC_Q1_Handler
                0x004033a8                USART2_Handler
                0x004033a8                SDRAMC_Handler
                0x004033a8                GMAC_Q2_Handler
                0x004033a8                SPI1_Handler
                0x004033a8                TC10_Handler
                0x004033a8                GMAC_Q3_Handler
                0x004033a8                TWIHS2_Handler
                0x004033a8                I2SC0_Handler
                0x004033a8                UART0_Handler
                0x004033a8                I2SC1_Handler
                0x004033a8                GMAC_Q4_Handler
                0x004033a8                FPU_Handler
                0x004033a8                BusFault_Handler
                0x004033a8                RSTC_Handler
                0x004033a8                TC0_Handler
                0x004033a8                TC5_Handler
                0x004033a8                AES_Handler
                0x004033a8                ICM_Handler
                0x004033a8                TWIHS0_Handler
                0x004033a8                SPI0_Handler
 *fill*         0x004033ae        0x2 
 .text.SystemCoreClockUpdate
                0x004033b0      0x168 src/ASF/sam/utils/cmsis/same70/source/templates/system_same70.o
                0x004033b0                SystemCoreClockUpdate
 .text.system_init_flash
                0x00403518       0xb0 src/ASF/sam/utils/cmsis/same70/source/templates/system_same70.o
                0x00403518                system_init_flash
 .text._sbrk    0x004035c8       0x58 src/ASF/sam/utils/syscalls/gcc/syscalls.o
                0x004035c8                _sbrk
 .text          0x00403620      0x370 c:/program files (x86)/atmel/studio/7.0/toolchain/arm/arm-gnu-toolchain/bin/../lib/gcc/arm-none-eabi/6.3.1/thumb/v7e-m\libgcc.a(_arm_addsubdf3.o)
                0x00403620                __aeabi_drsub
                0x00403628                __aeabi_dsub
                0x00403628                __subdf3
                0x0040362c                __aeabi_dadd
                0x0040362c                __adddf3
                0x004038a4                __floatunsidf
                0x004038a4                __aeabi_ui2d
                0x004038c4                __floatsidf
                0x004038c4                __aeabi_i2d
                0x004038e8                __aeabi_f2d
                0x004038e8                __extendsfdf2
                0x00403924                __floatundidf
                0x00403924                __aeabi_ul2d
                0x00403934                __floatdidf
                0x00403934                __aeabi_l2d
 .text          0x00403990      0x424 c:/program files (x86)/atmel/studio/7.0/toolchain/arm/arm-gnu-toolchain/bin/../lib/gcc/arm-none-eabi/6.3.1/thumb/v7e-m\libgcc.a(_arm_muldivdf3.o)
                0x00403990                __aeabi_dmul
                0x00403990                __muldf3
                0x00403be4                __divdf3
                0x00403be4                __aeabi_ddiv
 .text          0x00403db4       0x50 c:/program files (x86)/atmel/studio/7.0/toolchain/arm/arm-gnu-toolchain/bin/../lib/gcc/arm-none-eabi/6.3.1/thumb/v7e-m\libgcc.a(_arm_fixdfsi.o)
                0x00403db4                __aeabi_d2iz
                0x00403db4                __fixdfsi
 .text.__libc_init_array
                0x00403e04       0x50 c:/program files (x86)/atmel/studio/7.0/toolchain/arm/arm-gnu-toolchain/bin/../lib/gcc/arm-none-eabi/6.3.1/../../../../arm-none-eabi/lib/thumb/v7e-m\libc.a(lib_a-init.o)
                0x00403e04                __libc_init_array
 .text.memset   0x00403e54       0x9c c:/program files (x86)/atmel/studio/7.0/toolchain/arm/arm-gnu-toolchain/bin/../lib/gcc/arm-none-eabi/6.3.1/../../../../arm-none-eabi/lib/thumb/v7e-m\libc.a(lib_a-memset.o)
                0x00403e54                memset
 .text.sprintf  0x00403ef0       0x4c c:/program files (x86)/atmel/studio/7.0/toolchain/arm/arm-gnu-toolchain/bin/../lib/gcc/arm-none-eabi/6.3.1/../../../../arm-none-eabi/lib/thumb/v7e-m\libc.a(lib_a-sprintf.o)
                0x00403ef0                sprintf
 .text._svfprintf_r
                0x00403f3c     0x145c c:/program files (x86)/atmel/studio/7.0/toolchain/arm/arm-gnu-toolchain/bin/../lib/gcc/arm-none-eabi/6.3.1/../../../../arm-none-eabi/lib/thumb/v7e-m\libc.a(lib_a-svfprintf.o)
                0x00403f3c                _svfprintf_r
 .text.startup.register_fini
                0x00405398       0x14 c:/program files (x86)/atmel/studio/7.0/toolchain/arm/arm-gnu-toolchain/bin/../lib/gcc/arm-none-eabi/6.3.1/../../../../arm-none-eabi/lib/thumb/v7e-m\libc.a(lib_a-__call_atexit.o)
 .text.atexit   0x004053ac        0xc c:/program files (x86)/atmel/studio/7.0/toolchain/arm/arm-gnu-toolchain/bin/../lib/gcc/arm-none-eabi/6.3.1/../../../../arm-none-eabi/lib/thumb/v7e-m\libc.a(lib_a-atexit.o)
                0x004053ac                atexit
 .text.quorem   0x004053b8      0x128 c:/program files (x86)/atmel/studio/7.0/toolchain/arm/arm-gnu-toolchain/bin/../lib/gcc/arm-none-eabi/6.3.1/../../../../arm-none-eabi/lib/thumb/v7e-m\libc.a(lib_a-dtoa.o)
 .text._dtoa_r  0x004054e0      0xe54 c:/program files (x86)/atmel/studio/7.0/toolchain/arm/arm-gnu-toolchain/bin/../lib/gcc/arm-none-eabi/6.3.1/../../../../arm-none-eabi/lib/thumb/v7e-m\libc.a(lib_a-dtoa.o)
                0x004054e0                _dtoa_r
 .text.__libc_fini_array
                0x00406334       0x34 c:/program files (x86)/atmel/studio/7.0/toolchain/arm/arm-gnu-toolchain/bin/../lib/gcc/arm-none-eabi/6.3.1/../../../../arm-none-eabi/lib/thumb/v7e-m\libc.a(lib_a-fini.o)
                0x00406334                __libc_fini_array
 .text._localeconv_r
                0x00406368       0x1c c:/program files (x86)/atmel/studio/7.0/toolchain/arm/arm-gnu-toolchain/bin/../lib/gcc/arm-none-eabi/6.3.1/../../../../arm-none-eabi/lib/thumb/v7e-m\libc.a(lib_a-localeconv.o)
                0x00406368                _localeconv_r
 .text.__retarget_lock_acquire_recursive
                0x00406384        0x4 c:/program files (x86)/atmel/studio/7.0/toolchain/arm/arm-gnu-toolchain/bin/../lib/gcc/arm-none-eabi/6.3.1/../../../../arm-none-eabi/lib/thumb/v7e-m\libc.a(lib_a-lock.o)
                0x00406384                __retarget_lock_acquire_recursive
 .text.__retarget_lock_release_recursive
                0x00406388        0x4 c:/program files (x86)/atmel/studio/7.0/toolchain/arm/arm-gnu-toolchain/bin/../lib/gcc/arm-none-eabi/6.3.1/../../../../arm-none-eabi/lib/thumb/v7e-m\libc.a(lib_a-lock.o)
                0x00406388                __retarget_lock_release_recursive
 .text._malloc_r
                0x0040638c      0x560 c:/program files (x86)/atmel/studio/7.0/toolchain/arm/arm-gnu-toolchain/bin/../lib/gcc/arm-none-eabi/6.3.1/../../../../arm-none-eabi/lib/thumb/v7e-m\libc.a(lib_a-mallocr.o)
                0x0040638c                _malloc_r
 *fill*         0x004068ec        0x4 
 .text          0x004068f0       0xa0 c:/program files (x86)/atmel/studio/7.0/toolchain/arm/arm-gnu-toolchain/bin/../lib/gcc/arm-none-eabi/6.3.1/../../../../arm-none-eabi/lib/thumb/v7e-m\libc.a(lib_a-memchr.o)
                0x004068f0                memchr
 .text          0x00406990      0x134 c:/program files (x86)/atmel/studio/7.0/toolchain/arm/arm-gnu-toolchain/bin/../lib/gcc/arm-none-eabi/6.3.1/../../../../arm-none-eabi/lib/thumb/v7e-m\libc.a(lib_a-memcpy.o)
                0x00406990                memcpy
 .text.__malloc_lock
                0x00406ac4        0xc c:/program files (x86)/atmel/studio/7.0/toolchain/arm/arm-gnu-toolchain/bin/../lib/gcc/arm-none-eabi/6.3.1/../../../../arm-none-eabi/lib/thumb/v7e-m\libc.a(lib_a-mlock.o)
                0x00406ac4                __malloc_lock
 .text.__malloc_unlock
                0x00406ad0        0xc c:/program files (x86)/atmel/studio/7.0/toolchain/arm/arm-gnu-toolchain/bin/../lib/gcc/arm-none-eabi/6.3.1/../../../../arm-none-eabi/lib/thumb/v7e-m\libc.a(lib_a-mlock.o)
                0x00406ad0                __malloc_unlock
 .text._Balloc  0x00406adc       0x4c c:/program files (x86)/atmel/studio/7.0/toolchain/arm/arm-gnu-toolchain/bin/../lib/gcc/arm-none-eabi/6.3.1/../../../../arm-none-eabi/lib/thumb/v7e-m\libc.a(lib_a-mprec.o)
                0x00406adc                _Balloc
 .text._Bfree   0x00406b28       0x14 c:/program files (x86)/atmel/studio/7.0/toolchain/arm/arm-gnu-toolchain/bin/../lib/gcc/arm-none-eabi/6.3.1/../../../../arm-none-eabi/lib/thumb/v7e-m\libc.a(lib_a-mprec.o)
                0x00406b28                _Bfree
 .text.__multadd
                0x00406b3c       0x80 c:/program files (x86)/atmel/studio/7.0/toolchain/arm/arm-gnu-toolchain/bin/../lib/gcc/arm-none-eabi/6.3.1/../../../../arm-none-eabi/lib/thumb/v7e-m\libc.a(lib_a-mprec.o)
                0x00406b3c                __multadd
 .text.__hi0bits
                0x00406bbc       0x40 c:/program files (x86)/atmel/studio/7.0/toolchain/arm/arm-gnu-toolchain/bin/../lib/gcc/arm-none-eabi/6.3.1/../../../../arm-none-eabi/lib/thumb/v7e-m\libc.a(lib_a-mprec.o)
                0x00406bbc                __hi0bits
 .text.__lo0bits
                0x00406bfc       0x60 c:/program files (x86)/atmel/studio/7.0/toolchain/arm/arm-gnu-toolchain/bin/../lib/gcc/arm-none-eabi/6.3.1/../../../../arm-none-eabi/lib/thumb/v7e-m\libc.a(lib_a-mprec.o)
                0x00406bfc                __lo0bits
 .text.__i2b    0x00406c5c       0x14 c:/program files (x86)/atmel/studio/7.0/toolchain/arm/arm-gnu-toolchain/bin/../lib/gcc/arm-none-eabi/6.3.1/../../../../arm-none-eabi/lib/thumb/v7e-m\libc.a(lib_a-mprec.o)
                0x00406c5c                __i2b
 .text.__multiply
                0x00406c70      0x124 c:/program files (x86)/atmel/studio/7.0/toolchain/arm/arm-gnu-toolchain/bin/../lib/gcc/arm-none-eabi/6.3.1/../../../../arm-none-eabi/lib/thumb/v7e-m\libc.a(lib_a-mprec.o)
                0x00406c70                __multiply
 .text.__pow5mult
                0x00406d94       0xa0 c:/program files (x86)/atmel/studio/7.0/toolchain/arm/arm-gnu-toolchain/bin/../lib/gcc/arm-none-eabi/6.3.1/../../../../arm-none-eabi/lib/thumb/v7e-m\libc.a(lib_a-mprec.o)
                0x00406d94                __pow5mult
 .text.__lshift
                0x00406e34       0xa4 c:/program files (x86)/atmel/studio/7.0/toolchain/arm/arm-gnu-toolchain/bin/../lib/gcc/arm-none-eabi/6.3.1/../../../../arm-none-eabi/lib/thumb/v7e-m\libc.a(lib_a-mprec.o)
                0x00406e34                __lshift
 .text.__mcmp   0x00406ed8       0x38 c:/program files (x86)/atmel/studio/7.0/toolchain/arm/arm-gnu-toolchain/bin/../lib/gcc/arm-none-eabi/6.3.1/../../../../arm-none-eabi/lib/thumb/v7e-m\libc.a(lib_a-mprec.o)
                0x00406ed8                __mcmp
 .text.__mdiff  0x00406f10      0x108 c:/program files (x86)/atmel/studio/7.0/toolchain/arm/arm-gnu-toolchain/bin/../lib/gcc/arm-none-eabi/6.3.1/../../../../arm-none-eabi/lib/thumb/v7e-m\libc.a(lib_a-mprec.o)
                0x00406f10                __mdiff
 .text.__d2b    0x00407018       0xb8 c:/program files (x86)/atmel/studio/7.0/toolchain/arm/arm-gnu-toolchain/bin/../lib/gcc/arm-none-eabi/6.3.1/../../../../arm-none-eabi/lib/thumb/v7e-m\libc.a(lib_a-mprec.o)
                0x00407018                __d2b
 .text._sbrk_r  0x004070d0       0x24 c:/program files (x86)/atmel/studio/7.0/toolchain/arm/arm-gnu-toolchain/bin/../lib/gcc/arm-none-eabi/6.3.1/../../../../arm-none-eabi/lib/thumb/v7e-m\libc.a(lib_a-sbrkr.o)
                0x004070d0                _sbrk_r
 *fill*         0x004070f4        0xc 
 .text          0x00407100       0xdc c:/program files (x86)/atmel/studio/7.0/toolchain/arm/arm-gnu-toolchain/bin/../lib/gcc/arm-none-eabi/6.3.1/../../../../arm-none-eabi/lib/thumb/v7e-m\libc.a(lib_a-strlen.o)
                0x00407100                strlen
 .text.__ssprint_r
                0x004071dc       0xfc c:/program files (x86)/atmel/studio/7.0/toolchain/arm/arm-gnu-toolchain/bin/../lib/gcc/arm-none-eabi/6.3.1/../../../../arm-none-eabi/lib/thumb/v7e-m\libc.a(lib_a-svfiprintf.o)
                0x004071dc                __ssprint_r
 .text.__register_exitproc
                0x004072d8       0xc4 c:/program files (x86)/atmel/studio/7.0/toolchain/arm/arm-gnu-toolchain/bin/../lib/gcc/arm-none-eabi/6.3.1/../../../../arm-none-eabi/lib/thumb/v7e-m\libc.a(lib_a-__atexit.o)
                0x004072d8                __register_exitproc
 .text._calloc_r
                0x0040739c       0x60 c:/program files (x86)/atmel/studio/7.0/toolchain/arm/arm-gnu-toolchain/bin/../lib/gcc/arm-none-eabi/6.3.1/../../../../arm-none-eabi/lib/thumb/v7e-m\libc.a(lib_a-callocr.o)
                0x0040739c                _calloc_r
 .text._malloc_trim_r
                0x004073fc       0xa0 c:/program files (x86)/atmel/studio/7.0/toolchain/arm/arm-gnu-toolchain/bin/../lib/gcc/arm-none-eabi/6.3.1/../../../../arm-none-eabi/lib/thumb/v7e-m\libc.a(lib_a-freer.o)
                0x004073fc                _malloc_trim_r
 .text._free_r  0x0040749c      0x1cc c:/program files (x86)/atmel/studio/7.0/toolchain/arm/arm-gnu-toolchain/bin/../lib/gcc/arm-none-eabi/6.3.1/../../../../arm-none-eabi/lib/thumb/v7e-m\libc.a(lib_a-freer.o)
                0x0040749c                _free_r
 .text.__ascii_mbtowc
                0x00407668       0x2c c:/program files (x86)/atmel/studio/7.0/toolchain/arm/arm-gnu-toolchain/bin/../lib/gcc/arm-none-eabi/6.3.1/../../../../arm-none-eabi/lib/thumb/v7e-m\libc.a(lib_a-mbtowc_r.o)
                0x00407668                __ascii_mbtowc
 .text.memmove  0x00407694       0xc8 c:/program files (x86)/atmel/studio/7.0/toolchain/arm/arm-gnu-toolchain/bin/../lib/gcc/arm-none-eabi/6.3.1/../../../../arm-none-eabi/lib/thumb/v7e-m\libc.a(lib_a-memmove.o)
                0x00407694                memmove
 .text._realloc_r
                0x0040775c      0x34c c:/program files (x86)/atmel/studio/7.0/toolchain/arm/arm-gnu-toolchain/bin/../lib/gcc/arm-none-eabi/6.3.1/../../../../arm-none-eabi/lib/thumb/v7e-m\libc.a(lib_a-reallocr.o)
                0x0040775c                _realloc_r
 .text.__ascii_wctomb
                0x00407aa8       0x1c c:/program files (x86)/atmel/studio/7.0/toolchain/arm/arm-gnu-toolchain/bin/../lib/gcc/arm-none-eabi/6.3.1/../../../../arm-none-eabi/lib/thumb/v7e-m\libc.a(lib_a-wctomb_r.o)
                0x00407aa8                __ascii_wctomb
 .text          0x00407ac4      0x110 c:/program files (x86)/atmel/studio/7.0/toolchain/arm/arm-gnu-toolchain/bin/../lib/gcc/arm-none-eabi/6.3.1/thumb/v7e-m\libgcc.a(_arm_cmpdf2.o)
                0x00407ac4                __gtdf2
                0x00407ac4                __gedf2
                0x00407acc                __ltdf2
                0x00407acc                __ledf2
                0x00407ad4                __nedf2
                0x00407ad4                __eqdf2
                0x00407ad4                __cmpdf2
                0x00407b50                __aeabi_cdrcmple
                0x00407b60                __aeabi_cdcmpeq
                0x00407b60                __aeabi_cdcmple
                0x00407b70                __aeabi_dcmpeq
                0x00407b84                __aeabi_dcmplt
                0x00407b98                __aeabi_dcmple
                0x00407bac                __aeabi_dcmpge
                0x00407bc0                __aeabi_dcmpgt
 .text          0x00407bd4       0x2c c:/program files (x86)/atmel/studio/7.0/toolchain/arm/arm-gnu-toolchain/bin/../lib/gcc/arm-none-eabi/6.3.1/thumb/v7e-m\libgcc.a(_arm_unorddf2.o)
                0x00407bd4                __unorddf2
                0x00407bd4                __aeabi_dcmpun
 .text          0x00407c00       0x30 c:/program files (x86)/atmel/studio/7.0/toolchain/arm/arm-gnu-toolchain/bin/../lib/gcc/arm-none-eabi/6.3.1/thumb/v7e-m\libgcc.a(_aeabi_uldivmod.o)
                0x00407c00                __aeabi_uldivmod
 .text          0x00407c30      0x2dc c:/program files (x86)/atmel/studio/7.0/toolchain/arm/arm-gnu-toolchain/bin/../lib/gcc/arm-none-eabi/6.3.1/thumb/v7e-m\libgcc.a(_udivmoddi4.o)
                0x00407c30                __udivmoddi4
 .text          0x00407f0c        0x4 c:/program files (x86)/atmel/studio/7.0/toolchain/arm/arm-gnu-toolchain/bin/../lib/gcc/arm-none-eabi/6.3.1/thumb/v7e-m\libgcc.a(_dvmd_tls.o)
                0x00407f0c                __aeabi_idiv0
                0x00407f0c                __aeabi_ldiv0
 *(.glue_7t)
 .glue_7t       0x00407f10        0x0 linker stubs
 *(.glue_7)
 .glue_7        0x00407f10        0x0 linker stubs
 *(.rodata .rodata* .gnu.linkonce.r.*)
 .rodata.image_data_sourcecodepro_28_0x41
                0x00407f10      0x138 src/main.o
 .rodata.sourcecodepro_28_0x41
                0x00408048       0x10 src/main.o
 .rodata.image_data_sourcecodepro_28_0x42
                0x00408058      0x138 src/main.o
 .rodata.sourcecodepro_28_0x42
                0x00408190       0x10 src/main.o
 .rodata.image_data_sourcecodepro_28_0x43
                0x004081a0      0x15f src/main.o
 *fill*         0x004082ff        0x1 
 .rodata.sourcecodepro_28_0x43
                0x00408300       0x10 src/main.o
 .rodata.image_data_sourcecodepro_28_0x44
                0x00408310      0x186 src/main.o
 *fill*         0x00408496        0x2 
 .rodata.sourcecodepro_28_0x44
                0x00408498       0x10 src/main.o
 .rodata.image_data_sourcecodepro_28_0x45
                0x004084a8      0x138 src/main.o
 .rodata.sourcecodepro_28_0x45
                0x004085e0       0x10 src/main.o
 .rodata.image_data_sourcecodepro_28_0x46
                0x004085f0      0x111 src/main.o
 *fill*         0x00408701        0x3 
 .rodata.sourcecodepro_28_0x46
                0x00408704       0x10 src/main.o
 .rodata.image_data_sourcecodepro_28_0x47
                0x00408714      0x15f src/main.o
 *fill*         0x00408873        0x1 
 .rodata.sourcecodepro_28_0x47
                0x00408874       0x10 src/main.o
 .rodata.image_data_sourcecodepro_28_0x48
                0x00408884      0x15f src/main.o
 *fill*         0x004089e3        0x1 
 .rodata.sourcecodepro_28_0x48
                0x004089e4       0x10 src/main.o
 .rodata.image_data_sourcecodepro_28_0x49
                0x004089f4       0x9c src/main.o
 .rodata.sourcecodepro_28_0x49
                0x00408a90       0x10 src/main.o
 .rodata.image_data_sourcecodepro_28_0x4a
                0x00408aa0       0xea src/main.o
 *fill*         0x00408b8a        0x2 
 .rodata.sourcecodepro_28_0x4a
                0x00408b8c       0x10 src/main.o
 .rodata.image_data_sourcecodepro_28_0x4b
                0x00408b9c      0x138 src/main.o
 .rodata.sourcecodepro_28_0x4b
                0x00408cd4       0x10 src/main.o
 .rodata.image_data_sourcecodepro_28_0x4c
                0x00408ce4      0x111 src/main.o
 *fill*         0x00408df5        0x3 
 .rodata.sourcecodepro_28_0x4c
                0x00408df8       0x10 src/main.o
 .rodata.image_data_sourcecodepro_28_0x4d
                0x00408e08      0x186 src/main.o
 *fill*         0x00408f8e        0x2 
 .rodata.sourcecodepro_28_0x4d
                0x00408f90       0x10 src/main.o
 .rodata.image_data_sourcecodepro_28_0x4e
                0x00408fa0      0x15f src/main.o
 *fill*         0x004090ff        0x1 
 .rodata.sourcecodepro_28_0x4e
                0x00409100       0x10 src/main.o
 .rodata.image_data_sourcecodepro_28_0x4f
                0x00409110      0x186 src/main.o
 *fill*         0x00409296        0x2 
 .rodata.sourcecodepro_28_0x4f
                0x00409298       0x10 src/main.o
 .rodata.image_data_sourcecodepro_28_0x50
                0x004092a8      0x138 src/main.o
 .rodata.sourcecodepro_28_0x50
                0x004093e0       0x10 src/main.o
 .rodata.image_data_sourcecodepro_28_0x51
                0x004093f0      0x186 src/main.o
 *fill*         0x00409576        0x2 
 .rodata.sourcecodepro_28_0x51
                0x00409578       0x10 src/main.o
 .rodata.image_data_sourcecodepro_28_0x52
                0x00409588      0x15f src/main.o
 *fill*         0x004096e7        0x1 
 .rodata.sourcecodepro_28_0x52
                0x004096e8       0x10 src/main.o
 .rodata.image_data_sourcecodepro_28_0x53
                0x004096f8      0x138 src/main.o
 .rodata.sourcecodepro_28_0x53
                0x00409830       0x10 src/main.o
 .rodata.image_data_sourcecodepro_28_0x54
                0x00409840      0x138 src/main.o
 .rodata.sourcecodepro_28_0x54
                0x00409978       0x10 src/main.o
 .rodata.image_data_sourcecodepro_28_0x55
                0x00409988      0x15f src/main.o
 *fill*         0x00409ae7        0x1 
 .rodata.sourcecodepro_28_0x55
                0x00409ae8       0x10 src/main.o
 .rodata.image_data_sourcecodepro_28_0x56
                0x00409af8      0x138 src/main.o
 .rodata.sourcecodepro_28_0x56
                0x00409c30       0x10 src/main.o
 .rodata.image_data_sourcecodepro_28_0x57
                0x00409c40      0x222 src/main.o
 *fill*         0x00409e62        0x2 
 .rodata.sourcecodepro_28_0x57
                0x00409e64       0x10 src/main.o
 .rodata.image_data_sourcecodepro_28_0x58
                0x00409e74      0x138 src/main.o
 .rodata.sourcecodepro_28_0x58
                0x00409fac       0x10 src/main.o
 .rodata.image_data_sourcecodepro_28_0x59
                0x00409fbc      0x138 src/main.o
 .rodata.sourcecodepro_28_0x59
                0x0040a0f4       0x10 src/main.o
 .rodata.image_data_sourcecodepro_28_0x5a
                0x0040a104      0x138 src/main.o
 .rodata.sourcecodepro_28_0x5a
                0x0040a23c       0x10 src/main.o
 .rodata.sourcecodepro_28_array
                0x0040a24c       0xd0 src/main.o
 .rodata.sourcecodepro_28
                0x0040a31c        0xc src/main.o
                0x0040a31c                sourcecodepro_28
 .rodata.image_data_calibri_36_0x20
                0x0040a328      0x378 src/main.o
 .rodata.calibri_36_0x20
                0x0040a6a0       0x10 src/main.o
 .rodata.image_data_calibri_36_0x21
                0x0040a6b0      0x534 src/main.o
 .rodata.calibri_36_0x21
                0x0040abe4       0x10 src/main.o
 .rodata.image_data_calibri_36_0x22
                0x0040abf4      0x612 src/main.o
 *fill*         0x0040b206        0x2 
 .rodata.calibri_36_0x22
                0x0040b208       0x10 src/main.o
 .rodata.image_data_calibri_36_0x23
                0x0040b218      0x7ce src/main.o
 *fill*         0x0040b9e6        0x2 
 .rodata.calibri_36_0x23
                0x0040b9e8       0x10 src/main.o
 .rodata.image_data_calibri_36_0x24
                0x0040b9f8      0x7ce src/main.o
 *fill*         0x0040c1c6        0x2 
 .rodata.calibri_36_0x24
                0x0040c1c8       0x10 src/main.o
 .rodata.image_data_calibri_36_0x25
                0x0040c1d8      0xb46 src/main.o
 *fill*         0x0040cd1e        0x2 
 .rodata.calibri_36_0x25
                0x0040cd20       0x10 src/main.o
 .rodata.image_data_calibri_36_0x26
                0x0040cd30      0xad7 src/main.o
 *fill*         0x0040d807        0x1 
 .rodata.calibri_36_0x26
                0x0040d808       0x10 src/main.o
 .rodata.image_data_calibri_36_0x27
                0x0040d818      0x378 src/main.o
 .rodata.calibri_36_0x27
                0x0040db90       0x10 src/main.o
 .rodata.image_data_calibri_36_0x28
                0x0040dba0      0x4c5 src/main.o
 *fill*         0x0040e065        0x3 
 .rodata.calibri_36_0x28
                0x0040e068       0x10 src/main.o
 .rodata.image_data_calibri_36_0x29
                0x0040e078      0x4c5 src/main.o
 *fill*         0x0040e53d        0x3 
 .rodata.calibri_36_0x29
                0x0040e540       0x10 src/main.o
 .rodata.image_data_calibri_36_0x2a
                0x0040e550      0x7ce src/main.o
 *fill*         0x0040ed1e        0x2 
 .rodata.calibri_36_0x2a
                0x0040ed20       0x10 src/main.o
 .rodata.image_data_calibri_36_0x2b
                0x0040ed30      0x7ce src/main.o
 *fill*         0x0040f4fe        0x2 
 .rodata.calibri_36_0x2b
                0x0040f500       0x10 src/main.o
 .rodata.image_data_calibri_36_0x2c
                0x0040f510      0x3e7 src/main.o
 *fill*         0x0040f8f7        0x1 
 .rodata.calibri_36_0x2c
                0x0040f8f8       0x10 src/main.o
 .rodata.image_data_calibri_36_0x2d
                0x0040f908      0x4c5 src/main.o
 *fill*         0x0040fdcd        0x3 
 .rodata.calibri_36_0x2d
                0x0040fdd0       0x10 src/main.o
 .rodata.image_data_calibri_36_0x2e
                0x0040fde0      0x3e7 src/main.o
 *fill*         0x004101c7        0x1 
 .rodata.calibri_36_0x2e
                0x004101c8       0x10 src/main.o
 .rodata.image_data_calibri_36_0x2f
                0x004101d8      0x612 src/main.o
 *fill*         0x004107ea        0x2 
 .rodata.calibri_36_0x2f
                0x004107ec       0x10 src/main.o
 .rodata.image_data_calibri_36_0x30
                0x004107fc      0x7ce src/main.o
 *fill*         0x00410fca        0x2 
 .rodata.calibri_36_0x30
                0x00410fcc       0x10 src/main.o
 .rodata.image_data_calibri_36_0x31
                0x00410fdc      0x7ce src/main.o
 *fill*         0x004117aa        0x2 
 .rodata.calibri_36_0x31
                0x004117ac       0x10 src/main.o
 .rodata.image_data_calibri_36_0x32
                0x004117bc      0x7ce src/main.o
 *fill*         0x00411f8a        0x2 
 .rodata.calibri_36_0x32
                0x00411f8c       0x10 src/main.o
 .rodata.image_data_calibri_36_0x33
                0x00411f9c      0x7ce src/main.o
 *fill*         0x0041276a        0x2 
 .rodata.calibri_36_0x33
                0x0041276c       0x10 src/main.o
 .rodata.image_data_calibri_36_0x34
                0x0041277c      0x7ce src/main.o
 *fill*         0x00412f4a        0x2 
 .rodata.calibri_36_0x34
                0x00412f4c       0x10 src/main.o
 .rodata.image_data_calibri_36_0x35
                0x00412f5c      0x7ce src/main.o
 *fill*         0x0041372a        0x2 
 .rodata.calibri_36_0x35
                0x0041372c       0x10 src/main.o
 .rodata.image_data_calibri_36_0x36
                0x0041373c      0x7ce src/main.o
 *fill*         0x00413f0a        0x2 
 .rodata.calibri_36_0x36
                0x00413f0c       0x10 src/main.o
 .rodata.image_data_calibri_36_0x37
                0x00413f1c      0x7ce src/main.o
 *fill*         0x004146ea        0x2 
 .rodata.calibri_36_0x37
                0x004146ec       0x10 src/main.o
 .rodata.image_data_calibri_36_0x38
                0x004146fc      0x7ce src/main.o
 *fill*         0x00414eca        0x2 
 .rodata.calibri_36_0x38
                0x00414ecc       0x10 src/main.o
 .rodata.image_data_calibri_36_0x39
                0x00414edc      0x7ce src/main.o
 *fill*         0x004156aa        0x2 
 .rodata.calibri_36_0x39
                0x004156ac       0x10 src/main.o
 .rodata.image_data_calibri_36_0x3a
                0x004156bc      0x456 src/main.o
 *fill*         0x00415b12        0x2 
 .rodata.calibri_36_0x3a
                0x00415b14       0x10 src/main.o
 .rodata.image_data_calibri_36_0x3b
                0x00415b24      0x456 src/main.o
 *fill*         0x00415f7a        0x2 
 .rodata.calibri_36_0x3b
                0x00415f7c       0x10 src/main.o
 .rodata.image_data_calibri_36_0x3c
                0x00415f8c      0x7ce src/main.o
 *fill*         0x0041675a        0x2 
 .rodata.calibri_36_0x3c
                0x0041675c       0x10 src/main.o
 .rodata.image_data_calibri_36_0x3d
                0x0041676c      0x7ce src/main.o
 *fill*         0x00416f3a        0x2 
 .rodata.calibri_36_0x3d
                0x00416f3c       0x10 src/main.o
 .rodata.image_data_calibri_36_0x3e
                0x00416f4c      0x7ce src/main.o
 *fill*         0x0041771a        0x2 
 .rodata.calibri_36_0x3e
                0x0041771c       0x10 src/main.o
 .rodata.image_data_calibri_36_0x3f
                0x0041772c      0x75f src/main.o
 *fill*         0x00417e8b        0x1 
 .rodata.calibri_36_0x3f
                0x00417e8c       0x10 src/main.o
 .rodata.image_data_calibri_36_0x40
                0x00417e9c      0xde0 src/main.o
 .rodata.calibri_36_0x40
                0x00418c7c       0x10 src/main.o
 .rodata.image_data_calibri_36_0x41
                0x00418c8c      0x91b src/main.o
 *fill*         0x004195a7        0x1 
 .rodata.calibri_36_0x41
                0x004195a8       0x10 src/main.o
 .rodata.image_data_calibri_36_0x42
                0x004195b8      0x8ac src/main.o
 .rodata.calibri_36_0x42
                0x00419e64       0x10 src/main.o
 .rodata.image_data_calibri_36_0x43
                0x00419e74      0x83d src/main.o
 *fill*         0x0041a6b1        0x3 
 .rodata.calibri_36_0x43
                0x0041a6b4       0x10 src/main.o
 .rodata.image_data_calibri_36_0x44
                0x0041a6c4      0x98a src/main.o
 *fill*         0x0041b04e        0x2 
 .rodata.calibri_36_0x44
                0x0041b050       0x10 src/main.o
 .rodata.image_data_calibri_36_0x45
                0x0041b060      0x7ce src/main.o
 *fill*         0x0041b82e        0x2 
 .rodata.calibri_36_0x45
                0x0041b830       0x10 src/main.o
 .rodata.image_data_calibri_36_0x46
                0x0041b840      0x75f src/main.o
 *fill*         0x0041bf9f        0x1 
 .rodata.calibri_36_0x46
                0x0041bfa0       0x10 src/main.o
 .rodata.image_data_calibri_36_0x47
                0x0041bfb0      0x9f9 src/main.o
 *fill*         0x0041c9a9        0x3 
 .rodata.calibri_36_0x47
                0x0041c9ac       0x10 src/main.o
 .rodata.image_data_calibri_36_0x48
                0x0041c9bc      0x98a src/main.o
 *fill*         0x0041d346        0x2 
 .rodata.calibri_36_0x48
                0x0041d348       0x10 src/main.o
 .rodata.image_data_calibri_36_0x49
                0x0041d358      0x3e7 src/main.o
 *fill*         0x0041d73f        0x1 
 .rodata.calibri_36_0x49
                0x0041d740       0x10 src/main.o
 .rodata.image_data_calibri_36_0x4a
                0x0041d750      0x4c5 src/main.o
 *fill*         0x0041dc15        0x3 
 .rodata.calibri_36_0x4a
                0x0041dc18       0x10 src/main.o
 .rodata.image_data_calibri_36_0x4b
                0x0041dc28      0x83d src/main.o
 *fill*         0x0041e465        0x3 
 .rodata.calibri_36_0x4b
                0x0041e468       0x10 src/main.o
 .rodata.image_data_calibri_36_0x4c
                0x0041e478      0x681 src/main.o
 *fill*         0x0041eaf9        0x3 
 .rodata.calibri_36_0x4c
                0x0041eafc       0x10 src/main.o
 .rodata.image_data_calibri_36_0x4d
                0x0041eb0c      0xd71 src/main.o
 *fill*         0x0041f87d        0x3 
 .rodata.calibri_36_0x4d
                0x0041f880       0x10 src/main.o
 .rodata.image_data_calibri_36_0x4e
                0x0041f890      0x9f9 src/main.o
 *fill*         0x00420289        0x3 
 .rodata.calibri_36_0x4e
                0x0042028c       0x10 src/main.o
 .rodata.image_data_calibri_36_0x4f
                0x0042029c      0xa68 src/main.o
 .rodata.calibri_36_0x4f
                0x00420d04       0x10 src/main.o
 .rodata.image_data_calibri_36_0x50
                0x00420d14      0x83d src/main.o
 *fill*         0x00421551        0x3 
 .rodata.calibri_36_0x50
                0x00421554       0x10 src/main.o
 .rodata.image_data_calibri_36_0x51
                0x00421564      0xad7 src/main.o
 *fill*         0x0042203b        0x1 
 .rodata.calibri_36_0x51
                0x0042203c       0x10 src/main.o
 .rodata.image_data_calibri_36_0x52
                0x0042204c      0x8ac src/main.o
 .rodata.calibri_36_0x52
                0x004228f8       0x10 src/main.o
 .rodata.image_data_calibri_36_0x53
                0x00422908      0x75f src/main.o
 *fill*         0x00423067        0x1 
 .rodata.calibri_36_0x53
                0x00423068       0x10 src/main.o
 .rodata.image_data_calibri_36_0x54
                0x00423078      0x7ce src/main.o
 *fill*         0x00423846        0x2 
 .rodata.calibri_36_0x54
                0x00423848       0x10 src/main.o
 .rodata.image_data_calibri_36_0x55
                0x00423858      0x9f9 src/main.o
 *fill*         0x00424251        0x3 
 .rodata.calibri_36_0x55
                0x00424254       0x10 src/main.o
 .rodata.image_data_calibri_36_0x56
                0x00424264      0x8ac src/main.o
 .rodata.calibri_36_0x56
                0x00424b10       0x10 src/main.o
 .rodata.image_data_calibri_36_0x57
                0x00424b20      0xde0 src/main.o
 .rodata.calibri_36_0x57
                0x00425900       0x10 src/main.o
 .rodata.image_data_calibri_36_0x58
                0x00425910      0x83d src/main.o
 *fill*         0x0042614d        0x3 
 .rodata.calibri_36_0x58
                0x00426150       0x10 src/main.o
 .rodata.image_data_calibri_36_0x59
                0x00426160      0x7ce src/main.o
 *fill*         0x0042692e        0x2 
 .rodata.calibri_36_0x59
                0x00426930       0x10 src/main.o
 .rodata.image_data_calibri_36_0x5a
                0x00426940      0x75f src/main.o
 *fill*         0x0042709f        0x1 
 .rodata.calibri_36_0x5a
                0x004270a0       0x10 src/main.o
 .rodata.image_data_calibri_36_0x5b
                0x004270b0      0x4c5 src/main.o
 *fill*         0x00427575        0x3 
 .rodata.calibri_36_0x5b
                0x00427578       0x10 src/main.o
 .rodata.image_data_calibri_36_0x5c
                0x00427588      0x612 src/main.o
 *fill*         0x00427b9a        0x2 
 .rodata.calibri_36_0x5c
                0x00427b9c       0x10 src/main.o
 .rodata.image_data_calibri_36_0x5d
                0x00427bac      0x4c5 src/main.o
 *fill*         0x00428071        0x3 
 .rodata.calibri_36_0x5d
                0x00428074       0x10 src/main.o
 .rodata.image_data_calibri_36_0x5e
                0x00428084      0x7ce src/main.o
 *fill*         0x00428852        0x2 
 .rodata.calibri_36_0x5e
                0x00428854       0x10 src/main.o
 .rodata.image_data_calibri_36_0x5f
                0x00428864      0x7ce src/main.o
 *fill*         0x00429032        0x2 
 .rodata.calibri_36_0x5f
                0x00429034       0x10 src/main.o
 .rodata.image_data_calibri_36_0x60
                0x00429044      0x456 src/main.o
 *fill*         0x0042949a        0x2 
 .rodata.calibri_36_0x60
                0x0042949c       0x10 src/main.o
 .rodata.image_data_calibri_36_0x61
                0x004294ac      0x75f src/main.o
 *fill*         0x00429c0b        0x1 
 .rodata.calibri_36_0x61
                0x00429c0c       0x10 src/main.o
 .rodata.image_data_calibri_36_0x62
                0x00429c1c      0x83d src/main.o
 *fill*         0x0042a459        0x3 
 .rodata.calibri_36_0x62
                0x0042a45c       0x10 src/main.o
 .rodata.image_data_calibri_36_0x63
                0x0042a46c      0x681 src/main.o
 *fill*         0x0042aaed        0x3 
 .rodata.calibri_36_0x63
                0x0042aaf0       0x10 src/main.o
 .rodata.image_data_calibri_36_0x64
                0x0042ab00      0x83d src/main.o
 *fill*         0x0042b33d        0x3 
 .rodata.calibri_36_0x64
                0x0042b340       0x10 src/main.o
 .rodata.image_data_calibri_36_0x65
                0x0042b350      0x7ce src/main.o
 *fill*         0x0042bb1e        0x2 
 .rodata.calibri_36_0x65
                0x0042bb20       0x10 src/main.o
 .rodata.image_data_calibri_36_0x66
                0x0042bb30      0x4c5 src/main.o
 *fill*         0x0042bff5        0x3 
 .rodata.calibri_36_0x66
                0x0042bff8       0x10 src/main.o
 .rodata.image_data_calibri_36_0x67
                0x0042c008      0x75f src/main.o
 *fill*         0x0042c767        0x1 
 .rodata.calibri_36_0x67
                0x0042c768       0x10 src/main.o
 .rodata.image_data_calibri_36_0x68
                0x0042c778      0x83d src/main.o
 *fill*         0x0042cfb5        0x3 
 .rodata.calibri_36_0x68
                0x0042cfb8       0x10 src/main.o
 .rodata.image_data_calibri_36_0x69
                0x0042cfc8      0x378 src/main.o
 .rodata.calibri_36_0x69
                0x0042d340       0x10 src/main.o
 .rodata.image_data_calibri_36_0x6a
                0x0042d350      0x3e7 src/main.o
 *fill*         0x0042d737        0x1 
 .rodata.calibri_36_0x6a
                0x0042d738       0x10 src/main.o
 .rodata.image_data_calibri_36_0x6b
                0x0042d748      0x6f0 src/main.o
 .rodata.calibri_36_0x6b
                0x0042de38       0x10 src/main.o
 .rodata.image_data_calibri_36_0x6c
                0x0042de48      0x378 src/main.o
 .rodata.calibri_36_0x6c
                0x0042e1c0       0x10 src/main.o
 .rodata.image_data_calibri_36_0x6d
                0x0042e1d0      0xc93 src/main.o
 *fill*         0x0042ee63        0x1 
 .rodata.calibri_36_0x6d
                0x0042ee64       0x10 src/main.o
 .rodata.image_data_calibri_36_0x6e
                0x0042ee74      0x83d src/main.o
 *fill*         0x0042f6b1        0x3 
 .rodata.calibri_36_0x6e
                0x0042f6b4       0x10 src/main.o
 .rodata.image_data_calibri_36_0x6f
                0x0042f6c4      0x83d src/main.o
 *fill*         0x0042ff01        0x3 
 .rodata.calibri_36_0x6f
                0x0042ff04       0x10 src/main.o
 .rodata.image_data_calibri_36_0x70
                0x0042ff14      0x83d src/main.o
 *fill*         0x00430751        0x3 
 .rodata.calibri_36_0x70
                0x00430754       0x10 src/main.o
 .rodata.image_data_calibri_36_0x71
                0x00430764      0x83d src/main.o
 *fill*         0x00430fa1        0x3 
 .rodata.calibri_36_0x71
                0x00430fa4       0x10 src/main.o
 .rodata.image_data_calibri_36_0x72
                0x00430fb4      0x5a3 src/main.o
 *fill*         0x00431557        0x1 
 .rodata.calibri_36_0x72
                0x00431558       0x10 src/main.o
 .rodata.image_data_calibri_36_0x73
                0x00431568      0x612 src/main.o
 *fill*         0x00431b7a        0x2 
 .rodata.calibri_36_0x73
                0x00431b7c       0x10 src/main.o
 .rodata.image_data_calibri_36_0x74
                0x00431b8c      0x534 src/main.o
 .rodata.calibri_36_0x74
                0x004320c0       0x10 src/main.o
 .rodata.image_data_calibri_36_0x75
                0x004320d0      0x83d src/main.o
 *fill*         0x0043290d        0x3 
 .rodata.calibri_36_0x75
                0x00432910       0x10 src/main.o
 .rodata.image_data_calibri_36_0x76
                0x00432920      0x6f0 src/main.o
 .rodata.calibri_36_0x76
                0x00433010       0x10 src/main.o
 .rodata.image_data_calibri_36_0x77
                0x00433020      0xb46 src/main.o
 *fill*         0x00433b66        0x2 
 .rodata.calibri_36_0x77
                0x00433b68       0x10 src/main.o
 .rodata.image_data_calibri_36_0x78
                0x00433b78      0x6f0 src/main.o
 .rodata.calibri_36_0x78
                0x00434268       0x10 src/main.o
 .rodata.image_data_calibri_36_0x79
                0x00434278      0x6f0 src/main.o
 .rodata.calibri_36_0x79
                0x00434968       0x10 src/main.o
 .rodata.image_data_calibri_36_0x7a
                0x00434978      0x612 src/main.o
 *fill*         0x00434f8a        0x2 
 .rodata.calibri_36_0x7a
                0x00434f8c       0x10 src/main.o
 .rodata.image_data_calibri_36_0x7b
                0x00434f9c      0x4c5 src/main.o
 *fill*         0x00435461        0x3 
 .rodata.calibri_36_0x7b
                0x00435464       0x10 src/main.o
 .rodata.image_data_calibri_36_0x7c
                0x00435474      0x75f src/main.o
 *fill*         0x00435bd3        0x1 
 .rodata.calibri_36_0x7c
                0x00435bd4       0x10 src/main.o
 .rodata.image_data_calibri_36_0x7d
                0x00435be4      0x4c5 src/main.o
 *fill*         0x004360a9        0x3 
 .rodata.calibri_36_0x7d
                0x004360ac       0x10 src/main.o
 .rodata.image_data_calibri_36_0x7e
                0x004360bc      0x7ce src/main.o
 *fill*         0x0043688a        0x2 
 .rodata.calibri_36_0x7e
                0x0043688c       0x10 src/main.o
 .rodata.calibri_36_array
                0x0043689c      0x2f8 src/main.o
 .rodata.calibri_36
                0x00436b94        0xc src/main.o
                0x00436b94                calibri_36
 .rodata.image_data_arial_72_0x30
                0x00436ba0     0x2760 src/main.o
 .rodata.arial_72_0x30
                0x00439300       0x10 src/main.o
 .rodata.image_data_arial_72_0x31
                0x00439310     0x2760 src/main.o
 .rodata.arial_72_0x31
                0x0043ba70       0x10 src/main.o
 .rodata.image_data_arial_72_0x32
                0x0043ba80     0x2760 src/main.o
 .rodata.arial_72_0x32
                0x0043e1e0       0x10 src/main.o
 .rodata.image_data_arial_72_0x33
                0x0043e1f0     0x2760 src/main.o
 .rodata.arial_72_0x33
                0x00440950       0x10 src/main.o
 .rodata.image_data_arial_72_0x34
                0x00440960     0x2760 src/main.o
 .rodata.arial_72_0x34
                0x004430c0       0x10 src/main.o
 .rodata.image_data_arial_72_0x35
                0x004430d0     0x2760 src/main.o
 .rodata.arial_72_0x35
                0x00445830       0x10 src/main.o
 .rodata.image_data_arial_72_0x36
                0x00445840     0x2760 src/main.o
 .rodata.arial_72_0x36
                0x00447fa0       0x10 src/main.o
 .rodata.image_data_arial_72_0x37
                0x00447fb0     0x2760 src/main.o
 .rodata.arial_72_0x37
                0x0044a710       0x10 src/main.o
 .rodata.image_data_arial_72_0x38
                0x0044a720     0x2760 src/main.o
 .rodata.arial_72_0x38
                0x0044ce80       0x10 src/main.o
 .rodata.image_data_arial_72_0x39
                0x0044ce90     0x2760 src/main.o
 .rodata.arial_72_0x39
                0x0044f5f0       0x10 src/main.o
 .rodata.arial_72_array
                0x0044f600       0x50 src/main.o
 .rodata.arial_72
                0x0044f650        0xc src/main.o
                0x0044f650                arial_72
 .rodata        0x0044f65c       0x32 src/main.o
 *fill*         0x0044f68e        0x2 
 .rodata._global_impure_ptr
                0x0044f690        0x4 c:/program files (x86)/atmel/studio/7.0/toolchain/arm/arm-gnu-toolchain/bin/../lib/gcc/arm-none-eabi/6.3.1/../../../../arm-none-eabi/lib/thumb/v7e-m\libc.a(lib_a-impure.o)
                0x0044f690                _global_impure_ptr
 .rodata._svfprintf_r.str1.4
                0x0044f694       0x42 c:/program files (x86)/atmel/studio/7.0/toolchain/arm/arm-gnu-toolchain/bin/../lib/gcc/arm-none-eabi/6.3.1/../../../../arm-none-eabi/lib/thumb/v7e-m\libc.a(lib_a-svfprintf.o)
 *fill*         0x0044f6d6        0x2 
 .rodata.blanks.7223
                0x0044f6d8       0x10 c:/program files (x86)/atmel/studio/7.0/toolchain/arm/arm-gnu-toolchain/bin/../lib/gcc/arm-none-eabi/6.3.1/../../../../arm-none-eabi/lib/thumb/v7e-m\libc.a(lib_a-svfprintf.o)
 .rodata.zeroes.7224
                0x0044f6e8       0x10 c:/program files (x86)/atmel/studio/7.0/toolchain/arm/arm-gnu-toolchain/bin/../lib/gcc/arm-none-eabi/6.3.1/../../../../arm-none-eabi/lib/thumb/v7e-m\libc.a(lib_a-svfprintf.o)
 .rodata._dtoa_r.str1.4
                0x0044f6f8       0x10 c:/program files (x86)/atmel/studio/7.0/toolchain/arm/arm-gnu-toolchain/bin/../lib/gcc/arm-none-eabi/6.3.1/../../../../arm-none-eabi/lib/thumb/v7e-m\libc.a(lib_a-dtoa.o)
                                 0x12 (size before relaxing)
 .rodata.__mprec_bigtens
                0x0044f708       0x28 c:/program files (x86)/atmel/studio/7.0/toolchain/arm/arm-gnu-toolchain/bin/../lib/gcc/arm-none-eabi/6.3.1/../../../../arm-none-eabi/lib/thumb/v7e-m\libc.a(lib_a-mprec.o)
                0x0044f708                __mprec_bigtens
 .rodata.__mprec_tens
                0x0044f730       0xc8 c:/program files (x86)/atmel/studio/7.0/toolchain/arm/arm-gnu-toolchain/bin/../lib/gcc/arm-none-eabi/6.3.1/../../../../arm-none-eabi/lib/thumb/v7e-m\libc.a(lib_a-mprec.o)
                0x0044f730                __mprec_tens
 .rodata.p05.6055
                0x0044f7f8        0xc c:/program files (x86)/atmel/studio/7.0/toolchain/arm/arm-gnu-toolchain/bin/../lib/gcc/arm-none-eabi/6.3.1/../../../../arm-none-eabi/lib/thumb/v7e-m\libc.a(lib_a-mprec.o)
 .rodata._setlocale_r.str1.4
                0x0044f804        0xa c:/program files (x86)/atmel/studio/7.0/toolchain/arm/arm-gnu-toolchain/bin/../lib/gcc/arm-none-eabi/6.3.1/../../../../arm-none-eabi/lib/thumb/v7e-m\libc.a(lib_a-locale.o)
                                  0xd (size before relaxing)
 *fill*         0x0044f80e        0x2 
 .rodata.str1.4
                0x0044f810        0x4 c:/program files (x86)/atmel/studio/7.0/toolchain/arm/arm-gnu-toolchain/bin/../lib/gcc/arm-none-eabi/6.3.1/../../../../arm-none-eabi/lib/thumb/v7e-m\libc.a(lib_a-locale.o)
                                  0x2 (size before relaxing)
 .rodata._ctype_
                0x0044f814      0x101 c:/program files (x86)/atmel/studio/7.0/toolchain/arm/arm-gnu-toolchain/bin/../lib/gcc/arm-none-eabi/6.3.1/../../../../arm-none-eabi/lib/thumb/v7e-m\libc.a(lib_a-ctype_.o)
                0x0044f814                _ctype_
 *(.ARM.extab* .gnu.linkonce.armextab.*)
                0x0044f918                . = ALIGN (0x4)
 *fill*         0x0044f915        0x3 
 *(.init)
 .init          0x0044f918        0x4 c:/program files (x86)/atmel/studio/7.0/toolchain/arm/arm-gnu-toolchain/bin/../lib/gcc/arm-none-eabi/6.3.1/thumb/v7e-m/crti.o
                0x0044f918                _init
 .init          0x0044f91c        0x8 c:/program files (x86)/atmel/studio/7.0/toolchain/arm/arm-gnu-toolchain/bin/../lib/gcc/arm-none-eabi/6.3.1/thumb/v7e-m/crtn.o
                0x0044f924                . = ALIGN (0x4)
                0x0044f924                __preinit_array_start = .
 *(.preinit_array)
                0x0044f924                __preinit_array_end = .
                0x0044f924                . = ALIGN (0x4)
                0x0044f924                __init_array_start = .
 *(SORT(.init_array.*))
 .init_array.00000
                0x0044f924        0x4 c:/program files (x86)/atmel/studio/7.0/toolchain/arm/arm-gnu-toolchain/bin/../lib/gcc/arm-none-eabi/6.3.1/../../../../arm-none-eabi/lib/thumb/v7e-m\libc.a(lib_a-__call_atexit.o)
 *(.init_array)
 .init_array    0x0044f928        0x4 c:/program files (x86)/atmel/studio/7.0/toolchain/arm/arm-gnu-toolchain/bin/../lib/gcc/arm-none-eabi/6.3.1/thumb/v7e-m/crtbegin.o
                0x0044f92c                __init_array_end = .
                0x0044f92c                . = ALIGN (0x4)
 *crtbegin.o(.ctors)
 *(EXCLUDE_FILE(*crtend.o) .ctors)
 *(SORT(.ctors.*))
 *crtend.o(.ctors)
                0x0044f92c                . = ALIGN (0x4)
 *(.fini)
 .fini          0x0044f92c        0x4 c:/program files (x86)/atmel/studio/7.0/toolchain/arm/arm-gnu-toolchain/bin/../lib/gcc/arm-none-eabi/6.3.1/thumb/v7e-m/crti.o
                0x0044f92c                _fini
 .fini          0x0044f930        0x8 c:/program files (x86)/atmel/studio/7.0/toolchain/arm/arm-gnu-toolchain/bin/../lib/gcc/arm-none-eabi/6.3.1/thumb/v7e-m/crtn.o
                0x0044f938                . = ALIGN (0x4)
                0x0044f938                __fini_array_start = .
 *(.fini_array)
 .fini_array    0x0044f938        0x4 c:/program files (x86)/atmel/studio/7.0/toolchain/arm/arm-gnu-toolchain/bin/../lib/gcc/arm-none-eabi/6.3.1/thumb/v7e-m/crtbegin.o
 *(SORT(.fini_array.*))
                0x0044f93c                __fini_array_end = .
 *crtbegin.o(.dtors)
 *(EXCLUDE_FILE(*crtend.o) .dtors)
 *(SORT(.dtors.*))
 *crtend.o(.dtors)
                0x0044f93c                . = ALIGN (0x4)
                0x0044f93c                _efixed = .
                [!provide]                PROVIDE (__exidx_start, .)

.vfp11_veneer   0x0044f93c        0x0
 .vfp11_veneer  0x0044f93c        0x0 linker stubs

.v4_bx          0x0044f93c        0x0
 .v4_bx         0x0044f93c        0x0 linker stubs

.iplt           0x0044f93c        0x0
 .iplt          0x0044f93c        0x0 c:/program files (x86)/atmel/studio/7.0/toolchain/arm/arm-gnu-toolchain/bin/../lib/gcc/arm-none-eabi/6.3.1/thumb/v7e-m/crtbegin.o

.ARM.exidx      0x0044f93c        0x8
 *(.ARM.exidx* .gnu.linkonce.armexidx.*)
 .ARM.exidx     0x0044f93c        0x8 c:/program files (x86)/atmel/studio/7.0/toolchain/arm/arm-gnu-toolchain/bin/../lib/gcc/arm-none-eabi/6.3.1/thumb/v7e-m\libgcc.a(_udivmoddi4.o)
                [!provide]                PROVIDE (__exidx_end, .)

.eh_frame       0x0044f944        0x0
 .eh_frame      0x0044f944        0x0 c:/program files (x86)/atmel/studio/7.0/toolchain/arm/arm-gnu-toolchain/bin/../lib/gcc/arm-none-eabi/6.3.1/thumb/v7e-m/crtbegin.o

.rel.dyn        0x0044f944        0x0
 .rel.iplt      0x0044f944        0x0 c:/program files (x86)/atmel/studio/7.0/toolchain/arm/arm-gnu-toolchain/bin/../lib/gcc/arm-none-eabi/6.3.1/thumb/v7e-m/crtbegin.o

.jcr            0x0044f944        0x0
 .jcr           0x0044f944        0x0 c:/program files (x86)/atmel/studio/7.0/toolchain/arm/arm-gnu-toolchain/bin/../lib/gcc/arm-none-eabi/6.3.1/thumb/v7e-m/crtbegin.o

.igot.plt       0x0044f944        0x0
 .igot.plt      0x0044f944        0x0 c:/program files (x86)/atmel/studio/7.0/toolchain/arm/arm-gnu-toolchain/bin/../lib/gcc/arm-none-eabi/6.3.1/thumb/v7e-m/crtbegin.o
                0x0044f944                . = ALIGN (0x4)
                0x0044f944                _etext = .

.relocate       0x20400000      0x9b8 load address 0x0044f944
                0x20400000                . = ALIGN (0x4)
                0x20400000                _srelocate = .
 *(.ramfunc .ramfunc.*)
 *(.data .data.*)
 .data.g_interrupt_enabled
                0x20400000        0x1 src/ASF/common/utils/interrupt/interrupt_sam_nvic.o
                0x20400000                g_interrupt_enabled
 *fill*         0x20400001        0x3 
 .data.ul_flash_in_wait_mode
                0x20400004        0x4 src/ASF/sam/drivers/pmc/pmc.o
 .data.SystemCoreClock
                0x20400008        0x4 src/ASF/sam/utils/cmsis/same70/source/templates/system_same70.o
                0x20400008                SystemCoreClock
 .data._impure_ptr
                0x2040000c        0x4 c:/program files (x86)/atmel/studio/7.0/toolchain/arm/arm-gnu-toolchain/bin/../lib/gcc/arm-none-eabi/6.3.1/../../../../arm-none-eabi/lib/thumb/v7e-m\libc.a(lib_a-impure.o)
                0x2040000c                _impure_ptr
 .data.impure_data
                0x20400010      0x428 c:/program files (x86)/atmel/studio/7.0/toolchain/arm/arm-gnu-toolchain/bin/../lib/gcc/arm-none-eabi/6.3.1/../../../../arm-none-eabi/lib/thumb/v7e-m\libc.a(lib_a-impure.o)
 .data.__atexit_recursive_mutex
                0x20400438        0x4 c:/program files (x86)/atmel/studio/7.0/toolchain/arm/arm-gnu-toolchain/bin/../lib/gcc/arm-none-eabi/6.3.1/../../../../arm-none-eabi/lib/thumb/v7e-m\libc.a(lib_a-__call_atexit.o)
                0x20400438                __atexit_recursive_mutex
 .data.__malloc_av_
                0x2040043c      0x408 c:/program files (x86)/atmel/studio/7.0/toolchain/arm/arm-gnu-toolchain/bin/../lib/gcc/arm-none-eabi/6.3.1/../../../../arm-none-eabi/lib/thumb/v7e-m\libc.a(lib_a-mallocr.o)
                0x2040043c                __malloc_av_
 .data.__malloc_sbrk_base
                0x20400844        0x4 c:/program files (x86)/atmel/studio/7.0/toolchain/arm/arm-gnu-toolchain/bin/../lib/gcc/arm-none-eabi/6.3.1/../../../../arm-none-eabi/lib/thumb/v7e-m\libc.a(lib_a-mallocr.o)
                0x20400844                __malloc_sbrk_base
 .data.__malloc_trim_threshold
                0x20400848        0x4 c:/program files (x86)/atmel/studio/7.0/toolchain/arm/arm-gnu-toolchain/bin/../lib/gcc/arm-none-eabi/6.3.1/../../../../arm-none-eabi/lib/thumb/v7e-m\libc.a(lib_a-mallocr.o)
                0x20400848                __malloc_trim_threshold
 .data.__global_locale
                0x2040084c      0x16c c:/program files (x86)/atmel/studio/7.0/toolchain/arm/arm-gnu-toolchain/bin/../lib/gcc/arm-none-eabi/6.3.1/../../../../arm-none-eabi/lib/thumb/v7e-m\libc.a(lib_a-locale.o)
                0x2040084c                __global_locale
                0x204009b8                . = ALIGN (0x4)
                0x204009b8                _erelocate = .

.bss            0x204009b8      0x4e0 load address 0x004502fc
                0x204009b8                . = ALIGN (0x4)
                0x204009b8                _sbss = .
                0x204009b8                _szero = .
 *(.bss .bss.*)
 .bss           0x204009b8       0x1c c:/program files (x86)/atmel/studio/7.0/toolchain/arm/arm-gnu-toolchain/bin/../lib/gcc/arm-none-eabi/6.3.1/thumb/v7e-m/crtbegin.o
 .bss.g_wobits_in_rtt_mr
                0x204009d4        0x4 src/ASF/sam/drivers/rtt/rtt.o
 .bss.f_rtt_alarme
                0x204009d8        0x1 src/main.o
                0x204009d8                f_rtt_alarme
 *fill*         0x204009d9        0x3 
 .bss.rotations
                0x204009dc        0x4 src/main.o
                0x204009dc                rotations
 .bss.total_rotations
                0x204009e0        0x4 src/main.o
                0x204009e0                total_rotations
 .bss.velocity  0x204009e4        0x4 src/main.o
                0x204009e4                velocity
 .bss.distance  0x204009e8        0x4 src/main.o
                0x204009e8                distance
 .bss.g_ul_pixel_cache
                0x204009ec      0x3c0 src/ASF/sam/components/display/ili9488/ili9488.o
 .bss.gs_interrupt_sources
                0x20400dac       0x70 src/ASF/sam/drivers/pio/pio_handler.o
 .bss.gs_ul_nb_sources
                0x20400e1c        0x4 src/ASF/sam/drivers/pio/pio_handler.o
 .bss.b_is_sleep_clock_used
                0x20400e20        0x1 src/ASF/sam/drivers/pmc/sleep.o
 *fill*         0x20400e21        0x3 
 .bss.callback_clocks_restored
                0x20400e24        0x4 src/ASF/sam/drivers/pmc/sleep.o
 .bss.heap.6420
                0x20400e28        0x4 src/ASF/sam/utils/syscalls/gcc/syscalls.o
 .bss.__malloc_current_mallinfo
                0x20400e2c       0x28 c:/program files (x86)/atmel/studio/7.0/toolchain/arm/arm-gnu-toolchain/bin/../lib/gcc/arm-none-eabi/6.3.1/../../../../arm-none-eabi/lib/thumb/v7e-m\libc.a(lib_a-mallocr.o)
                0x20400e2c                __malloc_current_mallinfo
 .bss.__malloc_max_sbrked_mem
                0x20400e54        0x4 c:/program files (x86)/atmel/studio/7.0/toolchain/arm/arm-gnu-toolchain/bin/../lib/gcc/arm-none-eabi/6.3.1/../../../../arm-none-eabi/lib/thumb/v7e-m\libc.a(lib_a-mallocr.o)
                0x20400e54                __malloc_max_sbrked_mem
 .bss.__malloc_max_total_mem
                0x20400e58        0x4 c:/program files (x86)/atmel/studio/7.0/toolchain/arm/arm-gnu-toolchain/bin/../lib/gcc/arm-none-eabi/6.3.1/../../../../arm-none-eabi/lib/thumb/v7e-m\libc.a(lib_a-mallocr.o)
                0x20400e58                __malloc_max_total_mem
 .bss.__malloc_top_pad
                0x20400e5c        0x4 c:/program files (x86)/atmel/studio/7.0/toolchain/arm/arm-gnu-toolchain/bin/../lib/gcc/arm-none-eabi/6.3.1/../../../../arm-none-eabi/lib/thumb/v7e-m\libc.a(lib_a-mallocr.o)
                0x20400e5c                __malloc_top_pad
 *(COMMON)
 COMMON         0x20400e60       0x10 src/main.o
                0x20400e60                g_ili9488_display_opt
 COMMON         0x20400e70       0x21 c:/program files (x86)/atmel/studio/7.0/toolchain/arm/arm-gnu-toolchain/bin/../lib/gcc/arm-none-eabi/6.3.1/../../../../arm-none-eabi/lib/thumb/v7e-m\libc.a(lib_a-lock.o)
                0x20400e70                __lock___atexit_recursive_mutex
                0x20400e74                __lock___arc4random_mutex
                0x20400e78                __lock___env_recursive_mutex
                0x20400e7c                __lock___sinit_recursive_mutex
                0x20400e80                __lock___malloc_recursive_mutex
                0x20400e84                __lock___at_quick_exit_mutex
                0x20400e88                __lock___dd_hash_mutex
                0x20400e8c                __lock___tz_mutex
                0x20400e90                __lock___sfp_recursive_mutex
 *fill*         0x20400e91        0x3 
 COMMON         0x20400e94        0x4 c:/program files (x86)/atmel/studio/7.0/toolchain/arm/arm-gnu-toolchain/bin/../lib/gcc/arm-none-eabi/6.3.1/../../../../arm-none-eabi/lib/thumb/v7e-m\libc.a(lib_a-reent.o)
                0x20400e94                errno
                0x20400e98                . = ALIGN (0x4)
                0x20400e98                _ebss = .
                0x20400e98                _ezero = .

.stack          0x20400e98     0x2000 load address 0x004507dc
                0x20400e98                . = ALIGN (0x8)
                0x20400e98                _sstack = .
                0x20402e98                . = (. + STACK_SIZE)
 *fill*         0x20400e98     0x2000 
                0x20402e98                . = ALIGN (0x8)
                0x20402e98                _estack = .

.heap           0x20402e98      0x200 load address 0x004527dc
                0x20402e98                . = ALIGN (0x8)
                0x20402e98                _sheap = .
                0x20403098                . = (. + HEAP_SIZE)
 *fill*         0x20402e98      0x200 
                0x20403098                . = ALIGN (0x8)
                0x20403098                _eheap = .
                0x20403098                . = ALIGN (0x4)
                0x20403098                _end = .
                0x2045ffff                _ram_end_ = ((ORIGIN (ram) + LENGTH (ram)) - 0x1)
OUTPUT(SAME70_FONTS.elf elf32-littlearm)

.ARM.attributes
                0x00000000       0x2e
 .ARM.attributes
                0x00000000       0x1e c:/program files (x86)/atmel/studio/7.0/toolchain/arm/arm-gnu-toolchain/bin/../lib/gcc/arm-none-eabi/6.3.1/thumb/v7e-m/crti.o
 .ARM.attributes
                0x0000001e       0x2e c:/program files (x86)/atmel/studio/7.0/toolchain/arm/arm-gnu-toolchain/bin/../lib/gcc/arm-none-eabi/6.3.1/thumb/v7e-m/crtbegin.o
 .ARM.attributes
                0x0000004c       0x37 src/ASF/sam/drivers/rtt/rtt.o
 .ARM.attributes
                0x00000083       0x37 src/main.o
 .ARM.attributes
                0x000000ba       0x37 src/ASF/common/services/spi/sam_spi/spi_master.o
 .ARM.attributes
                0x000000f1       0x37 src/ASF/sam/components/display/ili9488/ili9488.o
 .ARM.attributes
                0x00000128       0x37 src/ASF/sam/drivers/spi/spi.o
 .ARM.attributes
                0x0000015f       0x37 src/ASF/common/services/clock/same70/sysclk.o
 .ARM.attributes
                0x00000196       0x37 src/ASF/common/utils/interrupt/interrupt_sam_nvic.o
 .ARM.attributes
                0x000001cd       0x37 src/ASF/sam/boards/same70_xplained/init.o
 .ARM.attributes
                0x00000204       0x37 src/ASF/sam/drivers/pio/pio.o
 .ARM.attributes
                0x0000023b       0x37 src/ASF/sam/drivers/pio/pio_handler.o
 .ARM.attributes
                0x00000272       0x37 src/ASF/sam/drivers/pmc/pmc.o
 .ARM.attributes
                0x000002a9       0x37 src/ASF/sam/drivers/pmc/sleep.o
 .ARM.attributes
                0x000002e0       0x37 src/ASF/sam/utils/cmsis/same70/source/templates/gcc/startup_same70.o
 .ARM.attributes
                0x00000317       0x37 src/ASF/sam/utils/cmsis/same70/source/templates/system_same70.o
 .ARM.attributes
                0x0000034e       0x37 src/ASF/sam/utils/syscalls/gcc/syscalls.o
 .ARM.attributes
                0x00000385       0x1e c:/program files (x86)/atmel/studio/7.0/toolchain/arm/arm-gnu-toolchain/bin/../lib/gcc/arm-none-eabi/6.3.1/thumb/v7e-m\libgcc.a(_arm_addsubdf3.o)
 .ARM.attributes
                0x000003a3       0x1e c:/program files (x86)/atmel/studio/7.0/toolchain/arm/arm-gnu-toolchain/bin/../lib/gcc/arm-none-eabi/6.3.1/thumb/v7e-m\libgcc.a(_arm_muldivdf3.o)
 .ARM.attributes
                0x000003c1       0x1e c:/program files (x86)/atmel/studio/7.0/toolchain/arm/arm-gnu-toolchain/bin/../lib/gcc/arm-none-eabi/6.3.1/thumb/v7e-m\libgcc.a(_arm_fixdfsi.o)
 .ARM.attributes
                0x000003df       0x2e c:/program files (x86)/atmel/studio/7.0/toolchain/arm/arm-gnu-toolchain/bin/../lib/gcc/arm-none-eabi/6.3.1/../../../../arm-none-eabi/lib/thumb/v7e-m\libc.a(lib_a-impure.o)
 .ARM.attributes
                0x0000040d       0x2e c:/program files (x86)/atmel/studio/7.0/toolchain/arm/arm-gnu-toolchain/bin/../lib/gcc/arm-none-eabi/6.3.1/../../../../arm-none-eabi/lib/thumb/v7e-m\libc.a(lib_a-init.o)
 .ARM.attributes
                0x0000043b       0x2e c:/program files (x86)/atmel/studio/7.0/toolchain/arm/arm-gnu-toolchain/bin/../lib/gcc/arm-none-eabi/6.3.1/../../../../arm-none-eabi/lib/thumb/v7e-m\libc.a(lib_a-memset.o)
 .ARM.attributes
                0x00000469       0x2e c:/program files (x86)/atmel/studio/7.0/toolchain/arm/arm-gnu-toolchain/bin/../lib/gcc/arm-none-eabi/6.3.1/../../../../arm-none-eabi/lib/thumb/v7e-m\libc.a(lib_a-sprintf.o)
 .ARM.attributes
                0x00000497       0x2e c:/program files (x86)/atmel/studio/7.0/toolchain/arm/arm-gnu-toolchain/bin/../lib/gcc/arm-none-eabi/6.3.1/../../../../arm-none-eabi/lib/thumb/v7e-m\libc.a(lib_a-svfprintf.o)
 .ARM.attributes
                0x000004c5       0x2e c:/program files (x86)/atmel/studio/7.0/toolchain/arm/arm-gnu-toolchain/bin/../lib/gcc/arm-none-eabi/6.3.1/../../../../arm-none-eabi/lib/thumb/v7e-m\libc.a(lib_a-__call_atexit.o)
 .ARM.attributes
                0x000004f3       0x2e c:/program files (x86)/atmel/studio/7.0/toolchain/arm/arm-gnu-toolchain/bin/../lib/gcc/arm-none-eabi/6.3.1/../../../../arm-none-eabi/lib/thumb/v7e-m\libc.a(lib_a-atexit.o)
 .ARM.attributes
                0x00000521       0x2e c:/program files (x86)/atmel/studio/7.0/toolchain/arm/arm-gnu-toolchain/bin/../lib/gcc/arm-none-eabi/6.3.1/../../../../arm-none-eabi/lib/thumb/v7e-m\libc.a(lib_a-dtoa.o)
 .ARM.attributes
                0x0000054f       0x2e c:/program files (x86)/atmel/studio/7.0/toolchain/arm/arm-gnu-toolchain/bin/../lib/gcc/arm-none-eabi/6.3.1/../../../../arm-none-eabi/lib/thumb/v7e-m\libc.a(lib_a-fini.o)
 .ARM.attributes
                0x0000057d       0x2e c:/program files (x86)/atmel/studio/7.0/toolchain/arm/arm-gnu-toolchain/bin/../lib/gcc/arm-none-eabi/6.3.1/../../../../arm-none-eabi/lib/thumb/v7e-m\libc.a(lib_a-localeconv.o)
 .ARM.attributes
                0x000005ab       0x2e c:/program files (x86)/atmel/studio/7.0/toolchain/arm/arm-gnu-toolchain/bin/../lib/gcc/arm-none-eabi/6.3.1/../../../../arm-none-eabi/lib/thumb/v7e-m\libc.a(lib_a-lock.o)
 .ARM.attributes
                0x000005d9       0x2e c:/program files (x86)/atmel/studio/7.0/toolchain/arm/arm-gnu-toolchain/bin/../lib/gcc/arm-none-eabi/6.3.1/../../../../arm-none-eabi/lib/thumb/v7e-m\libc.a(lib_a-mallocr.o)
 .ARM.attributes
                0x00000607       0x1c c:/program files (x86)/atmel/studio/7.0/toolchain/arm/arm-gnu-toolchain/bin/../lib/gcc/arm-none-eabi/6.3.1/../../../../arm-none-eabi/lib/thumb/v7e-m\libc.a(lib_a-memchr.o)
 .ARM.attributes
                0x00000623       0x1c c:/program files (x86)/atmel/studio/7.0/toolchain/arm/arm-gnu-toolchain/bin/../lib/gcc/arm-none-eabi/6.3.1/../../../../arm-none-eabi/lib/thumb/v7e-m\libc.a(lib_a-memcpy.o)
 .ARM.attributes
                0x0000063f       0x2e c:/program files (x86)/atmel/studio/7.0/toolchain/arm/arm-gnu-toolchain/bin/../lib/gcc/arm-none-eabi/6.3.1/../../../../arm-none-eabi/lib/thumb/v7e-m\libc.a(lib_a-mlock.o)
 .ARM.attributes
                0x0000066d       0x2e c:/program files (x86)/atmel/studio/7.0/toolchain/arm/arm-gnu-toolchain/bin/../lib/gcc/arm-none-eabi/6.3.1/../../../../arm-none-eabi/lib/thumb/v7e-m\libc.a(lib_a-mprec.o)
 .ARM.attributes
                0x0000069b       0x2e c:/program files (x86)/atmel/studio/7.0/toolchain/arm/arm-gnu-toolchain/bin/../lib/gcc/arm-none-eabi/6.3.1/../../../../arm-none-eabi/lib/thumb/v7e-m\libc.a(lib_a-sbrkr.o)
 .ARM.attributes
                0x000006c9       0x1c c:/program files (x86)/atmel/studio/7.0/toolchain/arm/arm-gnu-toolchain/bin/../lib/gcc/arm-none-eabi/6.3.1/../../../../arm-none-eabi/lib/thumb/v7e-m\libc.a(lib_a-strlen.o)
 .ARM.attributes
                0x000006e5       0x2e c:/program files (x86)/atmel/studio/7.0/toolchain/arm/arm-gnu-toolchain/bin/../lib/gcc/arm-none-eabi/6.3.1/../../../../arm-none-eabi/lib/thumb/v7e-m\libc.a(lib_a-svfiprintf.o)
 .ARM.attributes
                0x00000713       0x2e c:/program files (x86)/atmel/studio/7.0/toolchain/arm/arm-gnu-toolchain/bin/../lib/gcc/arm-none-eabi/6.3.1/../../../../arm-none-eabi/lib/thumb/v7e-m\libc.a(lib_a-__atexit.o)
 .ARM.attributes
                0x00000741       0x2e c:/program files (x86)/atmel/studio/7.0/toolchain/arm/arm-gnu-toolchain/bin/../lib/gcc/arm-none-eabi/6.3.1/../../../../arm-none-eabi/lib/thumb/v7e-m\libc.a(lib_a-callocr.o)
 .ARM.attributes
                0x0000076f       0x2e c:/program files (x86)/atmel/studio/7.0/toolchain/arm/arm-gnu-toolchain/bin/../lib/gcc/arm-none-eabi/6.3.1/../../../../arm-none-eabi/lib/thumb/v7e-m\libc.a(lib_a-freer.o)
 .ARM.attributes
                0x0000079d       0x2e c:/program files (x86)/atmel/studio/7.0/toolchain/arm/arm-gnu-toolchain/bin/../lib/gcc/arm-none-eabi/6.3.1/../../../../arm-none-eabi/lib/thumb/v7e-m\libc.a(lib_a-locale.o)
 .ARM.attributes
                0x000007cb       0x2e c:/program files (x86)/atmel/studio/7.0/toolchain/arm/arm-gnu-toolchain/bin/../lib/gcc/arm-none-eabi/6.3.1/../../../../arm-none-eabi/lib/thumb/v7e-m\libc.a(lib_a-mbtowc_r.o)
 .ARM.attributes
                0x000007f9       0x2e c:/program files (x86)/atmel/studio/7.0/toolchain/arm/arm-gnu-toolchain/bin/../lib/gcc/arm-none-eabi/6.3.1/../../../../arm-none-eabi/lib/thumb/v7e-m\libc.a(lib_a-memmove.o)
 .ARM.attributes
                0x00000827       0x2e c:/program files (x86)/atmel/studio/7.0/toolchain/arm/arm-gnu-toolchain/bin/../lib/gcc/arm-none-eabi/6.3.1/../../../../arm-none-eabi/lib/thumb/v7e-m\libc.a(lib_a-reallocr.o)
 .ARM.attributes
                0x00000855       0x2e c:/program files (x86)/atmel/studio/7.0/toolchain/arm/arm-gnu-toolchain/bin/../lib/gcc/arm-none-eabi/6.3.1/../../../../arm-none-eabi/lib/thumb/v7e-m\libc.a(lib_a-reent.o)
 .ARM.attributes
                0x00000883       0x2e c:/program files (x86)/atmel/studio/7.0/toolchain/arm/arm-gnu-toolchain/bin/../lib/gcc/arm-none-eabi/6.3.1/../../../../arm-none-eabi/lib/thumb/v7e-m\libc.a(lib_a-wctomb_r.o)
 .ARM.attributes
                0x000008b1       0x2e c:/program files (x86)/atmel/studio/7.0/toolchain/arm/arm-gnu-toolchain/bin/../lib/gcc/arm-none-eabi/6.3.1/../../../../arm-none-eabi/lib/thumb/v7e-m\libc.a(lib_a-ctype_.o)
 .ARM.attributes
                0x000008df       0x1e c:/program files (x86)/atmel/studio/7.0/toolchain/arm/arm-gnu-toolchain/bin/../lib/gcc/arm-none-eabi/6.3.1/thumb/v7e-m\libgcc.a(_arm_cmpdf2.o)
 .ARM.attributes
                0x000008fd       0x1e c:/program files (x86)/atmel/studio/7.0/toolchain/arm/arm-gnu-toolchain/bin/../lib/gcc/arm-none-eabi/6.3.1/thumb/v7e-m\libgcc.a(_arm_unorddf2.o)
 .ARM.attributes
                0x0000091b       0x1e c:/program files (x86)/atmel/studio/7.0/toolchain/arm/arm-gnu-toolchain/bin/../lib/gcc/arm-none-eabi/6.3.1/thumb/v7e-m\libgcc.a(_aeabi_uldivmod.o)
 .ARM.attributes
                0x00000939       0x2e c:/program files (x86)/atmel/studio/7.0/toolchain/arm/arm-gnu-toolchain/bin/../lib/gcc/arm-none-eabi/6.3.1/thumb/v7e-m\libgcc.a(_udivmoddi4.o)
 .ARM.attributes
                0x00000967       0x1e c:/program files (x86)/atmel/studio/7.0/toolchain/arm/arm-gnu-toolchain/bin/../lib/gcc/arm-none-eabi/6.3.1/thumb/v7e-m\libgcc.a(_dvmd_tls.o)
 .ARM.attributes
                0x00000985       0x1e c:/program files (x86)/atmel/studio/7.0/toolchain/arm/arm-gnu-toolchain/bin/../lib/gcc/arm-none-eabi/6.3.1/thumb/v7e-m/crtn.o

.comment        0x00000000       0x59
 .comment       0x00000000       0x59 src/ASF/sam/drivers/rtt/rtt.o
                                 0x5a (size before relaxing)
 .comment       0x00000059       0x5a src/main.o
 .comment       0x00000059       0x5a src/ASF/common/services/spi/sam_spi/spi_master.o
 .comment       0x00000059       0x5a src/ASF/sam/components/display/ili9488/ili9488.o
 .comment       0x00000059       0x5a src/ASF/sam/drivers/spi/spi.o
 .comment       0x00000059       0x5a src/ASF/common/services/clock/same70/sysclk.o
 .comment       0x00000059       0x5a src/ASF/common/utils/interrupt/interrupt_sam_nvic.o
 .comment       0x00000059       0x5a src/ASF/sam/boards/same70_xplained/init.o
 .comment       0x00000059       0x5a src/ASF/sam/drivers/pio/pio.o
 .comment       0x00000059       0x5a src/ASF/sam/drivers/pio/pio_handler.o
 .comment       0x00000059       0x5a src/ASF/sam/drivers/pmc/pmc.o
 .comment       0x00000059       0x5a src/ASF/sam/drivers/pmc/sleep.o
 .comment       0x00000059       0x5a src/ASF/sam/utils/cmsis/same70/source/templates/gcc/startup_same70.o
 .comment       0x00000059       0x5a src/ASF/sam/utils/cmsis/same70/source/templates/system_same70.o
 .comment       0x00000059       0x5a src/ASF/sam/utils/syscalls/gcc/syscalls.o

.debug_info     0x00000000    0x1581f
 .debug_info    0x00000000      0xcaf src/ASF/sam/drivers/rtt/rtt.o
 .debug_info    0x00000caf     0x331a src/main.o
 .debug_info    0x00003fc9     0x143e src/ASF/common/services/spi/sam_spi/spi_master.o
 .debug_info    0x00005407     0x208c src/ASF/sam/components/display/ili9488/ili9488.o
 .debug_info    0x00007493     0x1123 src/ASF/sam/drivers/spi/spi.o
 .debug_info    0x000085b6     0x1311 src/ASF/common/services/clock/same70/sysclk.o
 .debug_info    0x000098c7      0xb06 src/ASF/common/utils/interrupt/interrupt_sam_nvic.o
 .debug_info    0x0000a3cd     0x1dad src/ASF/sam/boards/same70_xplained/init.o
 .debug_info    0x0000c17a     0x1ce3 src/ASF/sam/drivers/pio/pio.o
 .debug_info    0x0000de5d     0x1a74 src/ASF/sam/drivers/pio/pio_handler.o
 .debug_info    0x0000f8d1     0x1eed src/ASF/sam/drivers/pmc/pmc.o
 .debug_info    0x000117be     0x16bf src/ASF/sam/drivers/pmc/sleep.o
 .debug_info    0x00012e7d     0x1612 src/ASF/sam/utils/cmsis/same70/source/templates/gcc/startup_same70.o
 .debug_info    0x0001448f      0x5d4 src/ASF/sam/utils/cmsis/same70/source/templates/system_same70.o
 .debug_info    0x00014a63      0xdbc src/ASF/sam/utils/syscalls/gcc/syscalls.o

.debug_abbrev   0x00000000     0x27e5
 .debug_abbrev  0x00000000      0x203 src/ASF/sam/drivers/rtt/rtt.o
 .debug_abbrev  0x00000203      0x35c src/main.o