Archive member included to satisfy reference by file (symbol)

c:/program files (x86)/atmel/studio/7.0/toolchain/arm/arm-gnu-toolchain/bin/../lib/gcc/arm-none-eabi/6.3.1/../../../../arm-none-eabi/lib/thumb/v7e-m\libc.a(lib_a-exit.o)
                              c:/program files (x86)/atmel/studio/7.0/toolchain/arm/arm-gnu-toolchain/bin/../lib/gcc/arm-none-eabi/6.3.1/../../../../arm-none-eabi/lib/thumb/v7e-m/crt0.o (exit)
c:/program files (x86)/atmel/studio/7.0/toolchain/arm/arm-gnu-toolchain/bin/../lib/gcc/arm-none-eabi/6.3.1/../../../../arm-none-eabi/lib/thumb/v7e-m\libc.a(lib_a-impure.o)
                              c:/program files (x86)/atmel/studio/7.0/toolchain/arm/arm-gnu-toolchain/bin/../lib/gcc/arm-none-eabi/6.3.1/../../../../arm-none-eabi/lib/thumb/v7e-m\libc.a(lib_a-exit.o) (_global_impure_ptr)
c:/program files (x86)/atmel/studio/7.0/toolchain/arm/arm-gnu-toolchain/bin/../lib/gcc/arm-none-eabi/6.3.1/../../../../arm-none-eabi/lib/thumb/v7e-m\libc.a(lib_a-init.o)
                              c:/program files (x86)/atmel/studio/7.0/toolchain/arm/arm-gnu-toolchain/bin/../lib/gcc/arm-none-eabi/6.3.1/../../../../arm-none-eabi/lib/thumb/v7e-m/crt0.o (__libc_init_array)
c:/program files (x86)/atmel/studio/7.0/toolchain/arm/arm-gnu-toolchain/bin/../lib/gcc/arm-none-eabi/6.3.1/../../../../arm-none-eabi/lib/thumb/v7e-m\libc.a(lib_a-memset.o)
                              c:/program files (x86)/atmel/studio/7.0/toolchain/arm/arm-gnu-toolchain/bin/../lib/gcc/arm-none-eabi/6.3.1/../../../../arm-none-eabi/lib/thumb/v7e-m/crt0.o (memset)
c:/program files (x86)/atmel/studio/7.0/toolchain/arm/arm-gnu-toolchain/bin/../lib/gcc/arm-none-eabi/6.3.1/../../../../arm-none-eabi/lib/thumb/v7e-m\libc.a(lib_a-__call_atexit.o)
                              c:/program files (x86)/atmel/studio/7.0/toolchain/arm/arm-gnu-toolchain/bin/../lib/gcc/arm-none-eabi/6.3.1/../../../../arm-none-eabi/lib/thumb/v7e-m\libc.a(lib_a-exit.o) (__call_exitprocs)
c:/program files (x86)/atmel/studio/7.0/toolchain/arm/arm-gnu-toolchain/bin/../lib/gcc/arm-none-eabi/6.3.1/../../../../arm-none-eabi/lib/thumb/v7e-m\libc.a(lib_a-atexit.o)
                              c:/program files (x86)/atmel/studio/7.0/toolchain/arm/arm-gnu-toolchain/bin/../lib/gcc/arm-none-eabi/6.3.1/../../../../arm-none-eabi/lib/thumb/v7e-m\libc.a(lib_a-__call_atexit.o) (atexit)
c:/program files (x86)/atmel/studio/7.0/toolchain/arm/arm-gnu-toolchain/bin/../lib/gcc/arm-none-eabi/6.3.1/../../../../arm-none-eabi/lib/thumb/v7e-m\libc.a(lib_a-fini.o)
                              c:/program files (x86)/atmel/studio/7.0/toolchain/arm/arm-gnu-toolchain/bin/../lib/gcc/arm-none-eabi/6.3.1/../../../../arm-none-eabi/lib/thumb/v7e-m\libc.a(lib_a-__call_atexit.o) (__libc_fini_array)
c:/program files (x86)/atmel/studio/7.0/toolchain/arm/arm-gnu-toolchain/bin/../lib/gcc/arm-none-eabi/6.3.1/../../../../arm-none-eabi/lib/thumb/v7e-m\libc.a(lib_a-lock.o)
                              c:/program files (x86)/atmel/studio/7.0/toolchain/arm/arm-gnu-toolchain/bin/../lib/gcc/arm-none-eabi/6.3.1/../../../../arm-none-eabi/lib/thumb/v7e-m\libc.a(lib_a-__call_atexit.o) (__retarget_lock_acquire_recursive)
c:/program files (x86)/atmel/studio/7.0/toolchain/arm/arm-gnu-toolchain/bin/../lib/gcc/arm-none-eabi/6.3.1/../../../../arm-none-eabi/lib/thumb/v7e-m\libc.a(lib_a-__atexit.o)
                              c:/program files (x86)/atmel/studio/7.0/toolchain/arm/arm-gnu-toolchain/bin/../lib/gcc/arm-none-eabi/6.3.1/../../../../arm-none-eabi/lib/thumb/v7e-m\libc.a(lib_a-atexit.o) (__register_exitproc)

Allocating common symbols
Common symbol       size              file

__lock___atexit_recursive_mutex
                    0x1               c:/program files (x86)/atmel/studio/7.0/toolchain/arm/arm-gnu-toolchain/bin/../lib/gcc/arm-none-eabi/6.3.1/../../../../arm-none-eabi/lib/thumb/v7e-m\libc.a(lib_a-lock.o)
__lock___arc4random_mutex
                    0x1               c:/program files (x86)/atmel/studio/7.0/toolchain/arm/arm-gnu-toolchain/bin/../lib/gcc/arm-none-eabi/6.3.1/../../../../arm-none-eabi/lib/thumb/v7e-m\libc.a(lib_a-lock.o)
__lock___env_recursive_mutex
                    0x1               c:/program files (x86)/atmel/studio/7.0/toolchain/arm/arm-gnu-toolchain/bin/../lib/gcc/arm-none-eabi/6.3.1/../../../../arm-none-eabi/lib/thumb/v7e-m\libc.a(lib_a-lock.o)
__lock___sinit_recursive_mutex
                    0x1               c:/program files (x86)/atmel/studio/7.0/toolchain/arm/arm-gnu-toolchain/bin/../lib/gcc/arm-none-eabi/6.3.1/../../../../arm-none-eabi/lib/thumb/v7e-m\libc.a(lib_a-lock.o)
__lock___malloc_recursive_mutex
                    0x1               c:/program files (x86)/atmel/studio/7.0/toolchain/arm/arm-gnu-toolchain/bin/../lib/gcc/arm-none-eabi/6.3.1/../../../../arm-none-eabi/lib/thumb/v7e-m\libc.a(lib_a-lock.o)
pio_capture_enable_flag
                    0x4               src/ASF/sam/drivers/pio/pio.o
g_ili9488_display_opt
                    0x10              src/main.o
[...]
Memory Configuration

Name             Origin             Length             Attributes
rom              0x00400000         0x00200000         xr
ram              0x20400000         0x00060000         xrw
*default*        0x00000000         0xffffffff

Linker script and memory map

LOAD c:/program files (x86)/atmel/studio/7.0/toolchain/arm/arm-gnu-toolchain/bin/../lib/gcc/arm-none-eabi/6.3.1/thumb/v7e-m/crti.o
LOAD c:/program files (x86)/atmel/studio/7.0/toolchain/arm/arm-gnu-toolchain/bin/../lib/gcc/arm-none-eabi/6.3.1/thumb/v7e-m/crtbegin.o
LOAD c:/program files (x86)/atmel/studio/7.0/toolchain/arm/arm-gnu-toolchain/bin/../lib/gcc/arm-none-eabi/6.3.1/../../../../arm-none-eabi/lib/thumb/v7e-m/crt0.o
LOAD src/main.o
LOAD src/ASF/common/services/delay/sam/cycle_counter.o
LOAD src/ASF/common/services/spi/sam_spi/spi_master.o
LOAD src/ASF/sam/components/display/ili9488/ili9488.o
LOAD src/ASF/sam/drivers/spi/spi.o
LOAD src/ASF/common/services/clock/same70/sysclk.o
LOAD src/ASF/common/utils/interrupt/interrupt_sam_nvic.o
LOAD src/ASF/sam/boards/same70_xplained/init.o
LOAD src/ASF/sam/drivers/mpu/mpu.o
LOAD src/ASF/sam/drivers/pio/pio.o
LOAD src/ASF/sam/drivers/pio/pio_handler.o
LOAD src/ASF/sam/drivers/pmc/pmc.o
LOAD src/ASF/sam/drivers/pmc/sleep.o
LOAD src/ASF/sam/utils/cmsis/same70/source/templates/gcc/startup_same70.o
LOAD src/ASF/sam/utils/cmsis/same70/source/templates/system_same70.o
LOAD src/ASF/sam/utils/syscalls/gcc/syscalls.o
START GROUP
LOAD ../src/ASF/thirdparty/CMSIS/Lib/GCC\libarm_cortexM7lfsp_math_softfp.a
LOAD c:/program files (x86)/atmel/studio/7.0/toolchain/arm/arm-gnu-toolchain/bin/../lib/gcc/arm-none-eabi/6.3.1/../../../../arm-none-eabi/lib/thumb/v7e-m\libm.a
END GROUP
START GROUP
LOAD c:/program files (x86)/atmel/studio/7.0/toolchain/arm/arm-gnu-toolchain/bin/../lib/gcc/arm-none-eabi/6.3.1/thumb/v7e-m\libgcc.a
LOAD c:/program files (x86)/atmel/studio/7.0/toolchain/arm/arm-gnu-toolchain/bin/../lib/gcc/arm-none-eabi/6.3.1/../../../../arm-none-eabi/lib/thumb/v7e-m\libc.a
END GROUP
LOAD c:/program files (x86)/atmel/studio/7.0/toolchain/arm/arm-gnu-toolchain/bin/../lib/gcc/arm-none-eabi/6.3.1/thumb/v7e-m/crtend.o
LOAD c:/program files (x86)/atmel/studio/7.0/toolchain/arm/arm-gnu-toolchain/bin/../lib/gcc/arm-none-eabi/6.3.1/thumb/v7e-m/crtn.o
                0x00002000                STACK_SIZE = DEFINED (STACK_SIZE)?STACK_SIZE:0x2000
                0x2045fffc                __ram_end__ = ((ORIGIN (ram) + LENGTH (ram)) - 0x4)
                0x00000200                HEAP_SIZE = DEFINED (HEAP_SIZE)?HEAP_SIZE:0x200

.text           0x00400000    0x4a550
                0x00400000                . = ALIGN (0x4)
                0x00400000                _sfixed = .
 *(.vectors .vectors.*)
 .vectors       0x00400000      0x168 src/ASF/sam/utils/cmsis/same70/source/templates/gcc/startup_same70.o
                0x00400000                exception_table
 *(.text .text.* .gnu.linkonce.t.*)
 .text          0x00400168       0x6c c:/program files (x86)/atmel/studio/7.0/toolchain/arm/arm-gnu-toolchain/bin/../lib/gcc/arm-none-eabi/6.3.1/thumb/v7e-m/crtbegin.o
 .text.NVIC_EnableIRQ
                0x004001d4       0x34 src/main.o
 .text.NVIC_SetPriority
                0x00400208       0x54 src/main.o
 .text.but3_callback
                0x0040025c       0x1c src/main.o
                0x0040025c                but3_callback
 .text.BUT_init
                0x00400278       0x6c src/main.o
                0x00400278                BUT_init
 .text.configure_lcd
                0x004002e4       0x4c src/main.o
                0x004002e4                configure_lcd
 .text.font_draw_text
                0x00400330       0x88 src/main.o
                0x00400330                font_draw_text
 .text.main     0x004003b8       0x74 src/main.o
                0x004003b8                main
 .text.osc_get_rate
                0x0040042c       0x74 src/ASF/common/services/spi/sam_spi/spi_master.o
 .text.sysclk_get_main_hz
                0x004004a0       0x20 src/ASF/common/services/spi/sam_spi/spi_master.o
 .text.sysclk_get_peripheral_hz
                0x004004c0       0x14 src/ASF/common/services/spi/sam_spi/spi_master.o
 .text.spi_reset
                0x004004d4       0x1a src/ASF/common/services/spi/sam_spi/spi_master.o
 .text.spi_set_master_mode
                0x004004ee       0x20 src/ASF/common/services/spi/sam_spi/spi_master.o
 .text.spi_set_fixed_peripheral_select
                0x0040050e       0x20 src/ASF/common/services/spi/sam_spi/spi_master.o
 .text.spi_disable_peripheral_select_decode
                0x0040052e       0x20 src/ASF/common/services/spi/sam_spi/spi_master.o
 .text.spi_get_peripheral_select_decode_setting
                0x0040054e       0x26 src/ASF/common/services/spi/sam_spi/spi_master.o
 .text.spi_disable_mode_fault_detect
                0x00400574       0x20 src/ASF/common/services/spi/sam_spi/spi_master.o
 .text.spi_disable_loopback
                0x00400594       0x20 src/ASF/common/services/spi/sam_spi/spi_master.o
 .text.spi_put  0x004005b4       0x1e src/ASF/common/services/spi/sam_spi/spi_master.o
 .text.spi_get  0x004005d2       0x1a src/ASF/common/services/spi/sam_spi/spi_master.o
 .text.spi_is_tx_ready
                0x004005ec       0x26 src/ASF/common/services/spi/sam_spi/spi_master.o
 .text.spi_is_rx_ready
                0x00400612       0x2c src/ASF/common/services/spi/sam_spi/spi_master.o
 *fill*         0x0040063e        0x2 
 .text.spi_write_single
                0x00400640       0x24 src/ASF/common/services/spi/sam_spi/spi_master.o
 .text.spi_read_single
                0x00400664       0x24 src/ASF/common/services/spi/sam_spi/spi_master.o
 .text.spi_master_init
                0x00400688       0x70 src/ASF/common/services/spi/sam_spi/spi_master.o
                0x00400688                spi_master_init
 .text.spi_master_setup_device
                0x004006f8       0xb4 src/ASF/common/services/spi/sam_spi/spi_master.o
                0x004006f8                spi_master_setup_device
 .text.spi_select_device
                0x004007ac       0x58 src/ASF/common/services/spi/sam_spi/spi_master.o
                0x004007ac                spi_select_device
 .text.spi_write_packet
                0x00400804       0x74 src/ASF/common/services/spi/sam_spi/spi_master.o
                0x00400804                spi_write_packet
 .text.spi_read_packet
                0x00400878       0xac src/ASF/common/services/spi/sam_spi/spi_master.o
                0x00400878                spi_read_packet
 .text.spi_enable
                0x00400924       0x1a src/ASF/sam/components/display/ili9488/ili9488.o
 .text.spi_enable_interrupt
                0x0040093e       0x1c src/ASF/sam/components/display/ili9488/ili9488.o
 *fill*         0x0040095a        0x2 
 .text.ili9488_write_ram_prepare
                0x0040095c       0x40 src/ASF/sam/components/display/ili9488/ili9488.o
 .text.ili9488_write_ram_buffer
                0x0040099c       0x40 src/ASF/sam/components/display/ili9488/ili9488.o
 .text.ili9488_write_register
                0x004009dc       0x78 src/ASF/sam/components/display/ili9488/ili9488.o
 .text.ili9488_read_chipid
                0x00400a54       0xcc src/ASF/sam/components/display/ili9488/ili9488.o
 .text.ili9488_delay
                0x00400b20       0x40 src/ASF/sam/components/display/ili9488/ili9488.o
                0x00400b20                ili9488_delay
 .text.ili9488_check_box_coordinates
                0x00400b60       0xa2 src/ASF/sam/components/display/ili9488/ili9488.o
 *fill*         0x00400c02        0x2 
 .text.ili9488_set_display_direction
                0x00400c04       0x34 src/ASF/sam/components/display/ili9488/ili9488.o
                0x00400c04                ili9488_set_display_direction
 .text.ili9488_set_window
                0x00400c38       0xc8 src/ASF/sam/components/display/ili9488/ili9488.o
                0x00400c38                ili9488_set_window
 .text.ili9488_init
                0x00400d00      0x15c src/ASF/sam/components/display/ili9488/ili9488.o
                0x00400d00                ili9488_init
 .text.ili9488_display_on
                0x00400e5c       0x18 src/ASF/sam/components/display/ili9488/ili9488.o
                0x00400e5c                ili9488_display_on
 .text.ili9488_set_foreground_color
                0x00400e74       0x54 src/ASF/sam/components/display/ili9488/ili9488.o
                0x00400e74                ili9488_set_foreground_color
 .text.ili9488_set_cursor_position
                0x00400ec8       0x84 src/ASF/sam/components/display/ili9488/ili9488.o
                0x00400ec8                ili9488_set_cursor_position
 .text.ili9488_draw_filled_rectangle
                0x00400f4c       0xdc src/ASF/sam/components/display/ili9488/ili9488.o
                0x00400f4c                ili9488_draw_filled_rectangle
 .text.ili9488_draw_pixmap
                0x00401028       0xb4 src/ASF/sam/components/display/ili9488/ili9488.o
                0x00401028                ili9488_draw_pixmap
 .text.spi_get_peripheral_select_mode
                0x004010dc       0x26 src/ASF/sam/drivers/spi/spi.o
 *fill*         0x00401102        0x2 
 .text.sysclk_enable_peripheral_clock
                0x00401104       0x1c src/ASF/sam/drivers/spi/spi.o
 .text.spi_enable_clock
                0x00401120       0x3c src/ASF/sam/drivers/spi/spi.o
                0x00401120                spi_enable_clock
 .text.spi_set_peripheral_chip_select_value
                0x0040115c       0x34 src/ASF/sam/drivers/spi/spi.o
                0x0040115c                spi_set_peripheral_chip_select_value
 .text.spi_set_delay_between_chip_select
                0x00401190       0x30 src/ASF/sam/drivers/spi/spi.o
                0x00401190                spi_set_delay_between_chip_select
 .text.spi_write
                0x004011c0       0x80 src/ASF/sam/drivers/spi/spi.o
                0x004011c0                spi_write
 .text.spi_set_clock_polarity
                0x00401240       0x50 src/ASF/sam/drivers/spi/spi.o
                0x00401240                spi_set_clock_polarity
 .text.spi_set_clock_phase
                0x00401290       0x50 src/ASF/sam/drivers/spi/spi.o
                0x00401290                spi_set_clock_phase
 .text.spi_configure_cs_behavior
                0x004012e0       0xa6 src/ASF/sam/drivers/spi/spi.o
                0x004012e0                spi_configure_cs_behavior
 .text.spi_set_bits_per_transfer
                0x00401386       0x4a src/ASF/sam/drivers/spi/spi.o
                0x00401386                spi_set_bits_per_transfer
 .text.spi_calc_baudrate_div
                0x004013d0       0x3c src/ASF/sam/drivers/spi/spi.o
                0x004013d0                spi_calc_baudrate_div
 .text.spi_set_baudrate_div
                0x0040140c       0x5e src/ASF/sam/drivers/spi/spi.o
                0x0040140c                spi_set_baudrate_div
 .text.spi_set_transfer_delay
                0x0040146a       0x5e src/ASF/sam/drivers/spi/spi.o
                0x0040146a                spi_set_transfer_delay
 .text.osc_enable
                0x004014c8       0x88 src/ASF/common/services/clock/same70/sysclk.o
 .text.osc_is_ready
                0x00401550       0x70 src/ASF/common/services/clock/same70/sysclk.o
 .text.osc_get_rate
                0x004015c0       0x74 src/ASF/common/services/clock/same70/sysclk.o
 .text.osc_wait_ready
                0x00401634       0x2c src/ASF/common/services/clock/same70/sysclk.o
 .text.pll_config_init
                0x00401660       0x6c src/ASF/common/services/clock/same70/sysclk.o
 .text.pll_enable
                0x004016cc       0x40 src/ASF/common/services/clock/same70/sysclk.o
 .text.pll_is_locked
                0x0040170c       0x2c src/ASF/common/services/clock/same70/sysclk.o
 .text.pll_enable_source
                0x00401738       0x38 src/ASF/common/services/clock/same70/sysclk.o
 .text.pll_wait_for_lock
                0x00401770       0x24 src/ASF/common/services/clock/same70/sysclk.o
 .text.sysclk_get_main_hz
                0x00401794       0x20 src/ASF/common/services/clock/same70/sysclk.o
 .text.sysclk_get_cpu_hz
                0x004017b4       0x14 src/ASF/common/services/clock/same70/sysclk.o
 .text.sysclk_init
                0x004017c8       0x7c src/ASF/common/services/clock/same70/sysclk.o
                0x004017c8                sysclk_init
 .text.SCB_EnableICache
                0x00401844       0x38 src/ASF/sam/boards/same70_xplained/init.o
 .text.SCB_EnableDCache
                0x0040187c       0xa4 src/ASF/sam/boards/same70_xplained/init.o
 .text.sysclk_enable_peripheral_clock
                0x00401920       0x1c src/ASF/sam/boards/same70_xplained/init.o
 .text.ioport_init
                0x0040193c       0x2c src/ASF/sam/boards/same70_xplained/init.o
 .text.ioport_set_pin_mode
                0x00401968      0x11c src/ASF/sam/boards/same70_xplained/init.o
 .text.ioport_set_pin_dir
                0x00401a84       0x88 src/ASF/sam/boards/same70_xplained/init.o
 .text.ioport_set_pin_level
                0x00401b0c       0x6c src/ASF/sam/boards/same70_xplained/init.o
 .text.ioport_set_pin_sense_mode
                0x00401b78       0xd0 src/ASF/sam/boards/same70_xplained/init.o
 .text.tcm_disable
                0x00401c48       0x44 src/ASF/sam/boards/same70_xplained/init.o
 .text.board_init
                0x00401c8c      0x188 src/ASF/sam/boards/same70_xplained/init.o
                0x00401c8c                board_init
 .text.pio_pull_up
                0x00401e14       0x2c src/ASF/sam/drivers/pio/pio.o
                0x00401e14                pio_pull_up
 .text.pio_set  0x00401e40       0x1c src/ASF/sam/drivers/pio/pio.o
                0x00401e40                pio_set
 .text.pio_set_peripheral
                0x00401e5c      0x110 src/ASF/sam/drivers/pio/pio.o
                0x00401e5c                pio_set_peripheral
 .text.pio_set_input
                0x00401f6c       0x80 src/ASF/sam/drivers/pio/pio.o
                0x00401f6c                pio_set_input
 .text.pio_set_output
                0x00401fec       0x64 src/ASF/sam/drivers/pio/pio.o
                0x00401fec                pio_set_output
 .text.pio_configure
                0x00402050       0xcc src/ASF/sam/drivers/pio/pio.o
                0x00402050                pio_configure
 .text.pio_configure_interrupt
                0x0040211c       0x6c src/ASF/sam/drivers/pio/pio.o
                0x0040211c                pio_configure_interrupt
 .text.pio_enable_interrupt
                0x00402188       0x1c src/ASF/sam/drivers/pio/pio.o
                0x00402188                pio_enable_interrupt
 .text.pio_disable_interrupt
                0x004021a4       0x1c src/ASF/sam/drivers/pio/pio.o
                0x004021a4                pio_disable_interrupt
 .text.pio_get_interrupt_status
                0x004021c0       0x18 src/ASF/sam/drivers/pio/pio.o
                0x004021c0                pio_get_interrupt_status
 .text.pio_get_interrupt_mask
                0x004021d8       0x18 src/ASF/sam/drivers/pio/pio.o
                0x004021d8                pio_get_interrupt_mask
 .text.pio_set_pin_high
                0x004021f0       0x30 src/ASF/sam/drivers/pio/pio.o
                0x004021f0                pio_set_pin_high
 .text.pio_set_pin_low
                0x00402220       0x30 src/ASF/sam/drivers/pio/pio.o
                0x00402220                pio_set_pin_low
 .text.pio_configure_pin
                0x00402250      0x1b0 src/ASF/sam/drivers/pio/pio.o
                0x00402250                pio_configure_pin
 .text.pio_get_pin_group
                0x00402400       0x28 src/ASF/sam/drivers/pio/pio.o
                0x00402400                pio_get_pin_group
 .text.pio_handler_process
                0x00402428       0xb4 src/ASF/sam/drivers/pio/pio_handler.o
                0x00402428                pio_handler_process
 .text.pio_handler_set
                0x004024dc       0xa0 src/ASF/sam/drivers/pio/pio_handler.o
                0x004024dc                pio_handler_set
 .text.PIOA_Handler
                0x0040257c       0x18 src/ASF/sam/drivers/pio/pio_handler.o
                0x0040257c                PIOA_Handler
 .text.PIOB_Handler
                0x00402594       0x18 src/ASF/sam/drivers/pio/pio_handler.o
                0x00402594                PIOB_Handler
 .text.PIOC_Handler
                0x004025ac       0x18 src/ASF/sam/drivers/pio/pio_handler.o
                0x004025ac                PIOC_Handler
 .text.PIOD_Handler
                0x004025c4       0x18 src/ASF/sam/drivers/pio/pio_handler.o
                0x004025c4                PIOD_Handler
 .text.PIOE_Handler
                0x004025dc       0x18 src/ASF/sam/drivers/pio/pio_handler.o
                0x004025dc                PIOE_Handler
 .text.pmc_mck_set_division
                0x004025f4       0x7c src/ASF/sam/drivers/pmc/pmc.o
                0x004025f4                pmc_mck_set_division
 .text.pmc_switch_mck_to_pllack
                0x00402670       0x84 src/ASF/sam/drivers/pmc/pmc.o
                0x00402670                pmc_switch_mck_to_pllack
 .text.pmc_switch_sclk_to_32kxtal
                0x004026f4       0x38 src/ASF/sam/drivers/pmc/pmc.o
                0x004026f4                pmc_switch_sclk_to_32kxtal
 .text.pmc_osc_is_ready_32kxtal
                0x0040272c       0x34 src/ASF/sam/drivers/pmc/pmc.o
                0x0040272c                pmc_osc_is_ready_32kxtal
 .text.pmc_switch_mainck_to_fastrc
                0x00402760       0x70 src/ASF/sam/drivers/pmc/pmc.o
                0x00402760                pmc_switch_mainck_to_fastrc
 .text.pmc_switch_mainck_to_xtal
                0x004027d0       0x78 src/ASF/sam/drivers/pmc/pmc.o
                0x004027d0                pmc_switch_mainck_to_xtal
 .text.pmc_osc_is_ready_mainck
                0x00402848       0x1c src/ASF/sam/drivers/pmc/pmc.o
                0x00402848                pmc_osc_is_ready_mainck
 .text.pmc_disable_pllack
                0x00402864       0x1c src/ASF/sam/drivers/pmc/pmc.o
                0x00402864                pmc_disable_pllack
 .text.pmc_is_locked_pllack
                0x00402880       0x1c src/ASF/sam/drivers/pmc/pmc.o
                0x00402880                pmc_is_locked_pllack
 .text.pmc_is_locked_upll
                0x0040289c       0x1c src/ASF/sam/drivers/pmc/pmc.o
                0x0040289c                pmc_is_locked_upll
 .text.pmc_enable_periph_clk
                0x004028b8       0x3c src/ASF/sam/drivers/pmc/pmc.o
                0x004028b8                pmc_enable_periph_clk
 .text.cpu_irq_save
                0x004028f4       0x38 src/ASF/sam/utils/cmsis/same70/source/templates/gcc/startup_same70.o
 .text.cpu_irq_is_enabled_flags
                0x0040292c       0x20 src/ASF/sam/utils/cmsis/same70/source/templates/gcc/startup_same70.o
 .text.cpu_irq_restore
                0x0040294c       0x30 src/ASF/sam/utils/cmsis/same70/source/templates/gcc/startup_same70.o
 .text.Reset_Handler
                0x0040297c       0xb0 src/ASF/sam/utils/cmsis/same70/source/templates/gcc/startup_same70.o
                0x0040297c                Reset_Handler
 .text.Dummy_Handler
                0x00402a2c        0x6 src/ASF/sam/utils/cmsis/same70/source/templates/gcc/startup_same70.o
                0x00402a2c                DACC_Handler
                0x00402a2c                DebugMon_Handler
                0x00402a2c                UART3_Handler
                0x00402a2c                UART2_Handler
                0x00402a2c                TRNG_Handler
                0x00402a2c                HardFault_Handler
                0x00402a2c                TC2_Handler
                0x00402a2c                SysTick_Handler
                0x00402a2c                AFEC1_Handler
                0x00402a2c                PendSV_Handler
                0x00402a2c                NMI_Handler
                0x00402a2c                TC7_Handler
                0x00402a2c                QSPI_Handler
                0x00402a2c                ISI_Handler
                0x00402a2c                MCAN0_INT0_Handler
                0x00402a2c                TC9_Handler
                0x00402a2c                RSWDT_Handler
                0x00402a2c                USART0_Handler
                0x00402a2c                RTT_Handler
                0x00402a2c                USBHS_Handler
                0x00402a2c                IXC_Handler
                0x00402a2c                CCF_Handler
                0x00402a2c                RTC_Handler
                0x00402a2c                UsageFault_Handler
                0x00402a2c                TC6_Handler
                0x00402a2c                WDT_Handler
                0x00402a2c                MCAN1_INT1_Handler
                0x00402a2c                TC4_Handler
                0x00402a2c                TC1_Handler
                0x00402a2c                HSMCI_Handler
                0x00402a2c                UART1_Handler
                0x00402a2c                TC3_Handler
                0x00402a2c                Dummy_Handler
                0x00402a2c                TWIHS1_Handler
                0x00402a2c                XDMAC_Handler
                0x00402a2c                UART4_Handler
                0x00402a2c                PWM1_Handler
                0x00402a2c                USART1_Handler
                0x00402a2c                PWM0_Handler
                0x00402a2c                AFEC0_Handler
                0x00402a2c                CCW_Handler
                0x00402a2c                TC11_Handler
                0x00402a2c                SSC_Handler
                0x00402a2c                ACC_Handler
                0x00402a2c                PMC_Handler
                0x00402a2c                GMAC_Handler
                0x00402a2c                MCAN0_INT1_Handler
                0x00402a2c                GMAC_Q5_Handler
                0x00402a2c                MemManage_Handler
                0x00402a2c                SUPC_Handler
                0x00402a2c                SVC_Handler
                0x00402a2c                TC8_Handler
                0x00402a2c                MCAN1_INT0_Handler
                0x00402a2c                EFC_Handler
                0x00402a2c                GMAC_Q1_Handler
                0x00402a2c                USART2_Handler
                0x00402a2c                SDRAMC_Handler
                0x00402a2c                GMAC_Q2_Handler
                0x00402a2c                SPI1_Handler
                0x00402a2c                TC10_Handler
                0x00402a2c                GMAC_Q3_Handler
                0x00402a2c                TWIHS2_Handler
                0x00402a2c                I2SC0_Handler
                0x00402a2c                UART0_Handler
                0x00402a2c                I2SC1_Handler
                0x00402a2c                GMAC_Q4_Handler
                0x00402a2c                FPU_Handler
                0x00402a2c                BusFault_Handler
                0x00402a2c                RSTC_Handler
                0x00402a2c                TC0_Handler
                0x00402a2c                TC5_Handler
                0x00402a2c                AES_Handler
                0x00402a2c                ICM_Handler
                0x00402a2c                TWIHS0_Handler
                0x00402a2c                SPI0_Handler
 *fill*         0x00402a32        0x2 
 .text.SystemCoreClockUpdate
                0x00402a34      0x168 src/ASF/sam/utils/cmsis/same70/source/templates/system_same70.o
                0x00402a34                SystemCoreClockUpdate
 .text.system_init_flash
                0x00402b9c       0xb0 src/ASF/sam/utils/cmsis/same70/source/templates/system_same70.o
                0x00402b9c                system_init_flash
 .text.__libc_init_array
                0x00402c4c       0x50 c:/program files (x86)/atmel/studio/7.0/toolchain/arm/arm-gnu-toolchain/bin/../lib/gcc/arm-none-eabi/6.3.1/../../../../arm-none-eabi/lib/thumb/v7e-m\libc.a(lib_a-init.o)
                0x00402c4c                __libc_init_array
 .text.startup.register_fini
                0x00402c9c       0x14 c:/program files (x86)/atmel/studio/7.0/toolchain/arm/arm-gnu-toolchain/bin/../lib/gcc/arm-none-eabi/6.3.1/../../../../arm-none-eabi/lib/thumb/v7e-m\libc.a(lib_a-__call_atexit.o)
 .text.atexit   0x00402cb0        0xc c:/program files (x86)/atmel/studio/7.0/toolchain/arm/arm-gnu-toolchain/bin/../lib/gcc/arm-none-eabi/6.3.1/../../../../arm-none-eabi/lib/thumb/v7e-m\libc.a(lib_a-atexit.o)
                0x00402cb0                atexit
 .text.__libc_fini_array
                0x00402cbc       0x34 c:/program files (x86)/atmel/studio/7.0/toolchain/arm/arm-gnu-toolchain/bin/../lib/gcc/arm-none-eabi/6.3.1/../../../../arm-none-eabi/lib/thumb/v7e-m\libc.a(lib_a-fini.o)
                0x00402cbc                __libc_fini_array
 .text.__retarget_lock_acquire_recursive
                0x00402cf0        0x4 c:/program files (x86)/atmel/studio/7.0/toolchain/arm/arm-gnu-toolchain/bin/../lib/gcc/arm-none-eabi/6.3.1/../../../../arm-none-eabi/lib/thumb/v7e-m\libc.a(lib_a-lock.o)
                0x00402cf0                __retarget_lock_acquire_recursive
 .text.__retarget_lock_release_recursive
                0x00402cf4        0x4 c:/program files (x86)/atmel/studio/7.0/toolchain/arm/arm-gnu-toolchain/bin/../lib/gcc/arm-none-eabi/6.3.1/../../../../arm-none-eabi/lib/thumb/v7e-m\libc.a(lib_a-lock.o)
                0x00402cf4                __retarget_lock_release_recursive
 .text.__register_exitproc
                0x00402cf8       0xc4 c:/program files (x86)/atmel/studio/7.0/toolchain/arm/arm-gnu-toolchain/bin/../lib/gcc/arm-none-eabi/6.3.1/../../../../arm-none-eabi/lib/thumb/v7e-m\libc.a(lib_a-__atexit.o)
                0x00402cf8                __register_exitproc
 *(.glue_7t)
 .glue_7t       0x00402dbc        0x0 linker stubs
 *(.glue_7)
 .glue_7        0x00402dbc        0x0 linker stubs
 *(.rodata .rodata* .gnu.linkonce.r.*)
 .rodata.image_data_sourcecodepro_28_0x41
                0x00402dbc      0x138 src/main.o
 .rodata.sourcecodepro_28_0x41
                0x00402ef4       0x10 src/main.o
 .rodata.image_data_sourcecodepro_28_0x42
                0x00402f04      0x138 src/main.o
 .rodata.sourcecodepro_28_0x42
                0x0040303c       0x10 src/main.o
 .rodata.image_data_sourcecodepro_28_0x43
                0x0040304c      0x15f src/main.o
 *fill*         0x004031ab        0x1 
 .rodata.sourcecodepro_28_0x43
                0x004031ac       0x10 src/main.o
 .rodata.image_data_sourcecodepro_28_0x44
                0x004031bc      0x186 src/main.o
 *fill*         0x00403342        0x2 
 .rodata.sourcecodepro_28_0x44
                0x00403344       0x10 src/main.o
 .rodata.image_data_sourcecodepro_28_0x45
                0x00403354      0x138 src/main.o
 .rodata.sourcecodepro_28_0x45
                0x0040348c       0x10 src/main.o
 .rodata.image_data_sourcecodepro_28_0x46
                0x0040349c      0x111 src/main.o
 *fill*         0x004035ad        0x3 
 .rodata.sourcecodepro_28_0x46
                0x004035b0       0x10 src/main.o
 .rodata.image_data_sourcecodepro_28_0x47
                0x004035c0      0x15f src/main.o
 *fill*         0x0040371f        0x1 
 .rodata.sourcecodepro_28_0x47
                0x00403720       0x10 src/main.o
 .rodata.image_data_sourcecodepro_28_0x48
                0x00403730      0x15f src/main.o
 *fill*         0x0040388f        0x1 
 .rodata.sourcecodepro_28_0x48
                0x00403890       0x10 src/main.o
 .rodata.image_data_sourcecodepro_28_0x49
                0x004038a0       0x9c src/main.o
 .rodata.sourcecodepro_28_0x49
                0x0040393c       0x10 src/main.o
 .rodata.image_data_sourcecodepro_28_0x4a
                0x0040394c       0xea src/main.o
 *fill*         0x00403a36        0x2 
 .rodata.sourcecodepro_28_0x4a
                0x00403a38       0x10 src/main.o
 .rodata.image_data_sourcecodepro_28_0x4b
                0x00403a48      0x138 src/main.o
 .rodata.sourcecodepro_28_0x4b
                0x00403b80       0x10 src/main.o
 .rodata.image_data_sourcecodepro_28_0x4c
                0x00403b90      0x111 src/main.o
 *fill*         0x00403ca1        0x3 
 .rodata.sourcecodepro_28_0x4c
                0x00403ca4       0x10 src/main.o
 .rodata.image_data_sourcecodepro_28_0x4d
                0x00403cb4      0x186 src/main.o
 *fill*         0x00403e3a        0x2 
 .rodata.sourcecodepro_28_0x4d
                0x00403e3c       0x10 src/main.o
 .rodata.image_data_sourcecodepro_28_0x4e
                0x00403e4c      0x15f src/main.o
 *fill*         0x00403fab        0x1 
 .rodata.sourcecodepro_28_0x4e
                0x00403fac       0x10 src/main.o
 .rodata.image_data_sourcecodepro_28_0x4f
                0x00403fbc      0x186 src/main.o
 *fill*         0x00404142        0x2 
 .rodata.sourcecodepro_28_0x4f
                0x00404144       0x10 src/main.o
 .rodata.image_data_sourcecodepro_28_0x50
                0x00404154      0x138 src/main.o
 .rodata.sourcecodepro_28_0x50
                0x0040428c       0x10 src/main.o
 .rodata.image_data_sourcecodepro_28_0x51
                0x0040429c      0x186 src/main.o
 *fill*         0x00404422        0x2 
 .rodata.sourcecodepro_28_0x51
                0x00404424       0x10 src/main.o
 .rodata.image_data_sourcecodepro_28_0x52
                0x00404434      0x15f src/main.o
 *fill*         0x00404593        0x1 
 .rodata.sourcecodepro_28_0x52
                0x00404594       0x10 src/main.o
 .rodata.image_data_sourcecodepro_28_0x53
                0x004045a4      0x138 src/main.o
 .rodata.sourcecodepro_28_0x53
                0x004046dc       0x10 src/main.o
 .rodata.image_data_sourcecodepro_28_0x54
                0x004046ec      0x138 src/main.o
 .rodata.sourcecodepro_28_0x54
                0x00404824       0x10 src/main.o
 .rodata.image_data_sourcecodepro_28_0x55
                0x00404834      0x15f src/main.o
 *fill*         0x00404993        0x1 
 .rodata.sourcecodepro_28_0x55
                0x00404994       0x10 src/main.o
 .rodata.image_data_sourcecodepro_28_0x56
                0x004049a4      0x138 src/main.o
 .rodata.sourcecodepro_28_0x56
                0x00404adc       0x10 src/main.o
 .rodata.image_data_sourcecodepro_28_0x57
                0x00404aec      0x222 src/main.o
 *fill*         0x00404d0e        0x2 
 .rodata.sourcecodepro_28_0x57
                0x00404d10       0x10 src/main.o
 .rodata.image_data_sourcecodepro_28_0x58
                0x00404d20      0x138 src/main.o
 .rodata.sourcecodepro_28_0x58
                0x00404e58       0x10 src/main.o
 .rodata.image_data_sourcecodepro_28_0x59
                0x00404e68      0x138 src/main.o
 .rodata.sourcecodepro_28_0x59
                0x00404fa0       0x10 src/main.o
 .rodata.image_data_sourcecodepro_28_0x5a
                0x00404fb0      0x138 src/main.o
 .rodata.sourcecodepro_28_0x5a
                0x004050e8       0x10 src/main.o
 .rodata.sourcecodepro_28_array
                0x004050f8       0xd0 src/main.o
 .rodata.sourcecodepro_28
                0x004051c8        0xc src/main.o
                0x004051c8                sourcecodepro_28
 .rodata.image_data_calibri_36_0x20
                0x004051d4      0x378 src/main.o
 .rodata.calibri_36_0x20
                0x0040554c       0x10 src/main.o
 .rodata.image_data_calibri_36_0x21
                0x0040555c      0x534 src/main.o
 .rodata.calibri_36_0x21
                0x00405a90       0x10 src/main.o
 .rodata.image_data_calibri_36_0x22
                0x00405aa0      0x612 src/main.o
 *fill*         0x004060b2        0x2 
 .rodata.calibri_36_0x22
                0x004060b4       0x10 src/main.o
 .rodata.image_data_calibri_36_0x23
                0x004060c4      0x7ce src/main.o
 *fill*         0x00406892        0x2 
 .rodata.calibri_36_0x23
                0x00406894       0x10 src/main.o
 .rodata.image_data_calibri_36_0x24
                0x004068a4      0x7ce src/main.o
 *fill*         0x00407072        0x2 
 .rodata.calibri_36_0x24
                0x00407074       0x10 src/main.o
 .rodata.image_data_calibri_36_0x25
                0x00407084      0xb46 src/main.o
 *fill*         0x00407bca        0x2 
 .rodata.calibri_36_0x25
                0x00407bcc       0x10 src/main.o
 .rodata.image_data_calibri_36_0x26
                0x00407bdc      0xad7 src/main.o
 *fill*         0x004086b3        0x1 
 .rodata.calibri_36_0x26
                0x004086b4       0x10 src/main.o
 .rodata.image_data_calibri_36_0x27
                0x004086c4      0x378 src/main.o
 .rodata.calibri_36_0x27
                0x00408a3c       0x10 src/main.o
 .rodata.image_data_calibri_36_0x28
                0x00408a4c      0x4c5 src/main.o
 *fill*         0x00408f11        0x3 
 .rodata.calibri_36_0x28
                0x00408f14       0x10 src/main.o
 .rodata.image_data_calibri_36_0x29
                0x00408f24      0x4c5 src/main.o
 *fill*         0x004093e9        0x3 
 .rodata.calibri_36_0x29
                0x004093ec       0x10 src/main.o
 .rodata.image_data_calibri_36_0x2a
                0x004093fc      0x7ce src/main.o
 *fill*         0x00409bca        0x2 
 .rodata.calibri_36_0x2a
                0x00409bcc       0x10 src/main.o
 .rodata.image_data_calibri_36_0x2b
                0x00409bdc      0x7ce src/main.o
 *fill*         0x0040a3aa        0x2 
 .rodata.calibri_36_0x2b
                0x0040a3ac       0x10 src/main.o
 .rodata.image_data_calibri_36_0x2c
                0x0040a3bc      0x3e7 src/main.o
 *fill*         0x0040a7a3        0x1 
 .rodata.calibri_36_0x2c
                0x0040a7a4       0x10 src/main.o
 .rodata.image_data_calibri_36_0x2d
                0x0040a7b4      0x4c5 src/main.o
 *fill*         0x0040ac79        0x3 
 .rodata.calibri_36_0x2d
                0x0040ac7c       0x10 src/main.o
 .rodata.image_data_calibri_36_0x2e
                0x0040ac8c      0x3e7 src/main.o
 *fill*         0x0040b073        0x1 
 .rodata.calibri_36_0x2e
                0x0040b074       0x10 src/main.o
 .rodata.image_data_calibri_36_0x2f
                0x0040b084      0x612 src/main.o
 *fill*         0x0040b696        0x2 
 .rodata.calibri_36_0x2f
                0x0040b698       0x10 src/main.o
 .rodata.image_data_calibri_36_0x30
                0x0040b6a8      0x7ce src/main.o
 *fill*         0x0040be76        0x2 
 .rodata.calibri_36_0x30
                0x0040be78       0x10 src/main.o
 .rodata.image_data_calibri_36_0x31
                0x0040be88      0x7ce src/main.o
 *fill*         0x0040c656        0x2 
 .rodata.calibri_36_0x31
                0x0040c658       0x10 src/main.o
 .rodata.image_data_calibri_36_0x32
                0x0040c668      0x7ce src/main.o
 *fill*         0x0040ce36        0x2 
 .rodata.calibri_36_0x32
                0x0040ce38       0x10 src/main.o
 .rodata.image_data_calibri_36_0x33
                0x0040ce48      0x7ce src/main.o
 *fill*         0x0040d616        0x2 
 .rodata.calibri_36_0x33
                0x0040d618       0x10 src/main.o
 .rodata.image_data_calibri_36_0x34
                0x0040d628      0x7ce src/main.o
 *fill*         0x0040ddf6        0x2 
 .rodata.calibri_36_0x34
                0x0040ddf8       0x10 src/main.o
 .rodata.image_data_calibri_36_0x35
                0x0040de08      0x7ce src/main.o
 *fill*         0x0040e5d6        0x2 
 .rodata.calibri_36_0x35
                0x0040e5d8       0x10 src/main.o
 .rodata.image_data_calibri_36_0x36
                0x0040e5e8      0x7ce src/main.o
 *fill*         0x0040edb6        0x2 
 .rodata.calibri_36_0x36
                0x0040edb8       0x10 src/main.o
 .rodata.image_data_calibri_36_0x37
                0x0040edc8      0x7ce src/main.o
 *fill*         0x0040f596        0x2 
 .rodata.calibri_36_0x37
                0x0040f598       0x10 src/main.o
 .rodata.image_data_calibri_36_0x38
                0x0040f5a8      0x7ce src/main.o
 *fill*         0x0040fd76        0x2 
 .rodata.calibri_36_0x38
                0x0040fd78       0x10 src/main.o
 .rodata.image_data_calibri_36_0x39
                0x0040fd88      0x7ce src/main.o
 *fill*         0x00410556        0x2 
 .rodata.calibri_36_0x39
                0x00410558       0x10 src/main.o
 .rodata.image_data_calibri_36_0x3a
                0x00410568      0x456 src/main.o
 *fill*         0x004109be        0x2 
 .rodata.calibri_36_0x3a
                0x004109c0       0x10 src/main.o
 .rodata.image_data_calibri_36_0x3b
                0x004109d0      0x456 src/main.o
 *fill*         0x00410e26        0x2 
 .rodata.calibri_36_0x3b
                0x00410e28       0x10 src/main.o
 .rodata.image_data_calibri_36_0x3c
                0x00410e38      0x7ce src/main.o
 *fill*         0x00411606        0x2 
 .rodata.calibri_36_0x3c
                0x00411608       0x10 src/main.o
 .rodata.image_data_calibri_36_0x3d
                0x00411618      0x7ce src/main.o
 *fill*         0x00411de6        0x2 
 .rodata.calibri_36_0x3d
                0x00411de8       0x10 src/main.o
 .rodata.image_data_calibri_36_0x3e
                0x00411df8      0x7ce src/main.o
 *fill*         0x004125c6        0x2 
 .rodata.calibri_36_0x3e
                0x004125c8       0x10 src/main.o
 .rodata.image_data_calibri_36_0x3f
                0x004125d8      0x75f src/main.o
 *fill*         0x00412d37        0x1 
 .rodata.calibri_36_0x3f
                0x00412d38       0x10 src/main.o
 .rodata.image_data_calibri_36_0x40
                0x00412d48      0xde0 src/main.o
 .rodata.calibri_36_0x40
                0x00413b28       0x10 src/main.o
 .rodata.image_data_calibri_36_0x41
                0x00413b38      0x91b src/main.o
 *fill*         0x00414453        0x1 
 .rodata.calibri_36_0x41
                0x00414454       0x10 src/main.o
 .rodata.image_data_calibri_36_0x42
                0x00414464      0x8ac src/main.o
 .rodata.calibri_36_0x42
                0x00414d10       0x10 src/main.o
 .rodata.image_data_calibri_36_0x43
                0x00414d20      0x83d src/main.o
 *fill*         0x0041555d        0x3 
 .rodata.calibri_36_0x43
                0x00415560       0x10 src/main.o
 .rodata.image_data_calibri_36_0x44
                0x00415570      0x98a src/main.o
 *fill*         0x00415efa        0x2 
 .rodata.calibri_36_0x44
                0x00415efc       0x10 src/main.o
 .rodata.image_data_calibri_36_0x45
                0x00415f0c      0x7ce src/main.o
 *fill*         0x004166da        0x2 
 .rodata.calibri_36_0x45
                0x004166dc       0x10 src/main.o
 .rodata.image_data_calibri_36_0x46
                0x004166ec      0x75f src/main.o
 *fill*         0x00416e4b        0x1 
 .rodata.calibri_36_0x46
                0x00416e4c       0x10 src/main.o
 .rodata.image_data_calibri_36_0x47
                0x00416e5c      0x9f9 src/main.o
 *fill*         0x00417855        0x3 
 .rodata.calibri_36_0x47
                0x00417858       0x10 src/main.o
 .rodata.image_data_calibri_36_0x48
                0x00417868      0x98a src/main.o
 *fill*         0x004181f2        0x2 
 .rodata.calibri_36_0x48
                0x004181f4       0x10 src/main.o
 .rodata.image_data_calibri_36_0x49
                0x00418204      0x3e7 src/main.o
 *fill*         0x004185eb        0x1 
 .rodata.calibri_36_0x49
                0x004185ec       0x10 src/main.o
 .rodata.image_data_calibri_36_0x4a
                0x004185fc      0x4c5 src/main.o
 *fill*         0x00418ac1        0x3 
 .rodata.calibri_36_0x4a
                0x00418ac4       0x10 src/main.o
 .rodata.image_data_calibri_36_0x4b
                0x00418ad4      0x83d src/main.o
 *fill*         0x00419311        0x3 
 .rodata.calibri_36_0x4b
                0x00419314       0x10 src/main.o
 .rodata.image_data_calibri_36_0x4c
                0x00419324      0x681 src/main.o
 *fill*         0x004199a5        0x3 
 .rodata.calibri_36_0x4c
                0x004199a8       0x10 src/main.o
 .rodata.image_data_calibri_36_0x4d
                0x004199b8      0xd71 src/main.o
 *fill*         0x0041a729        0x3 
 .rodata.calibri_36_0x4d
                0x0041a72c       0x10 src/main.o
 .rodata.image_data_calibri_36_0x4e
                0x0041a73c      0x9f9 src/main.o
 *fill*         0x0041b135        0x3 
 .rodata.calibri_36_0x4e
                0x0041b138       0x10 src/main.o
 .rodata.image_data_calibri_36_0x4f
                0x0041b148      0xa68 src/main.o
 .rodata.calibri_36_0x4f
                0x0041bbb0       0x10 src/main.o
 .rodata.image_data_calibri_36_0x50
                0x0041bbc0      0x83d src/main.o
 *fill*         0x0041c3fd        0x3 
 .rodata.calibri_36_0x50
                0x0041c400       0x10 src/main.o
 .rodata.image_data_calibri_36_0x51
                0x0041c410      0xad7 src/main.o
 *fill*         0x0041cee7        0x1 
 .rodata.calibri_36_0x51
                0x0041cee8       0x10 src/main.o
 .rodata.image_data_calibri_36_0x52
                0x0041cef8      0x8ac src/main.o
 .rodata.calibri_36_0x52
                0x0041d7a4       0x10 src/main.o
 .rodata.image_data_calibri_36_0x53
                0x0041d7b4      0x75f src/main.o
 *fill*         0x0041df13        0x1 
 .rodata.calibri_36_0x53
                0x0041df14       0x10 src/main.o
 .rodata.image_data_calibri_36_0x54
                0x0041df24      0x7ce src/main.o
 *fill*         0x0041e6f2        0x2 
 .rodata.calibri_36_0x54
                0x0041e6f4       0x10 src/main.o
 .rodata.image_data_calibri_36_0x55
                0x0041e704      0x9f9 src/main.o
 *fill*         0x0041f0fd        0x3 
 .rodata.calibri_36_0x55
                0x0041f100       0x10 src/main.o
 .rodata.image_data_calibri_36_0x56
                0x0041f110      0x8ac src/main.o
 .rodata.calibri_36_0x56
                0x0041f9bc       0x10 src/main.o
 .rodata.image_data_calibri_36_0x57
                0x0041f9cc      0xde0 src/main.o
 .rodata.calibri_36_0x57
                0x004207ac       0x10 src/main.o
 .rodata.image_data_calibri_36_0x58
                0x004207bc      0x83d src/main.o
 *fill*         0x00420ff9        0x3 
 .rodata.calibri_36_0x58
                0x00420ffc       0x10 src/main.o
 .rodata.image_data_calibri_36_0x59
                0x0042100c      0x7ce src/main.o
 *fill*         0x004217da        0x2 
 .rodata.calibri_36_0x59
                0x004217dc       0x10 src/main.o
 .rodata.image_data_calibri_36_0x5a
                0x004217ec      0x75f src/main.o
 *fill*         0x00421f4b        0x1 
 .rodata.calibri_36_0x5a
                0x00421f4c       0x10 src/main.o
 .rodata.image_data_calibri_36_0x5b
                0x00421f5c      0x4c5 src/main.o
 *fill*         0x00422421        0x3 
 .rodata.calibri_36_0x5b
                0x00422424       0x10 src/main.o
 .rodata.image_data_calibri_36_0x5c
                0x00422434      0x612 src/main.o
 *fill*         0x00422a46        0x2 
 .rodata.calibri_36_0x5c
                0x00422a48       0x10 src/main.o
 .rodata.image_data_calibri_36_0x5d
                0x00422a58      0x4c5 src/main.o
 *fill*         0x00422f1d        0x3 
 .rodata.calibri_36_0x5d
                0x00422f20       0x10 src/main.o
 .rodata.image_data_calibri_36_0x5e
                0x00422f30      0x7ce src/main.o
 *fill*         0x004236fe        0x2 
 .rodata.calibri_36_0x5e
                0x00423700       0x10 src/main.o
 .rodata.image_data_calibri_36_0x5f
                0x00423710      0x7ce src/main.o
 *fill*         0x00423ede        0x2 
 .rodata.calibri_36_0x5f
                0x00423ee0       0x10 src/main.o
 .rodata.image_data_calibri_36_0x60
                0x00423ef0      0x456 src/main.o
 *fill*         0x00424346        0x2 
 .rodata.calibri_36_0x60
                0x00424348       0x10 src/main.o
 .rodata.image_data_calibri_36_0x61
                0x00424358      0x75f src/main.o
 *fill*         0x00424ab7        0x1 
 .rodata.calibri_36_0x61
                0x00424ab8       0x10 src/main.o
 .rodata.image_data_calibri_36_0x62
                0x00424ac8      0x83d src/main.o
 *fill*         0x00425305        0x3 
 .rodata.calibri_36_0x62
                0x00425308       0x10 src/main.o
 .rodata.image_data_calibri_36_0x63
                0x00425318      0x681 src/main.o
 *fill*         0x00425999        0x3 
 .rodata.calibri_36_0x63
                0x0042599c       0x10 src/main.o
 .rodata.image_data_calibri_36_0x64
                0x004259ac      0x83d src/main.o
 *fill*         0x004261e9        0x3 
 .rodata.calibri_36_0x64
                0x004261ec       0x10 src/main.o
 .rodata.image_data_calibri_36_0x65
                0x004261fc      0x7ce src/main.o
 *fill*         0x004269ca        0x2 
 .rodata.calibri_36_0x65
                0x004269cc       0x10 src/main.o
 .rodata.image_data_calibri_36_0x66
                0x004269dc      0x4c5 src/main.o
 *fill*         0x00426ea1        0x3 
 .rodata.calibri_36_0x66
                0x00426ea4       0x10 src/main.o
 .rodata.image_data_calibri_36_0x67
                0x00426eb4      0x75f src/main.o
 *fill*         0x00427613        0x1 
 .rodata.calibri_36_0x67
                0x00427614       0x10 src/main.o
 .rodata.image_data_calibri_36_0x68
                0x00427624      0x83d src/main.o
 *fill*         0x00427e61        0x3 
 .rodata.calibri_36_0x68
                0x00427e64       0x10 src/main.o
 .rodata.image_data_calibri_36_0x69
                0x00427e74      0x378 src/main.o
 .rodata.calibri_36_0x69
                0x004281ec       0x10 src/main.o
 .rodata.image_data_calibri_36_0x6a
                0x004281fc      0x3e7 src/main.o
 *fill*         0x004285e3        0x1 
 .rodata.calibri_36_0x6a
                0x004285e4       0x10 src/main.o
 .rodata.image_data_calibri_36_0x6b
                0x004285f4      0x6f0 src/main.o
 .rodata.calibri_36_0x6b
                0x00428ce4       0x10 src/main.o
 .rodata.image_data_calibri_36_0x6c
                0x00428cf4      0x378 src/main.o
 .rodata.calibri_36_0x6c
                0x0042906c       0x10 src/main.o
 .rodata.image_data_calibri_36_0x6d
                0x0042907c      0xc93 src/main.o
 *fill*         0x00429d0f        0x1 
 .rodata.calibri_36_0x6d
                0x00429d10       0x10 src/main.o
 .rodata.image_data_calibri_36_0x6e
                0x00429d20      0x83d src/main.o
 *fill*         0x0042a55d        0x3 
 .rodata.calibri_36_0x6e
                0x0042a560       0x10 src/main.o
 .rodata.image_data_calibri_36_0x6f
                0x0042a570      0x83d src/main.o
 *fill*         0x0042adad        0x3 
 .rodata.calibri_36_0x6f
                0x0042adb0       0x10 src/main.o
 .rodata.image_data_calibri_36_0x70
                0x0042adc0      0x83d src/main.o
 *fill*         0x0042b5fd        0x3 
 .rodata.calibri_36_0x70
                0x0042b600       0x10 src/main.o
 .rodata.image_data_calibri_36_0x71
                0x0042b610      0x83d src/main.o
 *fill*         0x0042be4d        0x3 
 .rodata.calibri_36_0x71
                0x0042be50       0x10 src/main.o
 .rodata.image_data_calibri_36_0x72
                0x0042be60      0x5a3 src/main.o
 *fill*         0x0042c403        0x1 
 .rodata.calibri_36_0x72
                0x0042c404       0x10 src/main.o
 .rodata.image_data_calibri_36_0x73
                0x0042c414      0x612 src/main.o
 *fill*         0x0042ca26        0x2 
 .rodata.calibri_36_0x73
                0x0042ca28       0x10 src/main.o
 .rodata.image_data_calibri_36_0x74
                0x0042ca38      0x534 src/main.o
 .rodata.calibri_36_0x74
                0x0042cf6c       0x10 src/main.o
 .rodata.image_data_calibri_36_0x75
                0x0042cf7c      0x83d src/main.o
 *fill*         0x0042d7b9        0x3 
 .rodata.calibri_36_0x75
                0x0042d7bc       0x10 src/main.o
 .rodata.image_data_calibri_36_0x76
                0x0042d7cc      0x6f0 src/main.o
 .rodata.calibri_36_0x76
                0x0042debc       0x10 src/main.o
 .rodata.image_data_calibri_36_0x77
                0x0042decc      0xb46 src/main.o
 *fill*         0x0042ea12        0x2 
 .rodata.calibri_36_0x77
                0x0042ea14       0x10 src/main.o
 .rodata.image_data_calibri_36_0x78
                0x0042ea24      0x6f0 src/main.o
 .rodata.calibri_36_0x78
                0x0042f114       0x10 src/main.o
 .rodata.image_data_calibri_36_0x79
                0x0042f124      0x6f0 src/main.o
 .rodata.calibri_36_0x79
                0x0042f814       0x10 src/main.o
 .rodata.image_data_calibri_36_0x7a
                0x0042f824      0x612 src/main.o
 *fill*         0x0042fe36        0x2 
 .rodata.calibri_36_0x7a
                0x0042fe38       0x10 src/main.o
 .rodata.image_data_calibri_36_0x7b
                0x0042fe48      0x4c5 src/main.o
 *fill*         0x0043030d        0x3 
 .rodata.calibri_36_0x7b
                0x00430310       0x10 src/main.o
 .rodata.image_data_calibri_36_0x7c
                0x00430320      0x75f src/main.o
 *fill*         0x00430a7f        0x1 
 .rodata.calibri_36_0x7c
                0x00430a80       0x10 src/main.o
 .rodata.image_data_calibri_36_0x7d
                0x00430a90      0x4c5 src/main.o
 *fill*         0x00430f55        0x3 
 .rodata.calibri_36_0x7d
                0x00430f58       0x10 src/main.o
 .rodata.image_data_calibri_36_0x7e
                0x00430f68      0x7ce src/main.o
 *fill*         0x00431736        0x2 
 .rodata.calibri_36_0x7e
                0x00431738       0x10 src/main.o
 .rodata.calibri_36_array
                0x00431748      0x2f8 src/main.o
 .rodata.calibri_36
                0x00431a40        0xc src/main.o
                0x00431a40                calibri_36
 .rodata.image_data_arial_72_0x30
                0x00431a4c     0x2760 src/main.o
 .rodata.arial_72_0x30
                0x004341ac       0x10 src/main.o
 .rodata.image_data_arial_72_0x31
                0x004341bc     0x2760 src/main.o
 .rodata.arial_72_0x31
                0x0043691c       0x10 src/main.o
 .rodata.image_data_arial_72_0x32
                0x0043692c     0x2760 src/main.o
 .rodata.arial_72_0x32
                0x0043908c       0x10 src/main.o
 .rodata.image_data_arial_72_0x33
                0x0043909c     0x2760 src/main.o
 .rodata.arial_72_0x33
                0x0043b7fc       0x10 src/main.o
 .rodata.image_data_arial_72_0x34
                0x0043b80c     0x2760 src/main.o
 .rodata.arial_72_0x34
                0x0043df6c       0x10 src/main.o
 .rodata.image_data_arial_72_0x35
                0x0043df7c     0x2760 src/main.o
 .rodata.arial_72_0x35
                0x004406dc       0x10 src/main.o
 .rodata.image_data_arial_72_0x36
                0x004406ec     0x2760 src/main.o
 .rodata.arial_72_0x36
                0x00442e4c       0x10 src/main.o
 .rodata.image_data_arial_72_0x37
                0x00442e5c     0x2760 src/main.o
 .rodata.arial_72_0x37
                0x004455bc       0x10 src/main.o
 .rodata.image_data_arial_72_0x38
                0x004455cc     0x2760 src/main.o
 .rodata.arial_72_0x38
                0x00447d2c       0x10 src/main.o
 .rodata.image_data_arial_72_0x39
                0x00447d3c     0x2760 src/main.o
 .rodata.arial_72_0x39
                0x0044a49c       0x10 src/main.o
 .rodata.arial_72_array
                0x0044a4ac       0x50 src/main.o
 .rodata.arial_72
                0x0044a4fc        0xc src/main.o
                0x0044a4fc                arial_72
 .rodata        0x0044a508       0x1e src/main.o
 *fill*         0x0044a526        0x2 
 .rodata._global_impure_ptr
                0x0044a528        0x4 c:/program files (x86)/atmel/studio/7.0/toolchain/arm/arm-gnu-toolchain/bin/../lib/gcc/arm-none-eabi/6.3.1/../../../../arm-none-eabi/lib/thumb/v7e-m\libc.a(lib_a-impure.o)
                0x0044a528                _global_impure_ptr
 *(.ARM.extab* .gnu.linkonce.armextab.*)
                0x0044a52c                . = ALIGN (0x4)
 *(.init)
 .init          0x0044a52c        0x4 c:/program files (x86)/atmel/studio/7.0/toolchain/arm/arm-gnu-toolchain/bin/../lib/gcc/arm-none-eabi/6.3.1/thumb/v7e-m/crti.o
                0x0044a52c                _init
 .init          0x0044a530        0x8 c:/program files (x86)/atmel/studio/7.0/toolchain/arm/arm-gnu-toolchain/bin/../lib/gcc/arm-none-eabi/6.3.1/thumb/v7e-m/crtn.o
                0x0044a538                . = ALIGN (0x4)
                0x0044a538                __preinit_array_start = .
 *(.preinit_array)
                0x0044a538                __preinit_array_end = .
                0x0044a538                . = ALIGN (0x4)
                0x0044a538                __init_array_start = .
 *(SORT(.init_array.*))
 .init_array.00000
                0x0044a538        0x4 c:/program files (x86)/atmel/studio/7.0/toolchain/arm/arm-gnu-toolchain/bin/../lib/gcc/arm-none-eabi/6.3.1/../../../../arm-none-eabi/lib/thumb/v7e-m\libc.a(lib_a-__call_atexit.o)
 *(.init_array)
 .init_array    0x0044a53c        0x4 c:/program files (x86)/atmel/studio/7.0/toolchain/arm/arm-gnu-toolchain/bin/../lib/gcc/arm-none-eabi/6.3.1/thumb/v7e-m/crtbegin.o
                0x0044a540                __init_array_end = .
                0x0044a540                . = ALIGN (0x4)
 *crtbegin.o(.ctors)
 *(EXCLUDE_FILE(*crtend.o) .ctors)
 *(SORT(.ctors.*))
 *crtend.o(.ctors)
                0x0044a540                . = ALIGN (0x4)
 *(.fini)
 .fini          0x0044a540        0x4 c:/program files (x86)/atmel/studio/7.0/toolchain/arm/arm-gnu-toolchain/bin/../lib/gcc/arm-none-eabi/6.3.1/thumb/v7e-m/crti.o
                0x0044a540                _fini
 .fini          0x0044a544        0x8 c:/program files (x86)/atmel/studio/7.0/toolchain/arm/arm-gnu-toolchain/bin/../lib/gcc/arm-none-eabi/6.3.1/thumb/v7e-m/crtn.o
                0x0044a54c                . = ALIGN (0x4)
                0x0044a54c                __fini_array_start = .
 *(.fini_array)
 .fini_array    0x0044a54c        0x4 c:/program files (x86)/atmel/studio/7.0/toolchain/arm/arm-gnu-toolchain/bin/../lib/gcc/arm-none-eabi/6.3.1/thumb/v7e-m/crtbegin.o
 *(SORT(.fini_array.*))
                0x0044a550                __fini_array_end = .
 *crtbegin.o(.dtors)
 *(EXCLUDE_FILE(*crtend.o) .dtors)
 *(SORT(.dtors.*))
 *crtend.o(.dtors)
                0x0044a550                . = ALIGN (0x4)
                0x0044a550                _efixed = .
                [!provide]                PROVIDE (__exidx_start, .)

.vfp11_veneer   0x0044a550        0x0
 .vfp11_veneer  0x0044a550        0x0 linker stubs

.v4_bx          0x0044a550        0x0
 .v4_bx         0x0044a550        0x0 linker stubs

.iplt           0x0044a550        0x0
 .iplt          0x0044a550        0x0 c:/program files (x86)/atmel/studio/7.0/toolchain/arm/arm-gnu-toolchain/bin/../lib/gcc/arm-none-eabi/6.3.1/thumb/v7e-m/crtbegin.o

.eh_frame       0x0044a550        0x0
 .eh_frame      0x0044a550        0x0 c:/program files (x86)/atmel/studio/7.0/toolchain/arm/arm-gnu-toolchain/bin/../lib/gcc/arm-none-eabi/6.3.1/thumb/v7e-m/crtbegin.o

.rel.dyn        0x0044a550        0x0
 .rel.iplt      0x0044a550        0x0 c:/program files (x86)/atmel/studio/7.0/toolchain/arm/arm-gnu-toolchain/bin/../lib/gcc/arm-none-eabi/6.3.1/thumb/v7e-m/crtbegin.o

.jcr            0x0044a550        0x0
 .jcr           0x0044a550        0x0 c:/program files (x86)/atmel/studio/7.0/toolchain/arm/arm-gnu-toolchain/bin/../lib/gcc/arm-none-eabi/6.3.1/thumb/v7e-m/crtbegin.o

.igot.plt       0x0044a550        0x0
 .igot.plt      0x0044a550        0x0 c:/program files (x86)/atmel/studio/7.0/toolchain/arm/arm-gnu-toolchain/bin/../lib/gcc/arm-none-eabi/6.3.1/thumb/v7e-m/crtbegin.o

.ARM.exidx
 *(.ARM.exidx* .gnu.linkonce.armexidx.*)
                [!provide]                PROVIDE (__exidx_end, .)
                0x0044a550                . = ALIGN (0x4)
                0x0044a550                _etext = .

.relocate       0x20400000      0x434 load address 0x0044a550
                0x20400000                . = ALIGN (0x4)
                0x20400000                _srelocate = .
 *(.ramfunc .ramfunc.*)
 *(.data .data.*)
 .data.g_interrupt_enabled
                0x20400000        0x1 src/ASF/common/utils/interrupt/interrupt_sam_nvic.o
                0x20400000                g_interrupt_enabled
 *fill*         0x20400001        0x3 
 .data.SystemCoreClock
                0x20400004        0x4 src/ASF/sam/utils/cmsis/same70/source/templates/system_same70.o
                0x20400004                SystemCoreClock
 .data.impure_data
                0x20400008      0x428 c:/program files (x86)/atmel/studio/7.0/toolchain/arm/arm-gnu-toolchain/bin/../lib/gcc/arm-none-eabi/6.3.1/../../../../arm-none-eabi/lib/thumb/v7e-m\libc.a(lib_a-impure.o)
 .data.__atexit_recursive_mutex
                0x20400430        0x4 c:/program files (x86)/atmel/studio/7.0/toolchain/arm/arm-gnu-toolchain/bin/../lib/gcc/arm-none-eabi/6.3.1/../../../../arm-none-eabi/lib/thumb/v7e-m\libc.a(lib_a-__call_atexit.o)
                0x20400430                __atexit_recursive_mutex
                0x20400434                . = ALIGN (0x4)
                0x20400434                _erelocate = .

.bss            0x20400434      0x488 load address 0x0044a984
                0x20400434                . = ALIGN (0x4)
                0x20400434                _sbss = .
                0x20400434                _szero = .
 *(.bss .bss.*)
 .bss           0x20400434       0x1c c:/program files (x86)/atmel/studio/7.0/toolchain/arm/arm-gnu-toolchain/bin/../lib/gcc/arm-none-eabi/6.3.1/thumb/v7e-m/crtbegin.o
 .bss.rotations
                0x20400450        0x4 src/main.o
                0x20400450                rotations
 .bss.g_ul_pixel_cache
                0x20400454      0x3c0 src/ASF/sam/components/display/ili9488/ili9488.o
 .bss.gs_interrupt_sources
                0x20400814       0x70 src/ASF/sam/drivers/pio/pio_handler.o
 .bss.gs_ul_nb_sources
                0x20400884        0x4 src/ASF/sam/drivers/pio/pio_handler.o
 *(COMMON)
 COMMON         0x20400888       0x10 src/main.o
                0x20400888                g_ili9488_display_opt
 COMMON         0x20400898       0x21 c:/program files (x86)/atmel/studio/7.0/toolchain/arm/arm-gnu-toolchain/bin/../lib/gcc/arm-none-eabi/6.3.1/../../../../arm-none-eabi/lib/thumb/v7e-m\libc.a(lib_a-lock.o)
                0x20400898                __lock___atexit_recursive_mutex
                0x2040089c                __lock___arc4random_mutex
                0x204008a0                __lock___env_recursive_mutex
                0x204008a4                __lock___sinit_recursive_mutex
                0x204008a8                __lock___malloc_recursive_mutex
                0x204008ac                __lock___at_quick_exit_mutex
                0x204008b0                __lock___dd_hash_mutex
                0x204008b4                __lock___tz_mutex
                0x204008b8                __lock___sfp_recursive_mutex
                0x204008bc                . = ALIGN (0x4)
 *fill*         0x204008b9        0x3 
                0x204008bc                _ebss = .
                0x204008bc                _ezero = .

.stack          0x204008bc     0x2004 load address 0x0044ae0c
                0x204008c0                . = ALIGN (0x8)
 *fill*         0x204008bc        0x4 
                0x204008c0                _sstack = .
                0x204028c0                . = (. + STACK_SIZE)
 *fill*         0x204008c0     0x2000 
                0x204028c0                . = ALIGN (0x8)
                0x204028c0                _estack = .

.heap           0x204028c0      0x200 load address 0x0044ce10
                0x204028c0                . = ALIGN (0x8)
                0x204028c0                _sheap = .
                0x20402ac0                . = (. + HEAP_SIZE)
 *fill*         0x204028c0      0x200 
                0x20402ac0                . = ALIGN (0x8)
                0x20402ac0                _eheap = .
                0x20402ac0                . = ALIGN (0x4)
                0x20402ac0                _end = .
                0x2045ffff                _ram_end_ = ((ORIGIN (ram) + LENGTH (ram)) - 0x1)
OUTPUT(SAME70_FONTS.elf elf32-littlearm)

.ARM.attributes
                0x00000000       0x2e
 .ARM.attributes
                0x00000000       0x1e c:/program files (x86)/atmel/studio/7.0/toolchain/arm/arm-gnu-toolchain/bin/../lib/gcc/arm-none-eabi/6.3.1/thumb/v7e-m/crti.o
 .ARM.attributes
                0x0000001e       0x2e c:/program files (x86)/atmel/studio/7.0/toolchain/arm/arm-gnu-toolchain/bin/../lib/gcc/arm-none-eabi/6.3.1/thumb/v7e-m/crtbegin.o
 .ARM.attributes
                0x0000004c       0x37 src/main.o
 .ARM.attributes
                0x00000083       0x37 src/ASF/common/services/spi/sam_spi/spi_master.o
 .ARM.attributes
                0x000000ba       0x37 src/ASF/sam/components/display/ili9488/ili9488.o
 .ARM.attributes
                0x000000f1       0x37 src/ASF/sam/drivers/spi/spi.o
 .ARM.attributes
                0x00000128       0x37 src/ASF/common/services/clock/same70/sysclk.o
 .ARM.attributes
                0x0000015f       0x37 src/ASF/common/utils/interrupt/interrupt_sam_nvic.o
 .ARM.attributes
                0x00000196       0x37 src/ASF/sam/boards/same70_xplained/init.o
 .ARM.attributes
                0x000001cd       0x37 src/ASF/sam/drivers/pio/pio.o
 .ARM.attributes
                0x00000204       0x37 src/ASF/sam/drivers/pio/pio_handler.o
 .ARM.attributes
                0x0000023b       0x37 src/ASF/sam/drivers/pmc/pmc.o
 .ARM.attributes
                0x00000272       0x37 src/ASF/sam/utils/cmsis/same70/source/templates/gcc/startup_same70.o
 .ARM.attributes
                0x000002a9       0x37 src/ASF/sam/utils/cmsis/same70/source/templates/system_same70.o
 .ARM.attributes
                0x000002e0       0x2e c:/program files (x86)/atmel/studio/7.0/toolchain/arm/arm-gnu-toolchain/bin/../lib/gcc/arm-none-eabi/6.3.1/../../../../arm-none-eabi/lib/thumb/v7e-m\libc.a(lib_a-impure.o)
 .ARM.attributes
                0x0000030e       0x2e c:/program files (x86)/atmel/studio/7.0/toolchain/arm/arm-gnu-toolchain/bin/../lib/gcc/arm-none-eabi/6.3.1/../../../../arm-none-eabi/lib/thumb/v7e-m\libc.a(lib_a-init.o)
 .ARM.attributes
                0x0000033c       0x2e c:/program files (x86)/atmel/studio/7.0/toolchain/arm/arm-gnu-toolchain/bin/../lib/gcc/arm-none-eabi/6.3.1/../../../../arm-none-eabi/lib/thumb/v7e-m\libc.a(lib_a-__call_atexit.o)
 .ARM.attributes
                0x0000036a       0x2e c:/program files (x86)/atmel/studio/7.0/toolchain/arm/arm-gnu-toolchain/bin/../lib/gcc/arm-none-eabi/6.3.1/../../../../arm-none-eabi/lib/thumb/v7e-m\libc.a(lib_a-atexit.o)
 .ARM.attributes
                0x00000398       0x2e c:/program files (x86)/atmel/studio/7.0/toolchain/arm/arm-gnu-toolchain/bin/../lib/gcc/arm-none-eabi/6.3.1/../../../../arm-none-eabi/lib/thumb/v7e-m\libc.a(lib_a-fini.o)
 .ARM.attributes
                0x000003c6       0x2e c:/program files (x86)/atmel/studio/7.0/toolchain/arm/arm-gnu-toolchain/bin/../lib/gcc/arm-none-eabi/6.3.1/../../../../arm-none-eabi/lib/thumb/v7e-m\libc.a(lib_a-lock.o)
 .ARM.attributes
                0x000003f4       0x2e c:/program files (x86)/atmel/studio/7.0/toolchain/arm/arm-gnu-toolchain/bin/../lib/gcc/arm-none-eabi/6.3.1/../../../../arm-none-eabi/lib/thumb/v7e-m\libc.a(lib_a-__atexit.o)
 .ARM.attributes
                0x00000422       0x1e c:/program files (x86)/atmel/studio/7.0/toolchain/arm/arm-gnu-toolchain/bin/../lib/gcc/arm-none-eabi/6.3.1/thumb/v7e-m/crtn.o

.comment        0x00000000       0x59
 .comment       0x00000000       0x59 src/main.o
                                 0x5a (size before relaxing)
 .comment       0x00000059       0x5a src/ASF/common/services/spi/sam_spi/spi_master.o
 .comment       0x00000059       0x5a src/ASF/sam/components/display/ili9488/ili9488.o
 .comment       0x00000059       0x5a src/ASF/sam/drivers/spi/spi.o
 .comment       0x00000059       0x5a src/ASF/common/services/clock/same70/sysclk.o
 .comment       0x00000059       0x5a src/ASF/common/utils/interrupt/interrupt_sam_nvic.o
 .comment       0x00000059       0x5a src/ASF/sam/boards/same70_xplained/init.o
 .comment       0x00000059       0x5a src/ASF/sam/drivers/pio/pio.o
 .comment       0x00000059       0x5a src/ASF/sam/drivers/pio/pio_handler.o
 .comment       0x00000059       0x5a src/ASF/sam/drivers/pmc/pmc.o
 .comment       0x00000059       0x5a src/ASF/sam/utils/cmsis/same70/source/templates/gcc/startup_same70.o
 .comment       0x00000059       0x5a src/ASF/sam/utils/cmsis/same70/source/templates/system_same70.o

.debug_info     0x00000000    0x1231a
 .debug_info    0x00000000     0x2f3f src/main.o
 .debug_info    0x00002f3f     0x143e src/ASF/common/services/spi/sam_spi/spi_master.o
 .debug_info    0x0000437d     0x208c src/ASF/sam/components/display/ili9488/ili9488.o
 .debug_info    0x00006409     0x1123 src/ASF/sam/drivers/spi/spi.o
 .debug_info    0x0000752c     0x1311 src/ASF/common/services/clock/same70/sysclk.o
 .debug_info    0x0000883d      0xb06 src/ASF/common/utils/interrupt/interrupt_sam_nvic.o
 .debug_info    0x00009343     0x1dad src/ASF/sam/boards/same70_xplained/init.o
 .debug_info    0x0000b0f0     0x1ce3 src/ASF/sam/drivers/pio/pio.o
 .debug_info    0x0000cdd3     0x1a74 src/ASF/sam/drivers/pio/pio_handler.o
 .debug_info    0x0000e847     0x1eed src/ASF/sam/drivers/pmc/pmc.o
 .debug_info    0x00010734     0x1612 src/ASF/sam/utils/cmsis/same70/source/templates/gcc/startup_same70.o
 .debug_info    0x00011d46      0x5d4 src/ASF/sam/utils/cmsis/same70/source/templates/system_same70.o

.debug_abbrev   0x00000000     0x2076
 .debug_abbrev  0x00000000      0x2f9 src/main.o
 .debug_abbrev  0x000002f9      0x305 src/ASF/common/services/spi/sam_spi/spi_master.o
 .debug_abbrev  0x000005fe      0x2f4 src/ASF/sam/components/display/ili9488/ili9488.o
 .debug_abbrev  0x000008f2      0x2cf src/ASF/sam/drivers/spi/spi.o
 .debug_abbrev  0x00000bc1      0x296 src/ASF/common/services/clock/same70/sysclk.o
 .debug_abbrev  0x00000e57      0x214 src/ASF/common/utils/interrupt/interrupt_sam_nvic.o
 .debug_abbrev  0x0000106b      0x3f4 src/ASF/sam/boards/same70_xplained/init.o
 .debug_abbrev  0x0000145f      0x296 src/ASF/sam/drivers/pio/pio.o
 .debug_abbrev  0x000016f5      0x2c9 src/ASF/sam/drivers/pio/pio_handler.o
 .debug_abbrev  0x000019be      0x2ce src/ASF/sam/drivers/pmc/pmc.o
 .debug_abbrev  0x00001c8c      0x2e8 src/ASF/sam/utils/cmsis/same70/source/templates/gcc/startup_same70.o
 .debug_abbrev  0x00001f74      0x102 src/ASF/sam/utils/cmsis/same70/source/templates/system_same70.o

.debug_loc      0x00000000     0x5450
 .debug_loc     0x00000000      0x200 src/main.o
 .debug_loc     0x00000200      0x830 src/ASF/common/services/spi/sam_spi/spi_master.o
 .debug_loc     0x00000a30      0xd20 src/ASF/sam/components/display/ili9488/ili9488.o
 .debug_loc     0x00001750      0x630 src/ASF/sam/drivers/spi/spi.o
 .debug_loc     0x00001d80      0x4a0 src/ASF/common/services/clock/same70/sysclk.o
 .debug_loc     0x00002220       0xa0 src/ASF/common/utils/interrupt/interrupt_sam_nvic.o
 .debug_loc     0x000022c0      0x2fc src/ASF/sam/boards/same70_xplained/init.o
 .debug_loc     0x000025bc     0x1174 src/ASF/sam/drivers/pio/pio.o
 .debug_loc     0x00003730      0x38c src/ASF/sam/drivers/pio/pio_handler.o
 .debug_loc     0x00003abc     0x1744 src/ASF/sam/drivers/pmc/pmc.o
 .debug_loc     0x00005200      0x16c src/ASF/sam/utils/cmsis/same70/source/templates/gcc/startup_same70.o
 .debug_loc     0x0000536c       0xe4 src/ASF/sam/utils/cmsis/same70/source/templates/system_same70.o

.debug_aranges  0x00000000      0x950
 .debug_aranges
                0x00000000       0x50 src/main.o
 .debug_aranges
                0x00000050       0xe0 src/ASF/common/services/spi/sam_spi/spi_master.o
 .debug_aranges
                0x00000130      0x168 src/ASF/sam/components/display/ili9488/ili9488.o
 .debug_aranges
                0x00000298       0xa8 src/ASF/sam/drivers/spi/spi.o
 .debug_aranges
                0x00000340       0x98 src/ASF/common/services/clock/same70/sysclk.o
 .debug_aranges
                0x000003d8       0x28 src/ASF/common/utils/interrupt/interrupt_sam_nvic.o
 .debug_aranges
                0x00000400       0x68 src/ASF/sam/boards/same70_xplained/init.o
 .debug_aranges
                0x00000468      0x1a8 src/ASF/sam/drivers/pio/pio.o
 .debug_aranges
                0x00000610       0x80 src/ASF/sam/drivers/pio/pio_handler.o
 .debug_aranges
                0x00000690      0x250 src/ASF/sam/drivers/pmc/pmc.o
 .debug_aranges
                0x000008e0       0x40 src/ASF/sam/utils/cmsis/same70/source/templates/gcc/startup_same70.o
 .debug_aranges
                0x00000920       0x30 src/ASF/sam/utils/cmsis/same70/source/templates/system_same70.o

.debug_ranges   0x00000000      0x908
 .debug_ranges  0x00000000       0x40 src/main.o
 .debug_ranges  0x00000040       0xd0 src/ASF/common/services/spi/sam_spi/spi_master.o
 .debug_ranges  0x00000110      0x158 src/ASF/sam/components/display/ili9488/ili9488.o
 .debug_ranges  0x00000268       0x98 src/ASF/sam/drivers/spi/spi.o
 .debug_ranges  0x00000300       0x88 src/ASF/common/services/clock/same70/sysclk.o
 .debug_ranges  0x00000388       0x18 src/ASF/common/utils/interrupt/interrupt_sam_nvic.o
 .debug_ranges  0x000003a0       0xd0 src/ASF/sam/boards/same70_xplained/init.o
 .debug_ranges  0x00000470      0x198 src/ASF/sam/drivers/pio/pio.o
 .debug_ranges  0x00000608       0x70 src/ASF/sam/drivers/pio/pio_handler.o
 .debug_ranges  0x00000678      0x240 src/ASF/sam/drivers/pmc/pmc.o
 .debug_ranges  0x000008b8       0x30 src/ASF/sam/utils/cmsis/same70/source/templates/gcc/startup_same70.o
 .debug_ranges  0x000008e8       0x20 src/ASF/sam/utils/cmsis/same70/source/templates/system_same70.o

.debug_macro    0x00000000    0x1f0ff
 .debug_macro   0x00000000      0x7fa src/main.o
 .debug_macro   0x000007fa      0x8d4 src/main.o
 .debug_macro   0x000010ce      0x16d src/main.o
 .debug_macro   0x0000123b      0x6d7 src/main.o
 .debug_macro   0x00001912       0x76 src/main.o
 .debug_macro   0x00001988       0x16 src/main.o
 .debug_macro   0x0000199e      0x6da src/main.o
 .debug_macro   0x00002078       0x22 src/main.o
 .debug_macro   0x0000209a       0x87 src/main.o
 .debug_macro   0x00002121       0x51 src/main.o
 .debug_macro   0x00002172       0xef src/main.o
 .debug_macro   0x00002261       0x6a src/main.o
 .debug_macro   0x000022cb      0x1df src/main.o
 .debug_macro   0x000024aa       0x51 src/main.o
 .debug_macro   0x000024fb       0x3b src/main.o
 .debug_macro   0x00002536       0x2d src/main.o
 .debug_macro   0x00002563       0x26 src/main.o
 .debug_macro   0x00002589      0xf9a src/main.o
 .debug_macro   0x00003523      0x191 src/main.o
 .debug_macro   0x000036b4      0x2ee src/main.o
 .debug_macro   0x000039a2      0xa23 src/main.o
 .debug_macro   0x000043c5      0x1b4 src/main.o
 .debug_macro   0x00004579      0x35f src/main.o
 .debug_macro   0x000048d8      0x15a src/main.o
 .debug_macro   0x00004a32     0x18b3 src/main.o
 .debug_macro   0x000062e5       0x1c src/main.o
 .debug_macro   0x00006301      0x6a2 src/main.o
 .debug_macro   0x000069a3      0x27f src/main.o
 .debug_macro   0x00006c22      0x3ba src/main.o
 .debug_macro   0x00006fdc      0x4f0 src/main.o
 .debug_macro   0x000074cc      0x5cb src/main.o
 .debug_macro   0x00007a97     0x1527 src/main.o
 .debug_macro   0x00008fbe     0x2a40 src/main.o
 .debug_macro   0x0000b9fe     0x113e src/main.o
 .debug_macro   0x0000cb3c      0xcdb src/main.o
 .debug_macro   0x0000d817      0x3c6 src/main.o
 .debug_macro   0x0000dbdd       0xa0 src/main.o
 .debug_macro   0x0000dc7d       0x76 src/main.o
 .debug_macro   0x0000dcf3      0x442 src/main.o
 .debug_macro   0x0000e135       0x64 src/main.o
 .debug_macro   0x0000e199      0x299 src/main.o
 .debug_macro   0x0000e432      0x201 src/main.o
 .debug_macro   0x0000e633      0x280 src/main.o
 .debug_macro   0x0000e8b3      0x539 src/main.o
 .debug_macro   0x0000edec      0x64f src/main.o
 .debug_macro   0x0000f43b      0x6cc src/main.o
 .debug_macro   0x0000fb07       0x64 src/main.o
 .debug_macro   0x0000fb6b      0x4c4 src/main.o
 .debug_macro   0x0001002f      0x237 src/main.o
 .debug_macro   0x00010266      0xa06 src/main.o
 .debug_macro   0x00010c6c     0x14ec src/main.o
 .debug_macro   0x00012158       0x40 src/main.o
 .debug_macro   0x00012198       0x76 src/main.o
 .debug_macro   0x0001220e      0xdd1 src/main.o
 .debug_macro   0x00012fdf       0x88 src/main.o
 .debug_macro   0x00013067       0x7c src/main.o
 .debug_macro   0x000130e3       0x52 src/main.o
 .debug_macro   0x00013135      0x133 src/main.o
 .debug_macro   0x00013268      0x133 src/main.o
 .debug_macro   0x0001339b      0x133 src/main.o
 .debug_macro   0x000134ce       0x76 src/main.o
 .debug_macro   0x00013544       0x76 src/main.o
 .debug_macro   0x000135ba      0x2fe src/main.o
 .debug_macro   0x000138b8       0xca src/main.o
 .debug_macro   0x00013982       0xca src/main.o
 .debug_macro   0x00013a4c       0xca src/main.o
 .debug_macro   0x00013b16      0x13b src/main.o
 .debug_macro   0x00013c51      0x13b src/main.o
 .debug_macro   0x00013d8c      0x2cd src/main.o
 .debug_macro   0x00014059       0xbe src/main.o
 .debug_macro   0x00014117       0x64 src/main.o
 .debug_macro   0x0001417b       0x46 src/main.o
 .debug_macro   0x000141c1       0x64 src/main.o
 .debug_macro   0x00014225       0xa6 src/main.o
 .debug_macro   0x000142cb      0x4b7 src/main.o
 .debug_macro   0x00014782      0x133 src/main.o
 .debug_macro   0x000148b5       0x52 src/main.o
 .debug_macro   0x00014907      0x2fe src/main.o
 .debug_macro   0x00014c05       0x76 src/main.o
 .debug_macro   0x00014c7b       0xbe src/main.o
 .debug_macro   0x00014d39       0x70 src/main.o
 .debug_macro   0x00014da9       0x34 src/main.o
 .debug_macro   0x00014ddd      0x9b8 src/main.o
 .debug_macro   0x00015795       0x70 src/main.o
 .debug_macro   0x00015805       0x8e src/main.o
 .debug_macro   0x00015893       0x5e src/main.o
 .debug_macro   0x000158f1       0xfa src/main.o
 .debug_macro   0x000159eb       0x4c src/main.o
 .debug_macro   0x00015a37       0x4c src/main.o
 .debug_macro   0x00015a83       0x16 src/main.o
 .debug_macro   0x00015a99       0xfa src/main.o
 .debug_macro   0x00015b93       0x52 src/main.o
 .debug_macro   0x00015be5       0x16 src/main.o
 .debug_macro   0x00015bfb       0x52 src/main.o
 .debug_macro   0x00015c4d       0x2e src/main.o
 .debug_macro   0x00015c7b      0x1b3 src/main.o
 .debug_macro   0x00015e2e      0x1b3 src/main.o
 .debug_macro   0x00015fe1      0x1b3 src/main.o
 .debug_macro   0x00016194      0x1b3 src/main.o
 .debug_macro   0x00016347      0x1b3 src/main.o
 .debug_macro   0x000164fa       0x1c src/main.o
 .debug_macro   0x00016516       0x34 src/main.o
 .debug_macro   0x0001654a       0x22 src/main.o
 .debug_macro   0x0001656c       0x1c src/main.o
 .debug_macro   0x00016588       0x5e src/main.o
 .debug_macro   0x000165e6       0x10 src/main.o
 .debug_macro   0x000165f6       0x1c src/main.o
 .debug_macro   0x00016612       0x52 src/main.o
 .debug_macro   0x00016664       0x52 src/main.o
 .debug_macro   0x000166b6       0x52 src/main.o
 .debug_macro   0x00016708      0x33e src/main.o
 .debug_macro   0x00016a46     0x10ab src/main.o
 .debug_macro   0x00017af1      0x107 src/main.o
 .debug_macro   0x00017bf8       0x58 src/main.o
 .debug_macro   0x00017c50       0x35 src/main.o
 .debug_macro   0x00017c85       0x9c src/main.o
 .debug_macro   0x00017d21       0x16 src/main.o
 .debug_macro   0x00017d37       0x35 src/main.o
 .debug_macro   0x00017d6c      0x353 src/main.o
 .debug_macro   0x000180bf       0x10 src/main.o
 .debug_macro   0x000180cf       0x58 src/main.o
 .debug_macro   0x00018127       0x1f src/main.o
 .debug_macro   0x00018146       0x43 src/main.o
 .debug_macro   0x00018189       0x20 src/main.o
 .debug_macro   0x000181a9      0x187 src/main.o
 .debug_macro   0x00018330       0x10 src/main.o
 .debug_macro   0x00018340       0x1c src/main.o
 .debug_macro   0x0001835c       0x52 src/main.o
 .debug_macro   0x000183ae       0x40 src/main.o
 .debug_macro   0x000183ee       0x10 src/main.o
 .debug_macro   0x000183fe       0x40 src/main.o
 .debug_macro   0x0001843e       0xd7 src/main.o
 .debug_macro   0x00018515       0x16 src/main.o
 .debug_macro   0x0001852b      0x18b src/main.o
 .debug_macro   0x000186b6       0x22 src/main.o
 .debug_macro   0x000186d8       0x16 src/main.o
 .debug_macro   0x000186ee       0x16 src/main.o
 .debug_macro   0x00018704       0x29 src/main.o
 .debug_macro   0x0001872d       0x73 src/main.o
 .debug_macro   0x000187a0       0x3e src/main.o
 .debug_macro   0x000187de      0x3ca src/main.o
 .debug_macro   0x00018ba8       0x3a src/main.o
 .debug_macro   0x00018be2      0x2c3 src/main.o
 .debug_macro   0x00018ea5      0xa91 src/main.o
 .debug_macro   0x00019936       0x70 src/main.o
 .debug_macro   0x000199a6       0x64 src/main.o
 .debug_macro   0x00019a0a       0x5f src/main.o
 .debug_macro   0x00019a69       0xac src/main.o
 .debug_macro   0x00019b15       0x28 src/main.o
 .debug_macro   0x00019b3d       0x22 src/main.o
 .debug_macro   0x00019b5f       0x16 src/main.o
 .debug_macro   0x00019b75      0x41e src/main.o
 .debug_macro   0x00019f93       0x94 src/main.o
 .debug_macro   0x0001a027       0x40 src/main.o
 .debug_macro   0x0001a067       0x88 src/main.o
 .debug_macro   0x0001a0ef      0x1c8 src/main.o
 .debug_macro   0x0001a2b7       0x34 src/main.o
 .debug_macro   0x0001a2eb       0x16 src/main.o
 .debug_macro   0x0001a301       0x1c src/main.o
 .debug_macro   0x0001a31d       0x16 src/main.o
 .debug_macro   0x0001a333       0x28 src/main.o
 .debug_macro   0x0001a35b       0x2e src/main.o
 .debug_macro   0x0001a389      0x733 src/ASF/common/services/spi/sam_spi/spi_master.o
 .debug_macro   0x0001aabc      0x772 src/ASF/sam/components/display/ili9488/ili9488.o
 .debug_macro   0x0001b22e       0x16 src/ASF/sam/components/display/ili9488/ili9488.o
 .debug_macro   0x0001b244       0x16 src/ASF/sam/components/display/ili9488/ili9488.o
 .debug_macro   0x0001b25a      0x6fb src/ASF/sam/drivers/spi/spi.o
 .debug_macro   0x0001b955       0x10 src/ASF/sam/drivers/spi/spi.o
 .debug_macro   0x0001b965      0x6f2 src/ASF/common/services/clock/same70/sysclk.o
 .debug_macro   0x0001c057      0x2bd src/ASF/common/services/clock/same70/sysclk.o
 .debug_macro   0x0001c314      0x676 src/ASF/common/utils/interrupt/interrupt_sam_nvic.o
 .debug_macro   0x0001c98a      0x72e src/ASF/sam/boards/same70_xplained/init.o
 .debug_macro   0x0001d0b8       0x16 src/ASF/sam/boards/same70_xplained/init.o
 .debug_macro   0x0001d0ce       0x82 src/ASF/sam/boards/same70_xplained/init.o
 .debug_macro   0x0001d150      0x68c src/ASF/sam/drivers/pio/pio.o
 .debug_macro   0x0001d7dc       0x8e src/ASF/sam/drivers/pio/pio.o
 .debug_macro   0x0001d86a      0x697 src/ASF/sam/drivers/pio/pio_handler.o
 .debug_macro   0x0001df01      0x68c src/ASF/sam/drivers/pmc/pmc.o
 .debug_macro   0x0001e58d       0x6a src/ASF/sam/drivers/pmc/pmc.o
 .debug_macro   0x0001e5f7      0x685 src/ASF/sam/utils/cmsis/same70/source/templates/gcc/startup_same70.o
 .debug_macro   0x0001ec7c       0x10 src/ASF/sam/utils/cmsis/same70/source/templates/gcc/startup_same70.o
 .debug_macro   0x0001ec8c      0x473 src/ASF/sam/utils/cmsis/same70/source/templates/system_same70.o

.debug_line     0x00000000     0x9d04
 .debug_line    0x00000000      0xe60 src/main.o
 .debug_line    0x00000e60      0xdd7 src/ASF/common/services/spi/sam_spi/spi_master.o
 .debug_line    0x00001c37     0x1216 src/ASF/sam/components/display/ili9488/ili9488.o
 .debug_line    0x00002e4d      0xcbe src/ASF/sam/drivers/spi/spi.o
 .debug_line    0x00003b0b      0xc89 src/ASF/common/services/clock/same70/sysclk.o
 .debug_line    0x00004794      0xa2a src/ASF/common/utils/interrupt/interrupt_sam_nvic.o
 .debug_line    0x000051be      0xd9a src/ASF/sam/boards/same70_xplained/init.o
 .debug_line    0x00005f58      0xe39 src/ASF/sam/drivers/pio/pio.o
 .debug_line    0x00006d91      0xb3a src/ASF/sam/drivers/pio/pio_handler.o
 .debug_line    0x000078cb     0x1116 src/ASF/sam/drivers/pmc/pmc.o
 .debug_line    0x000089e1      0xae2 src/ASF/sam/utils/cmsis/same70/source/templates/gcc/startup_same70.o
 .debug_line    0x000094c3      0x841 src/ASF/sam/utils/cmsis/same70/source/templates/system_same70.o

.debug_str      0x00000000    0x936dd
 .debug_str     0x00000000    0x90863 src/main.o
                              0x918b5 (size before relaxing)
 .debug_str     0x00090863      0x64a src/ASF/common/services/spi/sam_spi/spi_master.o
                              0x8cf2f (size before relaxing)
 .debug_str     0x00090ead      0x6f6 src/ASF/sam/components/display/ili9488/ili9488.o
                              0x8eb07 (size before relaxing)
 .debug_str     0x000915a3      0x20e src/ASF/sam/drivers/spi/spi.o
                              0x8cb3c (size before relaxing)
 .debug_str     0x000917b1      0x484 src/ASF/common/services/clock/same70/sysclk.o
                              0x8cc37 (size before relaxing)
 .debug_str     0x00091c35       0x94 src/ASF/common/utils/interrupt/interrupt_sam_nvic.o
                              0x88544 (size before relaxing)
 .debug_str     0x00091cc9      0x55a src/ASF/sam/boards/same70_xplained/init.o
                              0x8d6f6 (size before relaxing)
 .debug_str     0x00092223      0x51d src/ASF/sam/drivers/pio/pio.o
                              0x890a6 (size before relaxing)
 .debug_str     0x00092740      0x116 src/ASF/sam/drivers/pio/pio_handler.o
                              0x8926d (size before relaxing)
 .debug_str     0x00092856      0x63d src/ASF/sam/drivers/pmc/pmc.o
                              0x89235 (size before relaxing)
 .debug_str     0x00092e93      0x713 src/ASF/sam/utils/cmsis/same70/source/templates/gcc/startup_same70.o
                              0x88ddd (size before relaxing)
 .debug_str     0x000935a6      0x137 src/ASF/sam/utils/cmsis/same70/source/templates/system_same70.o
                              0x7847d (size before relaxing)

.debug_frame    0x00000000     0x28d0
 .debug_frame   0x00000000      0x110 src/main.o
 .debug_frame   0x00000110      0x3c0 src/ASF/common/services/spi/sam_spi/spi_master.o
 .debug_frame   0x000004d0      0x63c src/ASF/sam/components/display/ili9488/ili9488.o
 .debug_frame   0x00000b0c      0x2c8 src/ASF/sam/drivers/spi/spi.o
 .debug_frame   0x00000dd4      0x240 src/ASF/common/services/clock/same70/sysclk.o
 .debug_frame   0x00001014       0x58 src/ASF/common/utils/interrupt/interrupt_sam_nvic.o
 .debug_frame   0x0000106c      0x178 src/ASF/sam/boards/same70_xplained/init.o
 .debug_frame   0x000011e4      0x7c0 src/ASF/sam/drivers/pio/pio.o
 .debug_frame   0x000019a4      0x1d0 src/ASF/sam/drivers/pio/pio_handler.o
 .debug_frame   0x00001b74      0xa68 src/ASF/sam/drivers/pmc/pmc.o
 .debug_frame   0x000025dc       0xbc src/ASF/sam/utils/cmsis/same70/source/templates/gcc/startup_same70.o
 .debug_frame   0x00002698       0x78 src/ASF/sam/utils/cmsis/same70/source/templates/system_same70.o
 .debug_frame   0x00002710       0x2c c:/program files (x86)/atmel/studio/7.0/toolchain/arm/arm-gnu-toolchain/bin/../lib/gcc/arm-none-eabi/6.3.1/../../../../arm-none-eabi/lib/thumb/v7e-m\libc.a(lib_a-init.o)
 .debug_frame   0x0000273c       0x5c c:/program files (x86)/atmel/studio/7.0/toolchain/arm/arm-gnu-toolchain/bin/../lib/gcc/arm-none-eabi/6.3.1/../../../../arm-none-eabi/lib/thumb/v7e-m\libc.a(lib_a-__call_atexit.o)
 .debug_frame   0x00002798       0x20 c:/program files (x86)/atmel/studio/7.0/toolchain/arm/arm-gnu-toolchain/bin/../lib/gcc/arm-none-eabi/6.3.1/../../../../arm-none-eabi/lib/thumb/v7e-m\libc.a(lib_a-atexit.o)
 .debug_frame   0x000027b8       0x34 c:/program files (x86)/atmel/studio/7.0/toolchain/arm/arm-gnu-toolchain/bin/../lib/gcc/arm-none-eabi/6.3.1/../../../../arm-none-eabi/lib/thumb/v7e-m\libc.a(lib_a-fini.o)
 .debug_frame   0x000027ec       0xb0 c:/program files (x86)/atmel/studio/7.0/toolchain/arm/arm-gnu-toolchain/bin/../lib/gcc/arm-none-eabi/6.3.1/../../../../arm-none-eabi/lib/thumb/v7e-m\libc.a(lib_a-lock.o)
 .debug_frame   0x0000289c       0x34 c:/program files (x86)/atmel/studio/7.0/toolchain/arm/arm-gnu-toolchain/bin/../lib/gcc/arm-none-eabi/6.3.1/../../../../arm-none-eabi/lib/thumb/v7e-m\libc.a(lib_a-__atexit.o)

Cross Reference Table

Symbol                                            File
ACC_Handler                                       src/ASF/sam/utils/cmsis/same70/source/templates/gcc/startup_same70.o
AES_Handler                                       src/ASF/sam/utils/cmsis/same70/source/templates/gcc/startup_same70.o
AFEC0_Handler                                     src/ASF/sam/utils/cmsis/same70/source/templates/gcc/startup_same70.o
AFEC1_Handler                                     src/ASF/sam/utils/cmsis/same70/source/templates/gcc/startup_same70.o
BUT_init                                          src/main.o
BusFault_Handler                                  src/ASF/sam/utils/cmsis/same70/source/templates/gcc/startup_same70.o
CCF_Handler                                       src/ASF/sam/utils/cmsis/same70/source/templates/gcc/startup_same70.o
CCW_Handler                                       src/ASF/sam/utils/cmsis/same70/source/templates/gcc/startup_same70.o
DACC_Handler                                      src/ASF/sam/utils/cmsis/same70/source/templates/gcc/startup_same70.o
DebugMon_Handler                                  src/ASF/sam/utils/cmsis/same70/source/templates/gcc/startup_same70.o
Dummy_Handler                                     src/ASF/sam/utils/cmsis/same70/source/templates/gcc/startup_same70.o
EFC_Handler                                       src/ASF/sam/utils/cmsis/same70/source/templates/gcc/startup_same70.o
FPU_Handler                                       src/ASF/sam/utils/cmsis/same70/source/templates/gcc/startup_same70.o
GMAC_Handler                                      src/ASF/sam/utils/cmsis/same70/source/templates/gcc/startup_same70.o
GMAC_Q1_Handler                                   src/ASF/sam/utils/cmsis/same70/source/templates/gcc/startup_same70.o
GMAC_Q2_Handler                                   src/ASF/sam/utils/cmsis/same70/source/templates/gcc/startup_same70.o
GMAC_Q3_Handler                                   src/ASF/sam/utils/cmsis/same70/source/templates/gcc/startup_same70.o
GMAC_Q4_Handler                                   src/ASF/sam/utils/cmsis/same70/source/templates/gcc/startup_same70.o
GMAC_Q5_Handler                                   src/ASF/sam/utils/cmsis/same70/source/templates/gcc/startup_same70.o
HSMCI_Handler                                     src/ASF/sam/utils/cmsis/same70/source/templates/gcc/startup_same70.o
HardFault_Handler                                 src/ASF/sam/utils/cmsis/same70/source/templates/gcc/startup_same70.o
I2SC0_Handler                                     src/ASF/sam/utils/cmsis/same70/source/templates/gcc/startup_same70.o
I2SC1_Handler                                     src/ASF/sam/utils/cmsis/same70/source/templates/gcc/startup_same70.o
ICM_Handler                                       src/ASF/sam/utils/cmsis/same70/source/templates/gcc/startup_same70.o
ISI_Handler                                       src/ASF/sam/utils/cmsis/same70/source/templates/gcc/startup_same70.o
IXC_Handler                                       src/ASF/sam/utils/cmsis/same70/source/templates/gcc/startup_same70.o
MCAN0_INT0_Handler                                src/ASF/sam/utils/cmsis/same70/source/templates/gcc/startup_same70.o
MCAN0_INT1_Handler                                src/ASF/sam/utils/cmsis/same70/source/templates/gcc/startup_same70.o
MCAN1_INT0_Handler                                src/ASF/sam/utils/cmsis/same70/source/templates/gcc/startup_same70.o
MCAN1_INT1_Handler                                src/ASF/sam/utils/cmsis/same70/source/templates/gcc/startup_same70.o
MemManage_Handler                                 src/ASF/sam/utils/cmsis/same70/source/templates/gcc/startup_same70.o
NMI_Handler                                       src/ASF/sam/utils/cmsis/same70/source/templates/gcc/startup_same70.o
PIOA_Handler                                      src/ASF/sam/drivers/pio/pio_handler.o
PIOB_Handler                                      src/ASF/sam/drivers/pio/pio_handler.o
PIOC_Handler                                      src/ASF/sam/drivers/pio/pio_handler.o
PIOD_Handler                                      src/ASF/sam/drivers/pio/pio_handler.o
PIOE_Handler                                      src/ASF/sam/drivers/pio/pio_handler.o
PMC_Handler                                       src/ASF/sam/utils/cmsis/same70/source/templates/gcc/startup_same70.o
PWM0_Handler                                      src/ASF/sam/utils/cmsis/same70/source/templates/gcc/startup_same70.o
PWM1_Handler                                      src/ASF/sam/utils/cmsis/same70/source/templates/gcc/startup_same70.o
PendSV_Handler                                    src/ASF/sam/utils/cmsis/same70/source/templates/gcc/startup_same70.o
QSPI_Handler                                      src/ASF/sam/utils/cmsis/same70/source/templates/gcc/startup_same70.o
RSTC_Handler                                      src/ASF/sam/utils/cmsis/same70/source/templates/gcc/startup_same70.o
RSWDT_Handler                                     src/ASF/sam/utils/cmsis/same70/source/templates/gcc/startup_same70.o
RTC_Handler                                       src/ASF/sam/utils/cmsis/same70/source/templates/gcc/startup_same70.o
RTT_Handler                                       src/ASF/sam/utils/cmsis/same70/source/templates/gcc/startup_same70.o
Reset_Handler                                     src/ASF/sam/utils/cmsis/same70/source/templates/gcc/startup_same70.o
SDRAMC_Handler                                    src/ASF/sam/utils/cmsis/same70/source/templates/gcc/startup_same70.o
SPI0_Handler                                      src/ASF/sam/utils/cmsis/same70/source/templates/gcc/startup_same70.o
SPI1_Handler                                      src/ASF/sam/utils/cmsis/same70/source/templates/gcc/startup_same70.o
SSC_Handler                                       src/ASF/sam/utils/cmsis/same70/source/templates/gcc/startup_same70.o
SUPC_Handler                                      src/ASF/sam/utils/cmsis/same70/source/templates/gcc/startup_same70.o
SVC_Handler                                       src/ASF/sam/utils/cmsis/same70/source/templates/gcc/startup_same70.o
SysTick_Handler                                   src/ASF/sam/utils/cmsis/same70/source/templates/gcc/startup_same70.o
SystemCoreClock                                   src/ASF/sam/utils/cmsis/same70/source/templates/system_same70.o
SystemCoreClockUpdate                             src/ASF/sam/utils/cmsis/same70/source/templates/system_same70.o
                                                  src/ASF/common/services/clock/same70/sysclk.o
SystemInit                                        src/ASF/sam/utils/cmsis/same70/source/templates/system_same70.o
TC0_Handler                                       src/ASF/sam/utils/cmsis/same70/source/templates/gcc/startup_same70.o
TC10_Handler                                      src/ASF/sam/utils/cmsis/same70/source/templates/gcc/startup_same70.o
TC11_Handler                                      src/ASF/sam/utils/cmsis/same70/source/templates/gcc/startup_same70.o
TC1_Handler                                       src/ASF/sam/utils/cmsis/same70/source/templates/gcc/startup_same70.o
TC2_Handler                                       src/ASF/sam/utils/cmsis/same70/source/templates/gcc/startup_same70.o
TC3_Handler                                       src/ASF/sam/utils/cmsis/same70/source/templates/gcc/startup_same70.o
TC4_Handler                                       src/ASF/sam/utils/cmsis/same70/source/templates/gcc/startup_same70.o
TC5_Handler                                       src/ASF/sam/utils/cmsis/same70/source/templates/gcc/startup_same70.o
TC6_Handler                                       src/ASF/sam/utils/cmsis/same70/source/templates/gcc/startup_same70.o
TC7_Handler                                       src/ASF/sam/utils/cmsis/same70/source/templates/gcc/startup_same70.o
TC8_Handler                                       src/ASF/sam/utils/cmsis/same70/source/templates/gcc/startup_same70.o
TC9_Handler                                       src/ASF/sam/utils/cmsis/same70/source/templates/gcc/startup_same70.o
TRNG_Handler                                      src/ASF/sam/utils/cmsis/same70/source/templates/gcc/startup_same70.o
TWIHS0_Handler                                    src/ASF/sam/utils/cmsis/same70/source/templates/gcc/startup_same70.o
TWIHS1_Handler                                    src/ASF/sam/utils/cmsis/same70/source/templates/gcc/startup_same70.o
TWIHS2_Handler                                    src/ASF/sam/utils/cmsis/same70/source/templates/gcc/startup_same70.o
UART0_Handler                                     src/ASF/sam/utils/cmsis/same70/source/templates/gcc/startup_same70.o
UART1_Handler                                     src/ASF/sam/utils/cmsis/same70/source/templates/gcc/startup_same70.o
UART2_Handler                                     src/ASF/sam/utils/cmsis/same70/source/templates/gcc/startup_same70.o
UART3_Handler                                     src/ASF/sam/utils/cmsis/same70/source/templates/gcc/startup_same70.o
UART4_Handler                                     src/ASF/sam/utils/cmsis/same70/source/templates/gcc/startup_same70.o
USART0_Handler                                    src/ASF/sam/utils/cmsis/same70/source/templates/gcc/startup_same70.o
USART1_Handler                                    src/ASF/sam/utils/cmsis/same70/source/templates/gcc/startup_same70.o
USART2_Handler                                    src/ASF/sam/utils/cmsis/same70/source/templates/gcc/startup_same70.o
USBHS_Handler                                     src/ASF/sam/utils/cmsis/same70/source/templates/gcc/startup_same70.o
UsageFault_Handler                                src/ASF/sam/utils/cmsis/same70/source/templates/gcc/startup_same70.o
WDT_Handler                                       src/ASF/sam/utils/cmsis/same70/source/templates/gcc/startup_same70.o
XDMAC_Handler                                     src/ASF/sam/utils/cmsis/same70/source/templates/gcc/startup_same70.o
_Jv_RegisterClasses                               c:/program files (x86)/atmel/studio/7.0/toolchain/arm/arm-gnu-toolchain/bin/../lib/gcc/arm-none-eabi/6.3.1/thumb/v7e-m/crtbegin.o